<html>
<body>
<pre>
<h1>µVision Build Log</h1>
<h2>Tool Versions:</h2>
IDE-Version: µVision V5.38.0.0
Copyright (C) 2022 ARM Ltd and ARM Germany GmbH. All rights reserved.
License Information: 123 321sdds, sdf, LIC=UJWP0-BQ2N2-RASDM-X7QYY-TF58V-7QI1L
 
Tool Versions:
Toolchain:       MDK-ARM Plus  Version: 5.38.0.0
Toolchain Path:  E:\Program Files\Keil_v5\ARM\ARMCLANG\Bin
C Compiler:      ArmClang.exe V6.19
Assembler:       Armasm.exe V6.19
Linker/Locator:  ArmLink.exe V6.19
Library Manager: ArmAr.exe V6.19
Hex Converter:   FromElf.exe V6.19
CPU DLL:         SARMCM3.DLL V5.38.0.0
Dialog DLL:      DARMCM1.DLL V1.19.6.0
Target DLL:      DbgCM.dll V1.3.2.0
Dialog DLL:      TARMCM1.DLL V1.14.6.0
 
<h2>Project:</h2>
E:\IVELSY\mg32-SKUD\TMC.uvprojx
Project File Date:  06/26/2023

<h2>Output:</h2>
*** Using Compiler 'V6.19', folder: 'E:\Program Files\Keil_v5\ARM\ARMCLANG\Bin'
Build target 'Target 1'
compiling bus.c...
linking...
Program Size: Code=12442 RO-data=534 RW-data=340 ZI-data=2168  
FromELF: creating hex file...
".\Objects\TMC.axf" - 0 Error(s), 0 Warning(s).

<h2>Software Packages used:</h2>

Package Vendor: ARM
                http://www.keil.com/pack/ARM.CMSIS.5.9.0.pack
                ARM.CMSIS.5.9.0
                CMSIS (Common Microcontroller Software Interface Standard)
   * Component: CORE Version: 5.6.0

Package Vendor: Megawin
                http://www.megawin.com.tw/upload/media/MCU32/megawinDFP/Megawin.CM0_DFP.4.1.0.pack
                Megawin.CM0_DFP.4.1.0
                Megawin ARM Cortex-M0 MG32x02z Device Support
   * Component: CSC Version: 1.0.4
   * Component: Startup Version: 1.0.4
   * Component: Driver-All Version: 1.0.2

<h2>Collection of Component include folders:</h2>
  ./RTE/ChipInit_Wizard/MG32F02A032
  ./RTE/Device/MG32F02A032
  ./RTE/_Target_1
  E:/Program Files/Keil_v5/Packs/ARM/CMSIS/5.9.0/CMSIS/Core/Include
  E:/Program Files/Keil_v5/Packs/Megawin/CM0_DFP/4.1.0/Device/MG32x02z/Common/Startup
  E:/Program Files/Keil_v5/Packs/Megawin/CM0_DFP/4.1.0/Device/MG32x02z/MG32F02A032/Include
  E:/Program Files/Keil_v5/Packs/Megawin/CM0_DFP/4.1.0/Device/MG32x02z/MG32F02A032/MG32x02z_ConfigerWizard/Include
  E:/Program Files/Keil_v5/Packs/Megawin/CM0_DFP/4.1.0/Device/MG32x02z/MG32F02A_Driver/Include
  E:/Program Files/Keil_v5/Packs/Megawin/CM0_DFP/4.1.0/Sample/Driver/Include

<h2>Collection of Component Files used:</h2>

   * Component: ARM::CMSIS:CORE:5.6.0

   * Component: Megawin::ChipInit_Wizard:CSC:1.0.4
      Include file:  Device/MG32x02z/Common/Initial/Include/MG32x02z_ChipInit.h
      Source file:   Device/MG32x02z/Common/Initial/Source/MG32x02z_ChipInit.c
      Include file:  Device/MG32x02z/Package/MG32F02A032/MG32x02z_CSC_Init.h
      Source file:   Device/MG32x02z/Common/Initial/Source/MG32x02z_CSC_Init.c

   * Component: Megawin::Device:Startup:1.0.4
      Include file:  Device/MG32x02z/Common/Startup/system_MG32x02z.h
      Source file:   Device/MG32x02z/Common/Startup/system_MG32x02z.c
      Source file:   Sample/Driver/Source/Sample_Show_UID.c
      Source file:   Device/MG32x02z/Common/Startup/startup_MG32x02z.s
      Include file:  Device/MG32x02z/MG32F02A132/Include/MG32x02z_Ex.h
      Source file:   Sample/Driver/Source/Sample_main_wizard.c

   * Component: Megawin::Driver:Driver-All:1.0.2
      Source file:   Sample/Driver/Source/Sample_SysTick_Init.c
      Source file:   Sample/Driver/Source/Sample_CMP_WakeupFromSTOPMode.c
      Source file:   Sample/Driver/Source/Sample_IR_Receive.c
      Source file:   Sample/Driver/Source/Sample_Retarget.c
      Source file:   Sample/Driver/Source/Sample_CMP_Init.c
      Source file:   Sample/Driver/Source/Sample_CSC_XOSC_Init.c
      Source file:   Sample/Driver/Source/Sample_CSC_PLL_Init.c
      Source file:   Sample/Driver/Source/Sample_DMA_M2M.c
      Source file:   Sample/Driver/Source/Sample_EXIC_Init.c
      Source file:   Device/MG32x02z/MG32F02A_Driver/Source/MG32x02z_GPL_DRV.c
      Source file:   Device/MG32x02z/MG32F02A_Driver/Source/MG32x02z_GPIO_DRV.c
      Source file:   Device/MG32x02z/MG32F02A_Driver/Source/MG32x02z_CSC_DRV.c
      Source file:   Device/MG32x02z/MG32F02A_Driver/Source/MG32x02z_I2C_DRV.c
      Source file:   Sample/Driver/Source/Sample_I2C_ByteMode.c
      Source file:   Device/MG32x02z/MG32F02A_Driver/Source/MG32x02z_EXIC_DRV.c
      Source file:   Sample/Driver/Source/Sample_I2C_withDMA.c
      Source file:   Sample/Driver/Source/Sample_I2C_Filter.c
      Source file:   Device/MG32x02z/MG32F02A_Driver/Source/MG32x02z_DMA_DRV.c
      Source file:   Device/MG32x02z/MG32F02A_Driver/Source/MG32x02z_IWDT_DRV.c
      Source file:   Sample/Driver/Source/Sample_CMP_WakeupFromSLEEPMode.c
      Source file:   Sample/Driver/Source/Sample_DMA.c
      Source file:   Sample/Driver/Source/Sample_GPIO_Init.c
      Source file:   Sample/Driver/Source/Sample_I2C_ColorSensor_TCS34725.c
      Source file:   Sample/Driver/Source/Sample_CSC_EXTCK_Init.c
      Source file:   Sample/Driver/Source/Sample_IWDT_Init.c
      Source file:   Device/MG32x02z/MG32F02A_Driver/Source/MG32x02z_CMP_DRV.c
      Source file:   Sample/Driver/Source/Sample_I2C_ByteMode_Simple.c
      Source file:   Sample/Driver/Source/Sample_IWDT_GeneralTimer.c
      Source file:   Sample/Driver/Source/Sample_GPL_CRC.c
      Source file:   Sample/Driver/Source/Sample_MEM_FlashAccess.c
      Source file:   Device/MG32x02z/MG32F02A_Driver/Source/MG32x02z_PW_DRV.c
      Source file:   Device/MG32x02z/MG32F02A_Driver/Source/MG32x02z_MEM_DRV.c
      Source file:   Sample/Driver/Source/Sample_RTC_GeneralTimer.c
      Source file:   Sample/Driver/Source/Sample_SPI_Master_StandardSPI_DMA_M2P.c
      Source file:   Device/MG32x02z/MG32F02A_Driver/Source/MG32x02z_RTC_DRV.c
      Source file:   Sample/Driver/Source/Sample_SPI_Master_StandardSPI_DMA_P2M.c
      Source file:   Device/MG32x02z/MG32F02A_Driver/Source/MG32x02z_SPI_DRV.c
      Source file:   Sample/Driver/Source/Sample_SPI_Master_StandardSPI_IT_Receive.c
      Source file:   Device/MG32x02z/MG32F02A_Driver/Source/MG32x02z_TM_DRV.c
      Source file:   Sample/Driver/Source/Sample_SPI_Flash.c
      Source file:   Sample/Driver/Source/Sample_TM01_TRGO_UEV.c
      Source file:   Sample/Driver/Source/Sample_SPI_Slave_StandardSPI_DMA_P2M.c
      Source file:   Sample/Driver/Source/Sample_TM36_PWM.c
      Source file:   Sample/Driver/Source/Sample_RTC_PerpetualCalendar.c
      Source file:   Sample/Driver/Source/Sample_TM36_IC3_DMA.c
      Source file:   Device/MG32x02z/MG32F02A_Driver/Source/MG32x02z_URT_DRV.c
      Source file:   Sample/Driver/Source/Sample_RTC_Init.c
      Source file:   Sample/Driver/Source/Sample_SPI_Slave_StandardSPI.c
      Source file:   Sample/Driver/Source/Sample_TM20_Capture.c
      Source file:   Device/MG32x02z/MG32F02A_Driver/Source/MG32x02z_SYS_DRV.c
      Source file:   Sample/Driver/Source/Sample_TM10_ClockOut.c
      Source file:   Sample/Driver/Source/Sample_PW_BODx.c
      Source file:   Sample/Driver/Source/Sample_RST_TriggerReset.c
      Source file:   Sample/Driver/Source/Sample_SPI_Master_StandardSPI.c
      Source file:   Sample/Driver/Source/Sample_RST_DetectResetEvent.c
      Source file:   Sample/Driver/Source/Sample_SPI_Master_DPI.c
      Source file:   Sample/Driver/Source/Sample_SPI_TemperatureDetector.c
      Source file:   Sample/Driver/Source/Sample_SPI_Master_OPI_PSRAM.c
      Source file:   Device/MG32x02z/MG32F02A_Driver/Source/MG32x02z_RST_DRV.c
      Source file:   Sample/Driver/Source/Sample_SPI_Slave_StandardSPI_DMA_M2P.c
      Source file:   Sample/Driver/Source/Sample_SPI_Master_QPI.c
      Source file:   Sample/Driver/Source/Sample_TM00_Delay.c
      Source file:   Sample/Driver/Source/Sample_TM16_AutoStop.c
      Source file:   Sample/Driver/Source/Sample_TM26_OC.c
      Source file:   Sample/Driver/Source/Sample_RTC_WakeupFromSLEEPMode.c
      Source file:   Sample/Driver/Source/Sample_RTC_WakeupFromSTOPMode.c
      Source file:   Device/MG32x02z/MG32F02A_Driver/Source/MG32x02z_ADC_DRV.c
      Source file:   Sample/Driver/Source/Sample_Enter_STOP_SLEEP_Mode.c
      Source file:   Sample/Driver/Source/Sample_ADC_Conversion.c
      Source file:   Sample/Driver/Source/Sample_ADC_GetVrefVoltage.c
      Source file:   Device/MG32x02z/MG32F02A_Driver/Source/MG32x02z__Common_DRV.c
      Source file:   Sample/Driver/Source/Sample_IR_Transmit.c
      Source file:   Device/MG32x02z/MG32F02A_Driver/Source/MG32x02z_CFG_DRV.c
      Source file:   Device/MG32x02z/MG32F02A_Driver/Source/MG32x02z_CM0_DRV.c
      Source file:   Device/MG32x02z/MG32F02A_Driver/Source/MG32x02z_APB_DRV.c
      Source file:   Sample/Driver/Source/Sample_URT1_UART_Init.c
      Source file:   Sample/Driver/Source/Sample_URT0_UART_Init.c
      Source file:   Sample/Driver/Source/Sample_WWDT_Init.c
      Source file:   Sample/Driver/Source/Sample_URT0_SPIFlash.c
      Source file:   Sample/Driver/Source/Sample_WWDT_GeneralTimer.c
      Source file:   Sample/Driver/Source/Sample_URT2_UART_Init.c
      Source file:   Sample/Driver/Source/Sample_URT0_SPIMasterMode_TxRx.c
      Source file:   Sample/Driver/Source/Sample_URT3_UART_Init.c
      Source file:   Device/MG32x02z/MG32F02A_Driver/Source/MG32x02z_WWDT_DRV.c
      Source file:   Sample/Driver/Source/Sample_URT0_RXIdleReload_IT.c
      Source file:   Sample/Driver/Source/Sample_URT0_UART_DMA.c
Build Time Elapsed:  00:00:01
</pre>
</body>
</html>
