Component: ARM Compiler 6.16 Tool: armlink [5dfeaa00]

==============================================================================

Section Cross References

    main.o(.text.main) refers to mg32x02z_chipinit.o(.text.ChipInit) for ChipInit
    main.o(.text.main) refers to wdt.o(.text.wdt_disable) for wdt_disable
    main.o(.text.main) refers to iap.o(.text.IAP_Init) for IAP_Init
    main.o(.text.main) refers to mg32x02z_tm_drv.o(.text.TM_Timer_Cmd) for TM_Timer_Cmd
    main.o(.text.main) refers to mg32x02z_tm_drv.o(.text.TM_IT_Config) for TM_IT_Config
    main.o(.text.main) refers to mg32x02z_tm_drv.o(.text.TM_ITEA_Cmd) for TM_ITEA_Cmd
    main.o(.text.main) refers to mg32x02z_tm_drv.o(.text.TM_ClearFlag) for TM_ClearFlag
    main.o(.text.main) refers to mg32x02z_urt_drv.o(.text.URT_Cmd) for URT_Cmd
    main.o(.text.main) refers to mg32x02z_urt_drv.o(.text.URT_IT_Config) for URT_IT_Config
    main.o(.text.main) refers to mg32x02z_urt_drv.o(.text.URT_ITEA_Cmd) for URT_ITEA_Cmd
    main.o(.text.main) refers to keys.o(.text.CopyFlash) for CopyFlash
    main.o(.text.main) refers to keys.o(.text.FillFlash) for FillFlash
    main.o(.text.main) refers to usart.o(.text.URT_WriteWord) for URT_WriteWord
    main.o(.text.main) refers to keys.o(.text.DS1990_GetID) for DS1990_GetID
    main.o(.text.main) refers to keys.o(.text.RemoveKey) for RemoveKey
    main.o(.text.main) refers to timers.o(.text.delay_ms) for delay_ms
    main.o(.text.main) refers to keys.o(.bss.keyCurrent) for keyCurrent
    main.o(.ARM.exidx.text.main) refers to main.o(.text.main) for [Anonymous Symbol]
    prsm3.o(.text.PRSM3AddNewByte) refers to mg32x02z_urt_drv.o(.text.URT_GetRXData) for URT_GetRXData
    prsm3.o(.text.PRSM3AddNewByte) refers to mg32x02z_tm_drv.o(.text.TM_Timer_Cmd) for TM_Timer_Cmd
    prsm3.o(.text.PRSM3AddNewByte) refers to prsm3.o(.bss.MessLen) for MessLen
    prsm3.o(.text.PRSM3AddNewByte) refers to prsm3.o(.bss.iptr) for iptr
    prsm3.o(.text.PRSM3AddNewByte) refers to prsm3.o(.bss.RecBytes) for RecBytes
    prsm3.o(.ARM.exidx.text.PRSM3AddNewByte) refers to prsm3.o(.text.PRSM3AddNewByte) for [Anonymous Symbol]
    prsm3.o(.text.PRSM3ReceiveLineComplete) refers to mg32x02z_tm_drv.o(.text.TM_Timer_Cmd) for TM_Timer_Cmd
    prsm3.o(.text.PRSM3ReceiveLineComplete) refers to timers.o(.text.delay_ms) for delay_ms
    prsm3.o(.text.PRSM3ReceiveLineComplete) refers to crc.o(.text.CRCisWrong) for CRCisWrong
    prsm3.o(.text.PRSM3ReceiveLineComplete) refers to prsm3.o(.text.ReturnReply) for ReturnReply
    prsm3.o(.text.PRSM3ReceiveLineComplete) refers to keys.o(.text.RemoveKey) for RemoveKey
    prsm3.o(.text.PRSM3ReceiveLineComplete) refers to keys.o(.text.AddKey) for AddKey
    prsm3.o(.text.PRSM3ReceiveLineComplete) refers to memseta.o(.text) for __aeabi_memclr
    prsm3.o(.text.PRSM3ReceiveLineComplete) refers to flash.o(.text.GetBlocksLeft) for GetBlocksLeft
    prsm3.o(.text.PRSM3ReceiveLineComplete) refers to prsm3.o(.bss.MessLen) for MessLen
    prsm3.o(.text.PRSM3ReceiveLineComplete) refers to prsm3.o(.bss.usUsart) for usUsart
    prsm3.o(.text.PRSM3ReceiveLineComplete) refers to prsm3.o(.bss.iptr) for iptr
    prsm3.o(.text.PRSM3ReceiveLineComplete) refers to prsm3.o(.bss.CommandSize) for CommandSize
    prsm3.o(.text.PRSM3ReceiveLineComplete) refers to prsm3.o(.bss.RecBytes) for RecBytes
    prsm3.o(.text.PRSM3ReceiveLineComplete) refers to keys.o(.bss.keyCurrent) for keyCurrent
    prsm3.o(.text.PRSM3ReceiveLineComplete) refers to flash.o(.bss.CurLastBlockPos) for CurLastBlockPos
    prsm3.o(.text.PRSM3ReceiveLineComplete) refers to flash.o(.bss.cfg) for cfg
    prsm3.o(.text.PRSM3ReceiveLineComplete) refers to gpio.o(.bss.InpWasChange) for InpWasChange
    prsm3.o(.text.PRSM3ReceiveLineComplete) refers to gpio.o(.bss.ModInp) for ModInp
    prsm3.o(.ARM.exidx.text.PRSM3ReceiveLineComplete) refers to prsm3.o(.text.PRSM3ReceiveLineComplete) for [Anonymous Symbol]
    prsm3.o(.text.ReturnReply) refers to crc.o(.text.Do_CRC) for Do_CRC
    prsm3.o(.text.ReturnReply) refers to wdt.o(.text.wdt_enable) for wdt_enable
    prsm3.o(.text.ReturnReply) refers to usart.o(.text.URT_Write) for URT_Write
    prsm3.o(.text.ReturnReply) refers to usart.o(.text.URT_IsTxEndTransmission) for URT_IsTxEndTransmission
    prsm3.o(.text.ReturnReply) refers to prsm3.o(.bss.RecBytes) for RecBytes
    prsm3.o(.text.ReturnReply) refers to prsm3.o(.bss.CommandSize) for CommandSize
    prsm3.o(.ARM.exidx.text.ReturnReply) refers to prsm3.o(.text.ReturnReply) for [Anonymous Symbol]
    prsm3.o(.text.clearBuffer) refers to prsm3.o(.bss.MessLen) for MessLen
    prsm3.o(.text.clearBuffer) refers to prsm3.o(.bss.iptr) for iptr
    prsm3.o(.text.clearBuffer) refers to prsm3.o(.bss.usUsart) for usUsart
    prsm3.o(.ARM.exidx.text.clearBuffer) refers to prsm3.o(.text.clearBuffer) for [Anonymous Symbol]
    timers.o(.text.TIM01_Callback) refers to prsm3.o(.text.PRSM3ReceiveLineComplete) for PRSM3ReceiveLineComplete
[...]
    Removing mg32x02z_usb_drv.o(.ARM.exidx.text.USB_GetEndpointFlagStatus), (8 bytes).
    Removing mg32x02z_usb_drv.o(.text.USB_GetEndpointITFlagStatus), (10 bytes).
    Removing mg32x02z_usb_drv.o(.ARM.exidx.text.USB_GetEndpointITFlagStatus), (8 bytes).
    Removing mg32x02z_usb_drv.o(.text.USB_ClearEndpointFlag), (4 bytes).
    Removing mg32x02z_usb_drv.o(.ARM.exidx.text.USB_ClearEndpointFlag), (8 bytes).
    Removing mg32x02z_usb_drv.o(.text.USB_GetSETUPStatus), (12 bytes).
    Removing mg32x02z_usb_drv.o(.ARM.exidx.text.USB_GetSETUPStatus), (8 bytes).
    Removing mg32x02z_usb_drv.o(.text.USB_ClearSETUPStatus), (12 bytes).
    Removing mg32x02z_usb_drv.o(.ARM.exidx.text.USB_ClearSETUPStatus), (8 bytes).
    Removing mg32x02z_usb_drv.o(.text.USB_EndpintIT_Config), (12 bytes).
    Removing mg32x02z_usb_drv.o(.ARM.exidx.text.USB_EndpintIT_Config), (8 bytes).
    Removing mg32x02z_usb_drv.o(.text.USB_GetEndpointRXSize), (4 bytes).
    Removing mg32x02z_usb_drv.o(.ARM.exidx.text.USB_GetEndpointRXSize), (8 bytes).
    Removing mg32x02z_usb_drv.o(.text.USB_SetEndpointTXSize), (4 bytes).
    Removing mg32x02z_usb_drv.o(.ARM.exidx.text.USB_SetEndpointTXSize), (8 bytes).
    Removing mg32x02z_usb_drv.o(.text.USB_SetEndpointDoubleBuffer1TXSize), (4 bytes).
    Removing mg32x02z_usb_drv.o(.ARM.exidx.text.USB_SetEndpointDoubleBuffer1TXSize), (8 bytes).
    Removing mg32x02z_usb_drv.o(.text.USB_SetEndpointDoubleBuffer0TXSize), (4 bytes).
    Removing mg32x02z_usb_drv.o(.ARM.exidx.text.USB_SetEndpointDoubleBuffer0TXSize), (8 bytes).
    Removing mg32x02z_usb_drv.o(.text.USB_GetEndpointRXData), (48 bytes).
    Removing mg32x02z_usb_drv.o(.ARM.exidx.text.USB_GetEndpointRXData), (8 bytes).
    Removing mg32x02z_usb_drv.o(.text.USB_GetEndpointDoubleBufferRXData), (112 bytes).
    Removing mg32x02z_usb_drv.o(.ARM.exidx.text.USB_GetEndpointDoubleBufferRXData), (8 bytes).
    Removing mg32x02z_usb_drv.o(.text.USB_SetEndpointTXData), (38 bytes).
    Removing mg32x02z_usb_drv.o(.ARM.exidx.text.USB_SetEndpointTXData), (8 bytes).
    Removing mg32x02z_usb_drv.o(.text.USB_SetEndpointDoubleBufferTXData), (108 bytes).
    Removing mg32x02z_usb_drv.o(.ARM.exidx.text.USB_SetEndpointDoubleBufferTXData), (8 bytes).
    Removing mg32x02z_usb_drv.o(.text.USB_SetEndpointRXBlock), (20 bytes).
    Removing mg32x02z_usb_drv.o(.ARM.exidx.text.USB_SetEndpointRXBlock), (8 bytes).
    Removing mg32x02z_usb_drv.o(.text.USB_SetEndpointBlockOf32Byte), (28 bytes).
    Removing mg32x02z_usb_drv.o(.ARM.exidx.text.USB_SetEndpointBlockOf32Byte), (8 bytes).
    Removing mg32x02z_usb_drv.o(.text.USB_SetEndpointBlockOf2Byte), (20 bytes).
    Removing mg32x02z_usb_drv.o(.ARM.exidx.text.USB_SetEndpointBlockOf2Byte), (8 bytes).
    Removing mg32x02z_usb_drv.o(.text.USB_SetEndpointTXDataAddress), (8 bytes).
    Removing mg32x02z_usb_drv.o(.ARM.exidx.text.USB_SetEndpointTXDataAddress), (8 bytes).
    Removing mg32x02z_usb_drv.o(.text.USB_SetEndpointRXDataAddress), (8 bytes).
    Removing mg32x02z_usb_drv.o(.ARM.exidx.text.USB_SetEndpointRXDataAddress), (8 bytes).
    Removing mg32x02z_usb_drv.o(.text.USB_SetEndpointDoubleBuffer0Address), (8 bytes).
    Removing mg32x02z_usb_drv.o(.ARM.exidx.text.USB_SetEndpointDoubleBuffer0Address), (8 bytes).
    Removing mg32x02z_usb_drv.o(.text.USB_SetEndpointDoubleBuffer1Address), (8 bytes).
    Removing mg32x02z_usb_drv.o(.ARM.exidx.text.USB_SetEndpointDoubleBuffer1Address), (8 bytes).
    Removing mg32x02z_usb_drv.o(.text.USB_GetEndpointTXDataAddress), (4 bytes).
    Removing mg32x02z_usb_drv.o(.ARM.exidx.text.USB_GetEndpointTXDataAddress), (8 bytes).
    Removing mg32x02z_usb_drv.o(.text.USB_GetEndpointRXDataAddress), (4 bytes).
    Removing mg32x02z_usb_drv.o(.ARM.exidx.text.USB_GetEndpointRXDataAddress), (8 bytes).
    Removing mg32x02z_usb_drv.o(.text.USB_GetEndpointDoubleBuffer0Address), (4 bytes).
    Removing mg32x02z_usb_drv.o(.ARM.exidx.text.USB_GetEndpointDoubleBuffer0Address), (8 bytes).
    Removing mg32x02z_usb_drv.o(.text.USB_GetEndpointDoubleBuffer1Address), (4 bytes).
    Removing mg32x02z_usb_drv.o(.ARM.exidx.text.USB_GetEndpointDoubleBuffer1Address), (8 bytes).
    Removing mg32x02z_usb_drv.o(.text.USB_EndpointMode_Select), (12 bytes).
    Removing mg32x02z_usb_drv.o(.ARM.exidx.text.USB_EndpointMode_Select), (8 bytes).
    Removing mg32x02z_usb_drv.o(.text.USB_EndpointDoubleBufferMode_Cmd), (14 bytes).
    Removing mg32x02z_usb_drv.o(.ARM.exidx.text.USB_EndpointDoubleBufferMode_Cmd), (8 bytes).
    Removing mg32x02z_usb_drv.o(.text.USB_TriggerEndpointRst), (8 bytes).
    Removing mg32x02z_usb_drv.o(.ARM.exidx.text.USB_TriggerEndpointRst), (8 bytes).
    Removing mg32x02z_usb_drv.o(.text.USB_ITEA_Cmd), (20 bytes).
    Removing mg32x02z_usb_drv.o(.ARM.exidx.text.USB_ITEA_Cmd), (8 bytes).
    Removing mg32x02z_usb_drv.o(.text.USB_IT_Config), (28 bytes).
    Removing mg32x02z_usb_drv.o(.ARM.exidx.text.USB_IT_Config), (8 bytes).
    Removing mg32x02z_usb_drv.o(.text.USB_GetITAllFlagStatus), (16 bytes).
    Removing mg32x02z_usb_drv.o(.ARM.exidx.text.USB_GetITAllFlagStatus), (8 bytes).
    Removing mg32x02z_usb_drv.o(.text.USB_GetITIEAllStatus), (20 bytes).
    Removing mg32x02z_usb_drv.o(.ARM.exidx.text.USB_GetITIEAllStatus), (8 bytes).
    Removing mg32x02z_usb_drv.o(.text.USB_ClearITFlag), (16 bytes).
    Removing mg32x02z_usb_drv.o(.ARM.exidx.text.USB_ClearITFlag), (8 bytes).
    Removing mg32x02z_usb_drv.o(.text.USB_LPMhandshakeMode_Select), (20 bytes).
    Removing mg32x02z_usb_drv.o(.ARM.exidx.text.USB_LPMhandshakeMode_Select), (8 bytes).
    Removing mg32x02z_usb_drv.o(.text.USB_GetLPMBESL), (12 bytes).
    Removing mg32x02z_usb_drv.o(.ARM.exidx.text.USB_GetLPMBESL), (8 bytes).
    Removing mg32x02z_usb_drv.o(.text.USB_GetLPMbRemoteWake), (16 bytes).
    Removing mg32x02z_usb_drv.o(.ARM.exidx.text.USB_GetLPMbRemoteWake), (8 bytes).
    Removing mg32x02z_usb_drv.o(.text.USB_DMARXSEL_Config), (20 bytes).
    Removing mg32x02z_usb_drv.o(.ARM.exidx.text.USB_DMARXSEL_Config), (8 bytes).
    Removing mg32x02z_usb_drv.o(.text.USB_DMATXSEL_Config), (20 bytes).
    Removing mg32x02z_usb_drv.o(.ARM.exidx.text.USB_DMATXSEL_Config), (8 bytes).
    Removing mg32x02z_wwdt_drv.o(.text), (0 bytes).
    Removing mg32x02z_wwdt_drv.o(.text.WWDT_CLK_Select), (24 bytes).
    Removing mg32x02z_wwdt_drv.o(.ARM.exidx.text.WWDT_CLK_Select), (8 bytes).
    Removing mg32x02z_wwdt_drv.o(.text.WWDT_DIV_Select), (24 bytes).
    Removing mg32x02z_wwdt_drv.o(.ARM.exidx.text.WWDT_DIV_Select), (8 bytes).
    Removing mg32x02z_wwdt_drv.o(.text.WWDT_PDIV_Select), (24 bytes).
    Removing mg32x02z_wwdt_drv.o(.ARM.exidx.text.WWDT_PDIV_Select), (8 bytes).
    Removing mg32x02z_wwdt_drv.o(.text.WWDT_Cmd), (24 bytes).
    Removing mg32x02z_wwdt_drv.o(.ARM.exidx.text.WWDT_Cmd), (8 bytes).
    Removing mg32x02z_wwdt_drv.o(.text.WWDT_GetCounter), (12 bytes).
    Removing mg32x02z_wwdt_drv.o(.ARM.exidx.text.WWDT_GetCounter), (8 bytes).
    Removing mg32x02z_wwdt_drv.o(.text.WWDT_RefreshCounter), (16 bytes).
    Removing mg32x02z_wwdt_drv.o(.ARM.exidx.text.WWDT_RefreshCounter), (8 bytes).
    Removing mg32x02z_wwdt_drv.o(.text.WWDT_GetReloadReg), (12 bytes).
    Removing mg32x02z_wwdt_drv.o(.ARM.exidx.text.WWDT_GetReloadReg), (8 bytes).
    Removing mg32x02z_wwdt_drv.o(.text.WWDT_SetReloadReg), (12 bytes).
    Removing mg32x02z_wwdt_drv.o(.ARM.exidx.text.WWDT_SetReloadReg), (8 bytes).
    Removing mg32x02z_wwdt_drv.o(.text.WWDT_GetWindowThreshold), (12 bytes).
    Removing mg32x02z_wwdt_drv.o(.ARM.exidx.text.WWDT_GetWindowThreshold), (8 bytes).
    Removing mg32x02z_wwdt_drv.o(.text.WWDT_SetWindowThreshold), (12 bytes).
    Removing mg32x02z_wwdt_drv.o(.ARM.exidx.text.WWDT_SetWindowThreshold), (8 bytes).
    Removing mg32x02z_wwdt_drv.o(.text.WWDT_GetWarningThreshold), (12 bytes).
    Removing mg32x02z_wwdt_drv.o(.ARM.exidx.text.WWDT_GetWarningThreshold), (8 bytes).
    Removing mg32x02z_wwdt_drv.o(.text.WWDT_SetWarningThreshold), (12 bytes).
    Removing mg32x02z_wwdt_drv.o(.ARM.exidx.text.WWDT_SetWarningThreshold), (8 bytes).
    Removing mg32x02z_wwdt_drv.o(.text.WWDT_RstEvent_Config), (24 bytes).
    Removing mg32x02z_wwdt_drv.o(.ARM.exidx.text.WWDT_RstEvent_Config), (8 bytes).
    Removing mg32x02z_wwdt_drv.o(.text.WWDT_GetAllFlagStatus), (12 bytes).
    Removing mg32x02z_wwdt_drv.o(.ARM.exidx.text.WWDT_GetAllFlagStatus), (8 bytes).
    Removing mg32x02z_wwdt_drv.o(.text.WWDT_GetSingleFlagStatus), (20 bytes).
    Removing mg32x02z_wwdt_drv.o(.ARM.exidx.text.WWDT_GetSingleFlagStatus), (8 bytes).
    Removing mg32x02z_wwdt_drv.o(.text.WWDT_ClearFlag), (12 bytes).
    Removing mg32x02z_wwdt_drv.o(.ARM.exidx.text.WWDT_ClearFlag), (8 bytes).
    Removing mg32x02z_wwdt_drv.o(.text.WWDT_IT_Config), (24 bytes).
    Removing mg32x02z_wwdt_drv.o(.ARM.exidx.text.WWDT_IT_Config), (8 bytes).
    Removing mg32x02z__common_drv.o(.text), (0 bytes).
    Removing mg32x02z__common_drv.o(.text.InitTick), (26 bytes).
    Removing mg32x02z__common_drv.o(.ARM.exidx.text.InitTick), (8 bytes).
    Removing mg32x02z__common_drv.o(.text.SysTick_Config), (32 bytes).
    Removing mg32x02z__common_drv.o(.ARM.exidx.text.SysTick_Config), (8 bytes).
    Removing mg32x02z__common_drv.o(.text.__NVIC_SetPriority), (24 bytes).
    Removing mg32x02z__common_drv.o(.ARM.exidx.text.__NVIC_SetPriority), (8 bytes).
    Removing mg32x02z__common_drv.o(.ARM.exidx.text.IncTick), (8 bytes).
    Removing mg32x02z__common_drv.o(.text.GetTick), (12 bytes).
    Removing mg32x02z__common_drv.o(.ARM.exidx.text.GetTick), (8 bytes).
    Removing mg32x02z__common_drv.o(.text.Delay), (36 bytes).
    Removing mg32x02z__common_drv.o(.ARM.exidx.text.Delay), (8 bytes).
    Removing mg32x02z__common_drv.o(.text.SuspendTick), (16 bytes).
    Removing mg32x02z__common_drv.o(.ARM.exidx.text.SuspendTick), (8 bytes).
    Removing mg32x02z__common_drv.o(.text.ResumeTick), (16 bytes).
    Removing mg32x02z__common_drv.o(.ARM.exidx.text.ResumeTick), (8 bytes).
    Removing mg32x02z__common_drv.o(.ARM.exidx.text.ProtectModuleReg), (8 bytes).
    Removing mg32x02z__common_drv.o(.ARM.exidx.text.UnProtectModuleReg), (8 bytes).
    Removing mg32x02z__common_drv.o(.text.LockModuleReg), (12 bytes).
    Removing mg32x02z__common_drv.o(.ARM.exidx.text.LockModuleReg), (8 bytes).
    Removing dadd.o(.text), (356 bytes).
    Removing dmul.o(.text), (208 bytes).
    Removing dcmple.o(.text), (44 bytes).
    Removing dcmpge.o(.text), (44 bytes).
    Removing dcmpgt.o(.text), (44 bytes).
    Removing dcmpeq.o(.text), (46 bytes).
    Removing dfltui.o(.text), (28 bytes).
    Removing depilogue.o(.text), (190 bytes).
    Removing ddiv.o(.text), (240 bytes).
    Removing dfixul.o(.text), (64 bytes).
    Removing cdrcmple.o(.text), (40 bytes).
    Removing depilogue.o(i.__ARM_clz), (46 bytes).

1962 unused section(s) (total 29577 bytes) removed from the image.

==============================================================================

Image Symbol Table

    Local Symbols

    Symbol Name                              Value     Ov Type        Size  Object(Section)

    ../clib/division.s                       0x00000000   Number         0  aeabi_sdivfast.o ABSOLUTE
    ../clib/division.s                       0x00000000   Number         0  aeabi_sdivfast_div0.o ABSOLUTE
    ../clib/microlib/division.c              0x00000000   Number         0  uidiv.o ABSOLUTE
    ../clib/microlib/division.c              0x00000000   Number         0  uidiv_div0.o ABSOLUTE
    ../clib/microlib/division.c              0x00000000   Number         0  idiv_div0.o ABSOLUTE
    ../clib/microlib/division.c              0x00000000   Number         0  idiv0.o ABSOLUTE
    ../clib/microlib/division.c              0x00000000   Number         0  uldiv.o ABSOLUTE
    ../clib/microlib/init/entry.s            0x00000000   Number         0  entry.o ABSOLUTE
    ../clib/microlib/init/entry.s            0x00000000   Number         0  entry2.o ABSOLUTE
    ../clib/microlib/init/entry.s            0x00000000   Number         0  entry5.o ABSOLUTE
    ../clib/microlib/init/entry.s            0x00000000   Number         0  entry7a.o ABSOLUTE
    ../clib/microlib/init/entry.s            0x00000000   Number         0  entry7b.o ABSOLUTE
    ../clib/microlib/init/entry.s            0x00000000   Number         0  entry8a.o ABSOLUTE
    ../clib/microlib/init/entry.s            0x00000000   Number         0  entry8b.o ABSOLUTE
    ../clib/microlib/init/entry.s            0x00000000   Number         0  entry9a.o ABSOLUTE
    ../clib/microlib/init/entry.s            0x00000000   Number         0  entry9b.o ABSOLUTE
    ../clib/microlib/init/entry.s            0x00000000   Number         0  entry10a.o ABSOLUTE
    ../clib/microlib/init/entry.s            0x00000000   Number         0  entry10b.o ABSOLUTE
    ../clib/microlib/init/entry.s            0x00000000   Number         0  entry11a.o ABSOLUTE
    ../clib/microlib/init/entry.s            0x00000000   Number         0  entry11b.o ABSOLUTE
    ../clib/microlib/longlong.c              0x00000000   Number         0  llshl.o ABSOLUTE
    ../clib/microlib/longlong.c              0x00000000   Number         0  llsshr.o ABSOLUTE
    ../clib/microlib/longlong.c              0x00000000   Number         0  llushr.o ABSOLUTE
    ../clib/microlib/printf/printf.c         0x00000000   Number         0  printfb.o ABSOLUTE
    ../clib/microlib/printf/printf.c         0x00000000   Number         0  printf0.o ABSOLUTE
    ../clib/microlib/printf/printf.c         0x00000000   Number         0  printf1.o ABSOLUTE
    ../clib/microlib/printf/printf.c         0x00000000   Number         0  printf2.o ABSOLUTE
    ../clib/microlib/printf/printf.c         0x00000000   Number         0  printf3.o ABSOLUTE
    ../clib/microlib/printf/printf.c         0x00000000   Number         0  printf4.o ABSOLUTE
    ../clib/microlib/printf/printf.c         0x00000000   Number         0  printf5.o ABSOLUTE
    ../clib/microlib/printf/printf.c         0x00000000   Number         0  printf6.o ABSOLUTE
    ../clib/microlib/printf/printf.c         0x00000000   Number         0  printf7.o ABSOLUTE
    ../clib/microlib/printf/printf.c         0x00000000   Number         0  printf8.o ABSOLUTE
    ../clib/microlib/printf/printf.c         0x00000000   Number         0  printfa.o ABSOLUTE
    ../clib/microlib/printf/stubs.s          0x00000000   Number         0  printfstubs.o ABSOLUTE
    ../clib/microlib/stdio/fputc.c           0x00000000   Number         0  fputc.o ABSOLUTE
    ../clib/microlib/stdio/fputc.c           0x00000000   Number         0  fputc_h.o ABSOLUTE
    ../clib/microlib/stdio/semi.s            0x00000000   Number         0  semi.o ABSOLUTE
    ../clib/microlib/stdio/streams.c         0x00000000   Number         0  stdout.o ABSOLUTE
    ../clib/microlib/string/memset.c         0x00000000   Number         0  memseta.o ABSOLUTE
    ../clib/microlib/stubs.s                 0x00000000   Number         0  iusefp.o ABSOLUTE
    ../clib/microlib/stubs.s                 0x00000000   Number         0  iusesemip.o ABSOLUTE
    ../fplib/microlib/fpadd.c                0x00000000   Number         0  dadd.o ABSOLUTE
    ../fplib/microlib/fpcmp.c                0x00000000   Number         0  dcmple.o ABSOLUTE
    ../fplib/microlib/fpcmp.c                0x00000000   Number         0  dcmpge.o ABSOLUTE
    ../fplib/microlib/fpcmp.c                0x00000000   Number         0  dcmpgt.o ABSOLUTE
    ../fplib/microlib/fpcmp.c                0x00000000   Number         0  dcmpeq.o ABSOLUTE
    ../fplib/microlib/fpdiv.c                0x00000000   Number         0  ddiv.o ABSOLUTE
    ../fplib/microlib/fpepilogue.c           0x00000000   Number         0  depilogue.o ABSOLUTE
    ../fplib/microlib/fpfix.c                0x00000000   Number         0  dfixul.o ABSOLUTE
    ../fplib/microlib/fpflt.c                0x00000000   Number         0  dfltui.o ABSOLUTE
    ../fplib/microlib/fpmul.c                0x00000000   Number         0  dmul.o ABSOLUTE
    MG32x02z_ADC_DRV.c                       0x00000000   Number         0  mg32x02z_adc_drv.o ABSOLUTE
    MG32x02z_APB_DRV.c                       0x00000000   Number         0  mg32x02z_apb_drv.o ABSOLUTE
    MG32x02z_APX_DRV.c                       0x00000000   Number         0  mg32x02z_apx_drv.o ABSOLUTE
    MG32x02z_CFG_DRV.c                       0x00000000   Number         0  mg32x02z_cfg_drv.o ABSOLUTE
    MG32x02z_CM0_DRV.c                       0x00000000   Number         0  mg32x02z_cm0_drv.o ABSOLUTE
    MG32x02z_CMP_DRV.c                       0x00000000   Number         0  mg32x02z_cmp_drv.o ABSOLUTE
    MG32x02z_CSC_DRV.c                       0x00000000   Number         0  mg32x02z_csc_drv.o ABSOLUTE
    MG32x02z_CSC_Init.c                      0x00000000   Number         0  mg32x02z_csc_init.o ABSOLUTE
    MG32x02z_ChipInit.c                      0x00000000   Number         0  mg32x02z_chipinit.o ABSOLUTE
    MG32x02z_DAC_DRV.c                       0x00000000   Number         0  mg32x02z_dac_drv.o ABSOLUTE
    MG32x02z_DMA_DRV.c                       0x00000000   Number         0  mg32x02z_dma_drv.o ABSOLUTE
    MG32x02z_EMB_DRV.c                       0x00000000   Number         0  mg32x02z_emb_drv.o ABSOLUTE
    MG32x02z_EXIC_DRV.c                      0x00000000   Number         0  mg32x02z_exic_drv.o ABSOLUTE
    MG32x02z_GPIO_DRV.c                      0x00000000   Number         0  mg32x02z_gpio_drv.o ABSOLUTE
    MG32x02z_GPIO_Init.c                     0x00000000   Number         0  mg32x02z_gpio_init.o ABSOLUTE
    MG32x02z_GPL_DRV.c                       0x00000000   Number         0  mg32x02z_gpl_drv.o ABSOLUTE
    MG32x02z_I2C_DRV.c                       0x00000000   Number         0  mg32x02z_i2c_drv.o ABSOLUTE
    MG32x02z_IWDT_DRV.c                      0x00000000   Number         0  mg32x02z_iwdt_drv.o ABSOLUTE
    MG32x02z_MEM_DRV.c                       0x00000000   Number         0  mg32x02z_mem_drv.o ABSOLUTE
    MG32x02z_PW_DRV.c                        0x00000000   Number         0  mg32x02z_pw_drv.o ABSOLUTE
    MG32x02z_RST_DRV.c                       0x00000000   Number         0  mg32x02z_rst_drv.o ABSOLUTE
    MG32x02z_RST_Init.c                      0x00000000   Number         0  mg32x02z_rst_init.o ABSOLUTE
    MG32x02z_RTC_DRV.c                       0x00000000   Number         0  mg32x02z_rtc_drv.o ABSOLUTE
    MG32x02z_SPI_DRV.c                       0x00000000   Number         0  mg32x02z_spi_drv.o ABSOLUTE
    MG32x02z_SYS_DRV.c                       0x00000000   Number         0  mg32x02z_sys_drv.o ABSOLUTE
    MG32x02z_TM_DRV.c                        0x00000000   Number         0  mg32x02z_tm_drv.o ABSOLUTE
    MG32x02z_TM_Init.c                       0x00000000   Number         0  mg32x02z_tm_init.o ABSOLUTE
    MG32x02z_URT_DRV.c                       0x00000000   Number         0  mg32x02z_urt_drv.o ABSOLUTE
    MG32x02z_URT_Init.c                      0x00000000   Number         0  mg32x02z_urt_init.o ABSOLUTE
    MG32x02z_USB_DRV.c                       0x00000000   Number         0  mg32x02z_usb_drv.o ABSOLUTE
    MG32x02z_WWDT_DRV.c                      0x00000000   Number         0  mg32x02z_wwdt_drv.o ABSOLUTE
    MG32x02z__Common_DRV.c                   0x00000000   Number         0  mg32x02z__common_drv.o ABSOLUTE
    MG32x02z__IRQHandler.c                   0x00000000   Number         0  mg32x02z__irqhandler.o ABSOLUTE
    RTE/Device/MG32F02A128/startup_MG32x02z.s 0x00000000   Number         0  startup_mg32x02z.o ABSOLUTE
    cdrcmple.s                               0x00000000   Number         0  cdrcmple.o ABSOLUTE
    crc.c                                    0x00000000   Number         0  crc.o ABSOLUTE
    dc.s                                     0x00000000   Number         0  dc.o ABSOLUTE
    ds18b20.c                                0x00000000   Number         0  ds18b20.o ABSOLUTE
    flash.c                                  0x00000000   Number         0  flash.o ABSOLUTE
    gpio.c                                   0x00000000   Number         0  gpio.o ABSOLUTE
    handlers.s                               0x00000000   Number         0  handlers.o ABSOLUTE
    iap.c                                    0x00000000   Number         0  iap.o ABSOLUTE
    init.s                                   0x00000000   Number         0  init.o ABSOLUTE
    keys.c                                   0x00000000   Number         0  keys.o ABSOLUTE
    keys_old.c                               0x00000000   Number         0  keys_old.o ABSOLUTE
    main.c                                   0x00000000   Number         0  main.o ABSOLUTE
    onewire.c                                0x00000000   Number         0  onewire.o ABSOLUTE
    prsm3.c                                  0x00000000   Number         0  prsm3.o ABSOLUTE
    system_MG32x02z.c                        0x00000000   Number         0  system_mg32x02z.o ABSOLUTE
    timers.c                                 0x00000000   Number         0  timers.o ABSOLUTE
    timers_irq.c                             0x00000000   Number         0  timers_irq.o ABSOLUTE
    usart.c                                  0x00000000   Number         0  usart.o ABSOLUTE
    usart_irq.c                              0x00000000   Number         0  usart_irq.o ABSOLUTE
    wdt.c                                    0x00000000   Number         0  wdt.o ABSOLUTE
    RESET                                    0x00000000   Section      192  startup_mg32x02z.o(RESET)
    .ARM.Collect$$$$00000000                 0x000000c0   Section        0  entry.o(.ARM.Collect$$$$00000000)
    .ARM.Collect$$$$00000001                 0x000000c0   Section        4  entry2.o(.ARM.Collect$$$$00000001)
    .ARM.Collect$$$$00000004                 0x000000c4   Section        4  entry5.o(.ARM.Collect$$$$00000004)
    .ARM.Collect$$$$00000008                 0x000000c8   Section        0  entry7b.o(.ARM.Collect$$$$00000008)
    .ARM.Collect$$$$0000000A                 0x000000c8   Section        0  entry8b.o(.ARM.Collect$$$$0000000A)
    .ARM.Collect$$$$0000000B                 0x000000c8   Section        8  entry9a.o(.ARM.Collect$$$$0000000B)
    __lit__00000000                          0x000000d0   Data           4  entry2.o(.ARM.Collect$$$$00002712)
    .ARM.Collect$$$$0000000D                 0x000000d0   Section        0  entry10a.o(.ARM.Collect$$$$0000000D)
    .ARM.Collect$$$$0000000F                 0x000000d0   Section        0  entry11a.o(.ARM.Collect$$$$0000000F)
    .ARM.Collect$$$$00002712                 0x000000d0   Section        4  entry2.o(.ARM.Collect$$$$00002712)
    .text                                    0x000000d4   Section       60  startup_mg32x02z.o(.text)
    .text                                    0x00000110   Section        0  memseta.o(.text)
    .text                                    0x00000134   Section        0  uidiv_div0.o(.text)
    .text                                    0x00000172   Section        0  uldiv.o(.text)
    .text                                    0x000001d2   Section        0  llshl.o(.text)
    .text                                    0x000001f4   Section       36  init.o(.text)
    .text                                    0x00000218   Section        0  semi.o(.text)
    .text                                    0x00000218   Section        0  llushr.o(.text)
    [Anonymous Symbol]                       0x0000023a   Section        0  keys.o(.text.AddKey)
    .text                                    0x0000023a   Section        0  iusesemip.o(.text)
    [Anonymous Symbol]                       0x0000023e   Section        0  crc.o(.text.CRCisWrong)
    [Anonymous Symbol]                       0x00000254   Section        0  mg32x02z_csc_drv.o(.text.CSC_ClearFlag)
    [Anonymous Symbol]                       0x0000025c   Section        0  mg32x02z_csc_drv.o(.text.CSC_GetClockSourceState)
    __arm_cp.24_0                            0x0000026c   Number         4  mg32x02z_csc_drv.o(.text.CSC_GetClockSourceState)
    [Anonymous Symbol]                       0x00000270   Section        0  mg32x02z_csc_drv.o(.text.CSC_IHRCO_Cmd)
    [Anonymous Symbol]                       0x00000284   Section        0  mg32x02z_csc_init.o(.text.CSC_IHRCO_Enable)
    [Anonymous Symbol]                       0x000002c4   Section        0  mg32x02z_csc_init.o(.text.CSC_Init)
    __arm_cp.3_0                             0x00000524   Number         4  mg32x02z_csc_init.o(.text.CSC_Init)
    __arm_cp.3_1                             0x00000528   Number         4  mg32x02z_csc_init.o(.text.CSC_Init)
    __arm_cp.3_2                             0x0000052c   Number         4  mg32x02z_csc_init.o(.text.CSC_Init)
    __arm_cp.3_3                             0x00000530   Number         4  mg32x02z_csc_init.o(.text.CSC_Init)
    __arm_cp.3_4                             0x00000534   Number         4  mg32x02z_csc_init.o(.text.CSC_Init)
    __arm_cp.3_5                             0x00000538   Number         4  mg32x02z_csc_init.o(.text.CSC_Init)
    __arm_cp.3_6                             0x0000053c   Number         4  mg32x02z_csc_init.o(.text.CSC_Init)
    __arm_cp.3_7                             0x00000540   Number         4  mg32x02z_csc_init.o(.text.CSC_Init)
    __arm_cp.3_8                             0x00000544   Number         4  mg32x02z_csc_init.o(.text.CSC_Init)
    __arm_cp.3_9                             0x00000548   Number         4  mg32x02z_csc_init.o(.text.CSC_Init)
    __arm_cp.3_10                            0x0000054c   Number         4  mg32x02z_csc_init.o(.text.CSC_Init)
    __arm_cp.3_12                            0x00000550   Number         4  mg32x02z_csc_init.o(.text.CSC_Init)
    __arm_cp.3_13                            0x00000554   Number         4  mg32x02z_csc_init.o(.text.CSC_Init)
    __arm_cp.3_14                            0x00000558   Number         4  mg32x02z_csc_init.o(.text.CSC_Init)
    [Anonymous Symbol]                       0x0000055c   Section        0  mg32x02z_csc_init.o(.text.CSC_XOSC_Enable)
    __arm_cp.1_0                             0x000005c0   Number         4  mg32x02z_csc_init.o(.text.CSC_XOSC_Enable)
    __arm_cp.1_1                             0x000005c4   Number         4  mg32x02z_csc_init.o(.text.CSC_XOSC_Enable)
    [Anonymous Symbol]                       0x000005c8   Section        0  keys.o(.text.CheckTruth)
    [Anonymous Symbol]                       0x00000612   Section        0  mg32x02z_chipinit.o(.text.ChipInit)
    [Anonymous Symbol]                       0x0000066c   Section        0  keys.o(.text.CopyFlash)
    [Anonymous Symbol]                       0x00000670   Section        0  keys.o(.text.DS1990_GetID)
    __arm_cp.6_0                             0x000006a4   Number         4  keys.o(.text.DS1990_GetID)
    [Anonymous Symbol]                       0x000006a8   Section        0  crc.o(.text.Do_CRC)
    __arm_cp.0_0                             0x000006c4   Number         4  crc.o(.text.Do_CRC)
    [Anonymous Symbol]                       0x000006c8   Section        0  keys.o(.text.FillFlash)
    __arm_cp.0_0                             0x00000750   Number         4  keys.o(.text.FillFlash)
    __arm_cp.0_1                             0x00000754   Number         4  keys.o(.text.FillFlash)
    __arm_cp.0_2                             0x00000758   Number         4  keys.o(.text.FillFlash)
    __arm_cp.0_3                             0x0000075c   Number         4  keys.o(.text.FillFlash)
    __arm_cp.0_4                             0x00000760   Number         4  keys.o(.text.FillFlash)
    [Anonymous Symbol]                       0x00000764   Section        0  mg32x02z_gpio_init.o(.text.GPIO_Init)
    __arm_cp.0_0                             0x00000778   Number         4  mg32x02z_gpio_init.o(.text.GPIO_Init)
    [Anonymous Symbol]                       0x0000077c   Section        0  mg32x02z_gpio_drv.o(.text.GPIO_PinMode_Select)
    [Anonymous Symbol]                       0x0000078e   Section        0  flash.o(.text.GetBlocksLeft)
    [Anonymous Symbol]                       0x000007b0   Section        0  system_mg32x02z.o(.text.HardFault_Handler_C)
    __arm_cp.2_0                             0x0000083c   Number         4  system_mg32x02z.o(.text.HardFault_Handler_C)
    __arm_cp.2_1                             0x00000840   Number         4  system_mg32x02z.o(.text.HardFault_Handler_C)
    __arm_cp.2_2                             0x00000844   Number         4  system_mg32x02z.o(.text.HardFault_Handler_C)
    __arm_cp.2_3                             0x00000848   Number         4  system_mg32x02z.o(.text.HardFault_Handler_C)
    __arm_cp.2_4                             0x0000084c   Number         4  system_mg32x02z.o(.text.HardFault_Handler_C)
    __arm_cp.2_5                             0x00000850   Number         4  system_mg32x02z.o(.text.HardFault_Handler_C)
    __arm_cp.2_6                             0x00000854   Number         4  system_mg32x02z.o(.text.HardFault_Handler_C)
    __arm_cp.2_7                             0x00000858   Number         4  system_mg32x02z.o(.text.HardFault_Handler_C)
    __arm_cp.2_8                             0x0000085c   Number         4  system_mg32x02z.o(.text.HardFault_Handler_C)
    __arm_cp.2_9                             0x00000860   Number         4  system_mg32x02z.o(.text.HardFault_Handler_C)
    __arm_cp.2_10                            0x00000864   Number         4  system_mg32x02z.o(.text.HardFault_Handler_C)
    [Anonymous Symbol]                       0x000008f8   Section        0  iap.o(.text.IAP_CopyIAPInRAM)
    [Anonymous Symbol]                       0x00000914   Section        0  iap.o(.text.IAP_CopyRAMInIAP)
    [Anonymous Symbol]                       0x00000924   Section        0  iap.o(.text.IAP_Erase_OnePage)
    [Anonymous Symbol]                       0x00000944   Section        0  iap.o(.text.IAP_Erase_Page)
    __arm_cp.2_1                             0x000009ec   Number         4  iap.o(.text.IAP_Erase_Page)
    __arm_cp.2_2                             0x000009f0   Number         4  iap.o(.text.IAP_Erase_Page)
    [Anonymous Symbol]                       0x000009f4   Section        0  iap.o(.text.IAP_GetPageNumberOfByte)
    [Anonymous Symbol]                       0x000009f8   Section        0  iap.o(.text.IAP_Init)
    __arm_cp.0_0                             0x00000a2c   Number         4  iap.o(.text.IAP_Init)
    [Anonymous Symbol]                       0x00000a30   Section        0  iap.o(.text.IAP_Multiple_Write)
    __arm_cp.7_0                             0x00000ae4   Number         4  iap.o(.text.IAP_Multiple_Write)
    __arm_cp.7_2                             0x00000ae8   Number         4  iap.o(.text.IAP_Multiple_Write)
    __arm_cp.7_3                             0x00000aec   Number         4  iap.o(.text.IAP_Multiple_Write)
    [Anonymous Symbol]                       0x00000af0   Section        0  iap.o(.text.IAP_ReadByte)
    [Anonymous Symbol]                       0x00000b08   Section        0  iap.o(.text.IAP_ReadWord)
    [Anonymous Symbol]                       0x00000b20   Section        0  mg32x02z_iwdt_drv.o(.text.IWDT_Cmd)
    __arm_cp.4_0                             0x00000b34   Number         4  mg32x02z_iwdt_drv.o(.text.IWDT_Cmd)
    [Anonymous Symbol]                       0x00000b38   Section        0  mg32x02z_iwdt_drv.o(.text.IWDT_Divider_Select)
    __arm_cp.0_0                             0x00000b48   Number         4  mg32x02z_iwdt_drv.o(.text.IWDT_Divider_Select)
    [Anonymous Symbol]                       0x00000b4c   Section        0  mg32x02z__common_drv.o(.text.IncTick)
    __arm_cp.3_0                             0x00000b58   Number         4  mg32x02z__common_drv.o(.text.IncTick)
    [Anonymous Symbol]                       0x00000b5c   Section        0  mg32x02z_mem_drv.o(.text.MEM_ClearFlag)
    [Anonymous Symbol]                       0x00000b64   Section        0  mg32x02z_mem_drv.o(.text.MEM_GetFlagStatus)
    [Anonymous Symbol]                       0x00000b74   Section        0  mg32x02z_mem_drv.o(.text.MEM_GetIAPSize)
    __arm_cp.21_0                            0x00000b7c   Number         4  mg32x02z_mem_drv.o(.text.MEM_GetIAPSize)
    [Anonymous Symbol]                       0x00000b80   Section        0  mg32x02z_mem_drv.o(.text.MEM_SetIAPSize)
    __arm_cp.22_0                            0x00000bec   Number         4  mg32x02z_mem_drv.o(.text.MEM_SetIAPSize)
    [Anonymous Symbol]                       0x00000bf0   Section        0  mg32x02z__irqhandler.o(.text.NMI_Handler)
    [Anonymous Symbol]                       0x00000bf4   Section        0  onewire.o(.text.OneWire_Read)
    [Anonymous Symbol]                       0x00000c40   Section        0  onewire.o(.text.OneWire_Start)
    [Anonymous Symbol]                       0x00000c7c   Section        0  onewire.o(.text.OneWire_Write)
    __arm_cp.1_0                             0x00000ccc   Number         4  onewire.o(.text.OneWire_Write)
    __arm_cp.1_1                             0x00000cd0   Number         4  onewire.o(.text.OneWire_Write)
    [Anonymous Symbol]                       0x00000cd4   Section        0  prsm3.o(.text.PRSM3AddNewByte)
    [Anonymous Symbol]                       0x00000d20   Section        0  prsm3.o(.text.PRSM3ReceiveLineComplete)
    __arm_cp.1_1                             0x00000e44   Number         4  prsm3.o(.text.PRSM3ReceiveLineComplete)
    __arm_cp.1_3                             0x00000e48   Number         4  prsm3.o(.text.PRSM3ReceiveLineComplete)
    __arm_cp.1_6                             0x00000e4c   Number         4  prsm3.o(.text.PRSM3ReceiveLineComplete)
    __arm_cp.1_7                             0x00000e50   Number         4  prsm3.o(.text.PRSM3ReceiveLineComplete)
    __arm_cp.1_8                             0x00000e54   Number         4  prsm3.o(.text.PRSM3ReceiveLineComplete)
    __arm_cp.1_9                             0x00000e58   Number         4  prsm3.o(.text.PRSM3ReceiveLineComplete)
    __arm_cp.1_10                            0x00000e5c   Number         4  prsm3.o(.text.PRSM3ReceiveLineComplete)
    [Anonymous Symbol]                       0x00000e60   Section        0  mg32x02z__irqhandler.o(.text.PendSV_Handler)
    [Anonymous Symbol]                       0x00000e62   Section        0  mg32x02z__common_drv.o(.text.ProtectModuleReg)
    [Anonymous Symbol]                       0x00000e6c   Section        0  mg32x02z_rst_init.o(.text.RST_Init)
    __arm_cp.0_0                             0x00000e8c   Number         4  mg32x02z_rst_init.o(.text.RST_Init)
    __arm_cp.0_1                             0x00000e90   Number         4  mg32x02z_rst_init.o(.text.RST_Init)
    __arm_cp.0_2                             0x00000e94   Number         4  mg32x02z_rst_init.o(.text.RST_Init)
    __arm_cp.0_3                             0x00000e98   Number         4  mg32x02z_rst_init.o(.text.RST_Init)
    [Anonymous Symbol]                       0x00000e9c   Section        0  keys.o(.text.RemoveKey)
    __arm_cp.4_0                             0x00000f74   Number         4  keys.o(.text.RemoveKey)
    [Anonymous Symbol]                       0x00000f78   Section        0  prsm3.o(.text.ReturnReply)
    __arm_cp.2_0                             0x00000fc8   Number         4  prsm3.o(.text.ReturnReply)
    __arm_cp.2_1                             0x00000fcc   Number         4  prsm3.o(.text.ReturnReply)
    __arm_cp.2_2                             0x00000fd0   Number         4  prsm3.o(.text.ReturnReply)
    [Anonymous Symbol]                       0x00000fd4   Section        0  mg32x02z__irqhandler.o(.text.SVC_Handler)
    [Anonymous Symbol]                       0x00000fd6   Section        0  mg32x02z__irqhandler.o(.text.SysTick_Handler)
    [Anonymous Symbol]                       0x00000fe0   Section        0  system_mg32x02z.o(.text.SystemInit)
    __arm_cp.1_0                             0x00000fe8   Number         4  system_mg32x02z.o(.text.SystemInit)
    __arm_cp.1_1                             0x00000fec   Number         4  system_mg32x02z.o(.text.SystemInit)
    [Anonymous Symbol]                       0x00000ff0   Section        0  timers.o(.text.TIM01_Callback)
    [Anonymous Symbol]                       0x00000ff8   Section        0  timers.o(.text.TIM10_Callback)
    __arm_cp.1_0                             0x00001014   Number         4  timers.o(.text.TIM10_Callback)
    [Anonymous Symbol]                       0x00001018   Section        0  timers.o(.text.TIM16_Callback)
    __arm_cp.2_0                             0x00001038   Number         4  timers.o(.text.TIM16_Callback)
    __arm_cp.2_1                             0x0000103c   Number         4  timers.o(.text.TIM16_Callback)
    __arm_cp.2_2                             0x00001040   Number         4  timers.o(.text.TIM16_Callback)
    [Anonymous Symbol]                       0x00001044   Section        0  timers_irq.o(.text.TM01_IRQ)
    __arm_cp.5_0                             0x000010a0   Number         4  timers_irq.o(.text.TM01_IRQ)
    [Anonymous Symbol]                       0x000010a4   Section        0  mg32x02z__irqhandler.o(.text.TM0x_IRQHandler)
    __arm_cp.4_0                             0x000010b4   Number         4  mg32x02z__irqhandler.o(.text.TM0x_IRQHandler)
    [Anonymous Symbol]                       0x000010b8   Section        0  timers_irq.o(.text.TM10_IRQ)
    [Anonymous Symbol]                       0x00001114   Section        0  mg32x02z__irqhandler.o(.text.TM10_IRQHandler)
    [Anonymous Symbol]                       0x0000111c   Section        0  timers_irq.o(.text.TM16_IRQ)
    __arm_cp.7_0                             0x00001178   Number         4  timers_irq.o(.text.TM16_IRQ)
    [Anonymous Symbol]                       0x0000117c   Section        0  mg32x02z__irqhandler.o(.text.TM1x_IRQHandler)
    [Anonymous Symbol]                       0x00001184   Section        0  mg32x02z_tm_drv.o(.text.TM_ClearFlag)
    [Anonymous Symbol]                       0x00001188   Section        0  mg32x02z_tm_drv.o(.text.TM_GetSingleFlagStatus)
    [Anonymous Symbol]                       0x00001192   Section        0  mg32x02z_tm_drv.o(.text.TM_ITEA_Cmd)
    [Anonymous Symbol]                       0x000011a2   Section        0  mg32x02z_tm_drv.o(.text.TM_IT_Config)
    [Anonymous Symbol]                       0x000011b8   Section        0  mg32x02z_tm_init.o(.text.TM_Init)
    __arm_cp.0_0                             0x00001218   Number         4  mg32x02z_tm_init.o(.text.TM_Init)
    __arm_cp.0_1                             0x0000121c   Number         4  mg32x02z_tm_init.o(.text.TM_Init)
    __arm_cp.0_2                             0x00001220   Number         4  mg32x02z_tm_init.o(.text.TM_Init)
    __arm_cp.0_3                             0x00001224   Number         4  mg32x02z_tm_init.o(.text.TM_Init)
    __arm_cp.0_4                             0x00001228   Number         4  mg32x02z_tm_init.o(.text.TM_Init)
    __arm_cp.0_5                             0x0000122c   Number         4  mg32x02z_tm_init.o(.text.TM_Init)
    [Anonymous Symbol]                       0x00001230   Section        0  mg32x02z_tm_drv.o(.text.TM_Timer_Cmd)
    [Anonymous Symbol]                       0x00001246   Section        0  usart_irq.o(.text.URT0_IRQ)
    [Anonymous Symbol]                       0x000013c6   Section        0  mg32x02z__irqhandler.o(.text.URT0_IRQHandler)
    [Anonymous Symbol]                       0x000013ce   Section        0  mg32x02z_urt_drv.o(.text.URT_ClearITFlag)
    [Anonymous Symbol]                       0x000013d6   Section        0  mg32x02z_urt_drv.o(.text.URT_Cmd)
    [Anonymous Symbol]                       0x000013e4   Section        0  mg32x02z_urt_init.o(.text.URT_Config)
    __arm_cp.0_0                             0x00001498   Number         4  mg32x02z_urt_init.o(.text.URT_Config)
    __arm_cp.0_1                             0x0000149c   Number         4  mg32x02z_urt_init.o(.text.URT_Config)
    [Anonymous Symbol]                       0x000014a0   Section        0  mg32x02z_urt_drv.o(.text.URT_GetITAllFlagStatus)
    [Anonymous Symbol]                       0x000014a8   Section        0  mg32x02z_urt_drv.o(.text.URT_GetITStatus)
    [Anonymous Symbol]                       0x000014ac   Section        0  mg32x02z_urt_drv.o(.text.URT_GetRXData)
    [Anonymous Symbol]                       0x000014b0   Section        0  mg32x02z_urt_drv.o(.text.URT_ITEA_Cmd)
    [Anonymous Symbol]                       0x000014bc   Section        0  mg32x02z_urt_drv.o(.text.URT_IT_Config)
    [Anonymous Symbol]                       0x000014c8   Section        0  mg32x02z_urt_init.o(.text.URT_Init)
    __arm_cp.1_0                             0x000014e0   Number         4  mg32x02z_urt_init.o(.text.URT_Init)
    [Anonymous Symbol]                       0x000014e4   Section        0  usart.o(.text.URT_IsTxEndTransmission)
    [Anonymous Symbol]                       0x000014f0   Section        0  usart.o(.text.URT_IsTxReady)
    [Anonymous Symbol]                       0x000014fc   Section        0  usart.o(.text.URT_Rx_Callback)
    [Anonymous Symbol]                       0x0000150c   Section        0  mg32x02z_urt_drv.o(.text.URT_SetTXData)
    [Anonymous Symbol]                       0x0000153e   Section        0  usart_irq.o(.text.URT_Tx_Callback)
    [Anonymous Symbol]                       0x00001540   Section        0  usart.o(.text.URT_Write)
    [Anonymous Symbol]                       0x0000155a   Section        0  usart.o(.text.URT_WriteWord)
    [Anonymous Symbol]                       0x00001574   Section        0  mg32x02z__common_drv.o(.text.UnProtectModuleReg)
    __arm_cp.9_0                             0x0000157c   Number         4  mg32x02z__common_drv.o(.text.UnProtectModuleReg)
    __NVIC_EnableIRQ                         0x00001581   Thumb Code    16  mg32x02z_chipinit.o(.text.__NVIC_EnableIRQ)
    [Anonymous Symbol]                       0x00001580   Section        0  mg32x02z_chipinit.o(.text.__NVIC_EnableIRQ)
    __arm_cp.1_0                             0x00001590   Number         4  mg32x02z_chipinit.o(.text.__NVIC_EnableIRQ)
    __NVIC_SetPriority                       0x00001595   Thumb Code    36  mg32x02z_chipinit.o(.text.__NVIC_SetPriority)
    [Anonymous Symbol]                       0x00001594   Section        0  mg32x02z_chipinit.o(.text.__NVIC_SetPriority)
    __arm_cp.2_0                             0x000015b8   Number         4  mg32x02z_chipinit.o(.text.__NVIC_SetPriority)
    [Anonymous Symbol]                       0x000015bc   Section        0  prsm3.o(.text.clearBuffer)
    __arm_cp.3_0                             0x000015d0   Number         4  prsm3.o(.text.clearBuffer)
    __arm_cp.3_1                             0x000015d4   Number         4  prsm3.o(.text.clearBuffer)
    __arm_cp.3_2                             0x000015d8   Number         4  prsm3.o(.text.clearBuffer)
    __arm_cp.3_3                             0x000015dc   Number         4  prsm3.o(.text.clearBuffer)
    [Anonymous Symbol]                       0x000015e0   Section        0  timers.o(.text.delay_ms)
    [Anonymous Symbol]                       0x000015f2   Section        0  timers.o(.text.delay_one_ms)
    [Anonymous Symbol]                       0x0000160e   Section        0  timers.o(.text.delay_one_us)
    [Anonymous Symbol]                       0x00001614   Section        0  timers.o(.text.delay_us)
    [Anonymous Symbol]                       0x00001628   Section        0  main.o(.text.main)
    __arm_cp.0_0                             0x0000174c   Number         4  main.o(.text.main)
    __arm_cp.0_1                             0x00001750   Number         4  main.o(.text.main)
    __arm_cp.0_2                             0x00001754   Number         4  main.o(.text.main)
    __arm_cp.0_3                             0x00001758   Number         4  main.o(.text.main)
    __arm_cp.0_4                             0x0000175c   Number         4  main.o(.text.main)
    [Anonymous Symbol]                       0x00001760   Section        0  wdt.o(.text.wdt_disable)
    [Anonymous Symbol]                       0x00001778   Section        0  wdt.o(.text.wdt_enable)
    __arm_cp.0_0                             0x00001798   Number         4  wdt.o(.text.wdt_enable)
    i.__0printf$5                            0x0000179c   Section        0  printf5.o(i.__0printf$5)
    i.__scatterload_copy                     0x000017bc   Section       14  handlers.o(i.__scatterload_copy)
    i.__scatterload_null                     0x000017ca   Section        2  handlers.o(i.__scatterload_null)
    i.__scatterload_zeroinit                 0x000017cc   Section       14  handlers.o(i.__scatterload_zeroinit)
    _printf_core                             0x000017dd   Thumb Code   688  printf5.o(i._printf_core)
    i._printf_core                           0x000017dc   Section        0  printf5.o(i._printf_core)
    i.fputc                                  0x00001ab8   Section        0  fputc.o(i.fputc)
    CRC_Table                                0x00001aca   Data         256  crc.o(.rodata.CRC_Table)
    [Anonymous Symbol]                       0x00001aca   Section        0  crc.o(.rodata.CRC_Table)
    CSC_InitConfig                           0x00001bcc   Data          80  mg32x02z_csc_init.o(.rodata.CSC_InitConfig)
    [Anonymous Symbol]                       0x00001bcc   Section        0  mg32x02z_csc_init.o(.rodata.CSC_InitConfig)
    GPIO_CFG                                 0x00001c1c   Data         116  mg32x02z_gpio_init.o(.rodata.GPIO_CFG)
    [Anonymous Symbol]                       0x00001c1c   Section        0  mg32x02z_gpio_init.o(.rodata.GPIO_CFG)
    [Anonymous Symbol]                       0x00001c90   Section        0  system_mg32x02z.o(.rodata.str1.1)
    .data                                    0x20000000   Section        4  stdout.o(.data)
    HardFault_Handler_C.stacked_lr           0x20000028   Data           4  system_mg32x02z.o(.bss.HardFault_Handler_C.stacked_lr)
    [Anonymous Symbol]                       0x20000028   Section        0  system_mg32x02z.o(.bss.HardFault_Handler_C.stacked_lr)
    HardFault_Handler_C.stacked_pc           0x2000002c   Data           4  system_mg32x02z.o(.bss.HardFault_Handler_C.stacked_pc)
    [Anonymous Symbol]                       0x2000002c   Section        0  system_mg32x02z.o(.bss.HardFault_Handler_C.stacked_pc)
    HardFault_Handler_C.stacked_psr          0x20000030   Data           4  system_mg32x02z.o(.bss.HardFault_Handler_C.stacked_psr)
    [Anonymous Symbol]                       0x20000030   Section        0  system_mg32x02z.o(.bss.HardFault_Handler_C.stacked_psr)
    HardFault_Handler_C.stacked_r0           0x20000034   Data           4  system_mg32x02z.o(.bss.HardFault_Handler_C.stacked_r0)
    [Anonymous Symbol]                       0x20000034   Section        0  system_mg32x02z.o(.bss.HardFault_Handler_C.stacked_r0)
    HardFault_Handler_C.stacked_r1           0x20000038   Data           4  system_mg32x02z.o(.bss.HardFault_Handler_C.stacked_r1)
    [Anonymous Symbol]                       0x20000038   Section        0  system_mg32x02z.o(.bss.HardFault_Handler_C.stacked_r1)
    HardFault_Handler_C.stacked_r12          0x2000003c   Data           4  system_mg32x02z.o(.bss.HardFault_Handler_C.stacked_r12)
    [Anonymous Symbol]                       0x2000003c   Section        0  system_mg32x02z.o(.bss.HardFault_Handler_C.stacked_r12)
    HardFault_Handler_C.stacked_r2           0x20000040   Data           4  system_mg32x02z.o(.bss.HardFault_Handler_C.stacked_r2)
    [Anonymous Symbol]                       0x20000040   Section        0  system_mg32x02z.o(.bss.HardFault_Handler_C.stacked_r2)
    HardFault_Handler_C.stacked_r3           0x20000044   Data           4  system_mg32x02z.o(.bss.HardFault_Handler_C.stacked_r3)
    [Anonymous Symbol]                       0x20000044   Section        0  system_mg32x02z.o(.bss.HardFault_Handler_C.stacked_r3)
    uwTick                                   0x2000027c   Data           4  mg32x02z__common_drv.o(.bss.uwTick)
    [Anonymous Symbol]                       0x2000027c   Section        0  mg32x02z__common_drv.o(.bss.uwTick)
    STACK                                    0x20000280   Section     1024  startup_mg32x02z.o(STACK)

    Global Symbols

    Symbol Name                              Value     Ov Type        Size  Object(Section)

    BuildAttributes$$THM_ISAv3M$S$PE$A:L22$X:L11$S22$IEEE1$IW$~IW$USESV6$~STKCKD$USESV7$~SHL$OTIME$ROPI$EBA8$MICROLIB$REQ8$PRES8$EABIv2 0x00000000   Number         0  anon$$obj.o ABSOLUTE
    __Vectors                                0x00000000   Data           4  startup_mg32x02z.o(RESET)
    _printf_a                                0x00000000   Number         0  printfstubs.o ABSOLUTE
    _printf_c                                0x00000000   Number         0  printfstubs.o ABSOLUTE
    _printf_charcount                        0x00000000   Number         0  printfstubs.o ABSOLUTE
    _printf_d                                0x00000000   Number         0  printfstubs.o ABSOLUTE
    _printf_e                                0x00000000   Number         0  printfstubs.o ABSOLUTE
    _printf_f                                0x00000000   Number         0  printfstubs.o ABSOLUTE
    _printf_flags                            0x00000000   Number         0  printfstubs.o ABSOLUTE
    _printf_fp_dec                           0x00000000   Number         0  printfstubs.o ABSOLUTE
    _printf_fp_hex                           0x00000000   Number         0  printfstubs.o ABSOLUTE
    _printf_g                                0x00000000   Number         0  printfstubs.o ABSOLUTE
    _printf_i                                0x00000000   Number         0  printfstubs.o ABSOLUTE
    _printf_int_dec                          0x00000000   Number         0  printfstubs.o ABSOLUTE
    _printf_l                                0x00000000   Number         0  printfstubs.o ABSOLUTE
    _printf_lc                               0x00000000   Number         0  printfstubs.o ABSOLUTE
    _printf_ll                               0x00000000   Number         0  printfstubs.o ABSOLUTE
    _printf_lld                              0x00000000   Number         0  printfstubs.o ABSOLUTE
    _printf_lli                              0x00000000   Number         0  printfstubs.o ABSOLUTE
    _printf_llo                              0x00000000   Number         0  printfstubs.o ABSOLUTE
    _printf_llu                              0x00000000   Number         0  printfstubs.o ABSOLUTE
    _printf_llx                              0x00000000   Number         0  printfstubs.o ABSOLUTE
    _printf_longlong_dec                     0x00000000   Number         0  printfstubs.o ABSOLUTE
    _printf_longlong_hex                     0x00000000   Number         0  printfstubs.o ABSOLUTE
    _printf_longlong_oct                     0x00000000   Number         0  printfstubs.o ABSOLUTE
    _printf_ls                               0x00000000   Number         0  printfstubs.o ABSOLUTE
    _printf_mbtowc                           0x00000000   Number         0  printfstubs.o ABSOLUTE
    _printf_n                                0x00000000   Number         0  printfstubs.o ABSOLUTE
    _printf_o                                0x00000000   Number         0  printfstubs.o ABSOLUTE
    _printf_p                                0x00000000   Number         0  printfstubs.o ABSOLUTE
    _printf_percent                          0x00000000   Number         0  printfstubs.o ABSOLUTE
    _printf_pre_padding                      0x00000000   Number         0  printfstubs.o ABSOLUTE
    _printf_return_value                     0x00000000   Number         0  printfstubs.o ABSOLUTE
    _printf_s                                0x00000000   Number         0  printfstubs.o ABSOLUTE
    _printf_sizespec                         0x00000000   Number         0  printfstubs.o ABSOLUTE
    _printf_str                              0x00000000   Number         0  printfstubs.o ABSOLUTE
    _printf_truncate_signed                  0x00000000   Number         0  printfstubs.o ABSOLUTE
    _printf_truncate_unsigned                0x00000000   Number         0  printfstubs.o ABSOLUTE
    _printf_u                                0x00000000   Number         0  printfstubs.o ABSOLUTE
    _printf_wc                               0x00000000   Number         0  printfstubs.o ABSOLUTE
    _printf_wctomb                           0x00000000   Number         0  printfstubs.o ABSOLUTE
    _printf_widthprec                        0x00000000   Number         0  printfstubs.o ABSOLUTE
    _printf_x                                0x00000000   Number         0  printfstubs.o ABSOLUTE
    __cpp_initialize__aeabi_                  - Undefined Weak Reference
    __cxa_finalize                            - Undefined Weak Reference
    __decompress                              - Undefined Weak Reference
    _clock_init                               - Undefined Weak Reference
    _microlib_exit                            - Undefined Weak Reference
    __Vectors_End                            0x000000c0   Data           0  startup_mg32x02z.o(RESET)
    __Vectors_Size                           0x000000c0   Number         0  startup_mg32x02z.o ABSOLUTE
    __main                                   0x000000c1   Thumb Code     0  entry.o(.ARM.Collect$$$$00000000)
    _main_stk                                0x000000c1   Thumb Code     0  entry2.o(.ARM.Collect$$$$00000001)
    _main_scatterload                        0x000000c5   Thumb Code     0  entry5.o(.ARM.Collect$$$$00000004)
    __main_after_scatterload                 0x000000c9   Thumb Code     0  entry5.o(.ARM.Collect$$$$00000004)
    _main_clock                              0x000000c9   Thumb Code     0  entry7b.o(.ARM.Collect$$$$00000008)
    _main_cpp_init                           0x000000c9   Thumb Code     0  entry8b.o(.ARM.Collect$$$$0000000A)
    _main_init                               0x000000c9   Thumb Code     0  entry9a.o(.ARM.Collect$$$$0000000B)
    __rt_final_cpp                           0x000000d1   Thumb Code     0  entry10a.o(.ARM.Collect$$$$0000000D)
    __rt_final_exit                          0x000000d1   Thumb Code     0  entry11a.o(.ARM.Collect$$$$0000000F)
    MG32x02z_IEC60730_MANAGER                0x000000d5   Thumb Code     0  startup_mg32x02z.o(.text)
    ReInitial_Stack                          0x000000d5   Thumb Code     6  startup_mg32x02z.o(.text)
    Reset_Handler                            0x000000db   Thumb Code     8  startup_mg32x02z.o(.text)
    HardFault_Handler                        0x000000e5   Thumb Code    24  startup_mg32x02z.o(.text)
    ADC_IRQHandler                           0x00000103   Thumb Code     0  startup_mg32x02z.o(.text)
    APX_IRQHandler                           0x00000103   Thumb Code     0  startup_mg32x02z.o(.text)
    COMP_IRQHandler                          0x00000103   Thumb Code     0  startup_mg32x02z.o(.text)
    DAC_IRQHandler                           0x00000103   Thumb Code     0  startup_mg32x02z.o(.text)
    DMA_IRQHandler                           0x00000103   Thumb Code     0  startup_mg32x02z.o(.text)
    EXINT0_IRQHandler                        0x00000103   Thumb Code     0  startup_mg32x02z.o(.text)
    EXINT1_IRQHandler                        0x00000103   Thumb Code     0  startup_mg32x02z.o(.text)
    EXINT2_IRQHandler                        0x00000103   Thumb Code     0  startup_mg32x02z.o(.text)
    EXINT3_IRQHandler                        0x00000103   Thumb Code     0  startup_mg32x02z.o(.text)
    I2C0_IRQHandler                          0x00000103   Thumb Code     0  startup_mg32x02z.o(.text)
    I2Cx_IRQHandler                          0x00000103   Thumb Code     0  startup_mg32x02z.o(.text)
    SPI0_IRQHandler                          0x00000103   Thumb Code     0  startup_mg32x02z.o(.text)
    SPIx_IRQHandler                          0x00000103   Thumb Code     0  startup_mg32x02z.o(.text)
    SYS_IRQHandler                           0x00000103   Thumb Code     0  startup_mg32x02z.o(.text)
    TM20_IRQHandler                          0x00000103   Thumb Code     0  startup_mg32x02z.o(.text)
    TM2x_IRQHandler                          0x00000103   Thumb Code     0  startup_mg32x02z.o(.text)
    TM3x_IRQHandler                          0x00000103   Thumb Code     0  startup_mg32x02z.o(.text)
    URT123_IRQHandler                        0x00000103   Thumb Code     0  startup_mg32x02z.o(.text)
    URT4x_IRQHandler                         0x00000103   Thumb Code     0  startup_mg32x02z.o(.text)
    USB_IRQHandler                           0x00000103   Thumb Code     0  startup_mg32x02z.o(.text)
    WWDT_IRQHandler                          0x00000103   Thumb Code     0  startup_mg32x02z.o(.text)
    __aeabi_memset                           0x00000111   Thumb Code    14  memseta.o(.text)
    __aeabi_memset4                          0x00000111   Thumb Code     0  memseta.o(.text)
    __aeabi_memset8                          0x00000111   Thumb Code     0  memseta.o(.text)
    __aeabi_memclr                           0x0000011f   Thumb Code     4  memseta.o(.text)
    __aeabi_memclr4                          0x0000011f   Thumb Code     0  memseta.o(.text)
    __aeabi_memclr8                          0x0000011f   Thumb Code     0  memseta.o(.text)
    _memset$wrapper                          0x00000123   Thumb Code    18  memseta.o(.text)
    __aeabi_uidiv                            0x00000135   Thumb Code     0  uidiv_div0.o(.text)
    __aeabi_uidivmod                         0x00000135   Thumb Code    62  uidiv_div0.o(.text)
    __aeabi_uldivmod                         0x00000173   Thumb Code    96  uldiv.o(.text)
    __aeabi_llsl                             0x000001d3   Thumb Code    32  llshl.o(.text)
    _ll_shift_l                              0x000001d3   Thumb Code     0  llshl.o(.text)
    __scatterload                            0x000001f5   Thumb Code    28  init.o(.text)
    __scatterload_rt2                        0x000001f5   Thumb Code     0  init.o(.text)
    __aeabi_llsr                             0x00000219   Thumb Code    34  llushr.o(.text)
    __semihosting_library_function           0x00000219   Thumb Code     0  semi.o(.text)
    _ll_ushift_r                             0x00000219   Thumb Code     0  llushr.o(.text)
    AddKey                                   0x0000023b   Thumb Code     4  keys.o(.text.AddKey)
    __I$use$semihosting$fputc                0x0000023b   Thumb Code     0  iusesemip.o(.text)
    CRCisWrong                               0x0000023f   Thumb Code    22  crc.o(.text.CRCisWrong)
    CSC_ClearFlag                            0x00000255   Thumb Code     8  mg32x02z_csc_drv.o(.text.CSC_ClearFlag)
    CSC_GetClockSourceState                  0x0000025d   Thumb Code    16  mg32x02z_csc_drv.o(.text.CSC_GetClockSourceState)
    CSC_IHRCO_Cmd                            0x00000271   Thumb Code    20  mg32x02z_csc_drv.o(.text.CSC_IHRCO_Cmd)
    CSC_IHRCO_Enable                         0x00000285   Thumb Code    64  mg32x02z_csc_init.o(.text.CSC_IHRCO_Enable)
    CSC_Init                                 0x000002c5   Thumb Code   608  mg32x02z_csc_init.o(.text.CSC_Init)
    CSC_XOSC_Enable                          0x0000055d   Thumb Code   100  mg32x02z_csc_init.o(.text.CSC_XOSC_Enable)
    CheckTruth                               0x000005c9   Thumb Code    74  keys.o(.text.CheckTruth)
    ChipInit                                 0x00000613   Thumb Code    90  mg32x02z_chipinit.o(.text.ChipInit)
    CopyFlash                                0x0000066d   Thumb Code     2  keys.o(.text.CopyFlash)
    DS1990_GetID                             0x00000671   Thumb Code    52  keys.o(.text.DS1990_GetID)
    Do_CRC                                   0x000006a9   Thumb Code    28  crc.o(.text.Do_CRC)
    FillFlash                                0x000006c9   Thumb Code   136  keys.o(.text.FillFlash)
    GPIO_Init                                0x00000765   Thumb Code    20  mg32x02z_gpio_init.o(.text.GPIO_Init)
    GPIO_PinMode_Select                      0x0000077d   Thumb Code    18  mg32x02z_gpio_drv.o(.text.GPIO_PinMode_Select)
    GetBlocksLeft                            0x0000078f   Thumb Code    34  flash.o(.text.GetBlocksLeft)
    HardFault_Handler_C                      0x000007b1   Thumb Code   140  system_mg32x02z.o(.text.HardFault_Handler_C)
    IAP_CopyIAPInRAM                         0x000008f9   Thumb Code    28  iap.o(.text.IAP_CopyIAPInRAM)
    IAP_CopyRAMInIAP                         0x00000915   Thumb Code    16  iap.o(.text.IAP_CopyRAMInIAP)
    IAP_Erase_OnePage                        0x00000925   Thumb Code    30  iap.o(.text.IAP_Erase_OnePage)
    IAP_Erase_Page                           0x00000945   Thumb Code   168  iap.o(.text.IAP_Erase_Page)
    IAP_GetPageNumberOfByte                  0x000009f5   Thumb Code     4  iap.o(.text.IAP_GetPageNumberOfByte)
    IAP_Init                                 0x000009f9   Thumb Code    52  iap.o(.text.IAP_Init)
    IAP_Multiple_Write                       0x00000a31   Thumb Code   180  iap.o(.text.IAP_Multiple_Write)
    IAP_ReadByte                             0x00000af1   Thumb Code    24  iap.o(.text.IAP_ReadByte)
    IAP_ReadWord                             0x00000b09   Thumb Code    24  iap.o(.text.IAP_ReadWord)
    IWDT_Cmd                                 0x00000b21   Thumb Code    20  mg32x02z_iwdt_drv.o(.text.IWDT_Cmd)
    IWDT_Divider_Select                      0x00000b39   Thumb Code    16  mg32x02z_iwdt_drv.o(.text.IWDT_Divider_Select)
    IncTick                                  0x00000b4d   Thumb Code    12  mg32x02z__common_drv.o(.text.IncTick)
    MEM_ClearFlag                            0x00000b5d   Thumb Code     8  mg32x02z_mem_drv.o(.text.MEM_ClearFlag)
    MEM_GetFlagStatus                        0x00000b65   Thumb Code    16  mg32x02z_mem_drv.o(.text.MEM_GetFlagStatus)
    MEM_GetIAPSize                           0x00000b75   Thumb Code     8  mg32x02z_mem_drv.o(.text.MEM_GetIAPSize)
    MEM_SetIAPSize                           0x00000b81   Thumb Code   108  mg32x02z_mem_drv.o(.text.MEM_SetIAPSize)
    NMI_Handler                              0x00000bf1   Thumb Code     2  mg32x02z__irqhandler.o(.text.NMI_Handler)
    OneWire_Read                             0x00000bf5   Thumb Code    76  onewire.o(.text.OneWire_Read)
    OneWire_Start                            0x00000c41   Thumb Code    60  onewire.o(.text.OneWire_Start)
    OneWire_Write                            0x00000c7d   Thumb Code    80  onewire.o(.text.OneWire_Write)
    PRSM3AddNewByte                          0x00000cd5   Thumb Code    76  prsm3.o(.text.PRSM3AddNewByte)
    PRSM3ReceiveLineComplete                 0x00000d21   Thumb Code   292  prsm3.o(.text.PRSM3ReceiveLineComplete)
    PendSV_Handler                           0x00000e61   Thumb Code     2  mg32x02z__irqhandler.o(.text.PendSV_Handler)
    ProtectModuleReg                         0x00000e63   Thumb Code     8  mg32x02z__common_drv.o(.text.ProtectModuleReg)
    RST_Init                                 0x00000e6d   Thumb Code    32  mg32x02z_rst_init.o(.text.RST_Init)
    RemoveKey                                0x00000e9d   Thumb Code   216  keys.o(.text.RemoveKey)
    ReturnReply                              0x00000f79   Thumb Code    80  prsm3.o(.text.ReturnReply)
    SVC_Handler                              0x00000fd5   Thumb Code     2  mg32x02z__irqhandler.o(.text.SVC_Handler)
    SysTick_Handler                          0x00000fd7   Thumb Code     8  mg32x02z__irqhandler.o(.text.SysTick_Handler)
    SystemInit                               0x00000fe1   Thumb Code     8  system_mg32x02z.o(.text.SystemInit)
    TIM01_Callback                           0x00000ff1   Thumb Code     8  timers.o(.text.TIM01_Callback)
    TIM10_Callback                           0x00000ff9   Thumb Code    28  timers.o(.text.TIM10_Callback)
    TIM16_Callback                           0x00001019   Thumb Code    32  timers.o(.text.TIM16_Callback)
    TM01_IRQ                                 0x00001045   Thumb Code    92  timers_irq.o(.text.TM01_IRQ)
    TM0x_IRQHandler                          0x000010a5   Thumb Code    16  mg32x02z__irqhandler.o(.text.TM0x_IRQHandler)
    TM10_IRQ                                 0x000010b9   Thumb Code    92  timers_irq.o(.text.TM10_IRQ)
    TM10_IRQHandler                          0x00001115   Thumb Code     8  mg32x02z__irqhandler.o(.text.TM10_IRQHandler)
    TM16_IRQ                                 0x0000111d   Thumb Code    92  timers_irq.o(.text.TM16_IRQ)
    TM1x_IRQHandler                          0x0000117d   Thumb Code     8  mg32x02z__irqhandler.o(.text.TM1x_IRQHandler)
    TM_ClearFlag                             0x00001185   Thumb Code     4  mg32x02z_tm_drv.o(.text.TM_ClearFlag)
    TM_GetSingleFlagStatus                   0x00001189   Thumb Code    10  mg32x02z_tm_drv.o(.text.TM_GetSingleFlagStatus)
    TM_ITEA_Cmd                              0x00001193   Thumb Code    16  mg32x02z_tm_drv.o(.text.TM_ITEA_Cmd)
    TM_IT_Config                             0x000011a3   Thumb Code    20  mg32x02z_tm_drv.o(.text.TM_IT_Config)
    TM_Init                                  0x000011b9   Thumb Code    96  mg32x02z_tm_init.o(.text.TM_Init)
    TM_Timer_Cmd                             0x00001231   Thumb Code    22  mg32x02z_tm_drv.o(.text.TM_Timer_Cmd)
    URT0_IRQ                                 0x00001247   Thumb Code   384  usart_irq.o(.text.URT0_IRQ)
    URT0_IRQHandler                          0x000013c7   Thumb Code     8  mg32x02z__irqhandler.o(.text.URT0_IRQHandler)
    URT_ClearITFlag                          0x000013cf   Thumb Code     8  mg32x02z_urt_drv.o(.text.URT_ClearITFlag)
    URT_Cmd                                  0x000013d7   Thumb Code    12  mg32x02z_urt_drv.o(.text.URT_Cmd)
    URT_Config                               0x000013e5   Thumb Code   180  mg32x02z_urt_init.o(.text.URT_Config)
    URT_GetITAllFlagStatus                   0x000014a1   Thumb Code     8  mg32x02z_urt_drv.o(.text.URT_GetITAllFlagStatus)
    URT_GetITStatus                          0x000014a9   Thumb Code     4  mg32x02z_urt_drv.o(.text.URT_GetITStatus)
    URT_GetRXData                            0x000014ad   Thumb Code     4  mg32x02z_urt_drv.o(.text.URT_GetRXData)
    URT_ITEA_Cmd                             0x000014b1   Thumb Code    12  mg32x02z_urt_drv.o(.text.URT_ITEA_Cmd)
    URT_IT_Config                            0x000014bd   Thumb Code    12  mg32x02z_urt_drv.o(.text.URT_IT_Config)
    URT_Init                                 0x000014c9   Thumb Code    24  mg32x02z_urt_init.o(.text.URT_Init)
    URT_IsTxEndTransmission                  0x000014e5   Thumb Code    12  usart.o(.text.URT_IsTxEndTransmission)
    URT_IsTxReady                            0x000014f1   Thumb Code    10  usart.o(.text.URT_IsTxReady)
    URT_Rx_Callback                          0x000014fd   Thumb Code    16  usart.o(.text.URT_Rx_Callback)
    URT_SetTXData                            0x0000150d   Thumb Code    50  mg32x02z_urt_drv.o(.text.URT_SetTXData)
    URT_Tx_Callback                          0x0000153f   Thumb Code     2  usart_irq.o(.text.URT_Tx_Callback)
    URT_Write                                0x00001541   Thumb Code    26  usart.o(.text.URT_Write)
    URT_WriteWord                            0x0000155b   Thumb Code    24  usart.o(.text.URT_WriteWord)
    UnProtectModuleReg                       0x00001575   Thumb Code     8  mg32x02z__common_drv.o(.text.UnProtectModuleReg)
    clearBuffer                              0x000015bd   Thumb Code    20  prsm3.o(.text.clearBuffer)
    delay_ms                                 0x000015e1   Thumb Code    18  timers.o(.text.delay_ms)
    delay_one_ms                             0x000015f3   Thumb Code    28  timers.o(.text.delay_one_ms)
    delay_one_us                             0x0000160f   Thumb Code     6  timers.o(.text.delay_one_us)
    delay_us                                 0x00001615   Thumb Code    18  timers.o(.text.delay_us)
    main                                     0x00001629   Thumb Code   292  main.o(.text.main)
    wdt_disable                              0x00001761   Thumb Code    24  wdt.o(.text.wdt_disable)
    wdt_enable                               0x00001779   Thumb Code    32  wdt.o(.text.wdt_enable)
    __0printf$5                              0x0000179d   Thumb Code    24  printf5.o(i.__0printf$5)
    __1printf$5                              0x0000179d   Thumb Code     0  printf5.o(i.__0printf$5)
    __2printf                                0x0000179d   Thumb Code     0  printf5.o(i.__0printf$5)
    __scatterload_copy                       0x000017bd   Thumb Code    14  handlers.o(i.__scatterload_copy)
    __scatterload_null                       0x000017cb   Thumb Code     2  handlers.o(i.__scatterload_null)
    __scatterload_zeroinit                   0x000017cd   Thumb Code    14  handlers.o(i.__scatterload_zeroinit)
    fputc                                    0x00001ab9   Thumb Code    18  fputc.o(i.fputc)
    Region$$Table$$Base                      0x00001cc4   Number         0  anon$$obj.o(Region$$Table)
    Region$$Table$$Limit                     0x00001ce4   Number         0  anon$$obj.o(Region$$Table)
    __stdout                                 0x20000000   Data           4  stdout.o(.data)
    SystemCoreClock                          0x20000004   Data           4  system_mg32x02z.o(.data.SystemCoreClock)
    key1                                     0x20000008   Data           8  keys.o(.data.key1)
    key2                                     0x20000010   Data           8  keys.o(.data.key2)
    key3                                     0x20000018   Data           8  keys.o(.data.key3)
    CommandSize                              0x20000020   Data           1  prsm3.o(.bss.CommandSize)
    CurLastBlockPos                          0x20000024   Data           4  flash.o(.bss.CurLastBlockPos)
    InpWasChange                             0x20000048   Data           1  gpio.o(.bss.InpWasChange)
    MessLen                                  0x20000049   Data           1  prsm3.o(.bss.MessLen)
    ModInp                                   0x2000004a   Data           2  gpio.o(.bss.ModInp)
    RecBytes                                 0x2000004c   Data          24  prsm3.o(.bss.RecBytes)
    cfg                                      0x20000064   Data          12  flash.o(.bss.cfg)
    flashBlock                               0x20000070   Data         512  keys.o(.bss.flashBlock)
    iptr                                     0x20000270   Data           1  prsm3.o(.bss.iptr)
    keyCurrent                               0x20000271   Data           8  keys.o(.bss.keyCurrent)
    pisk_cnt                                 0x20000279   Data           1  gpio.o(.bss.pisk_cnt)
    usUsart                                  0x2000027a   Data           2  prsm3.o(.bss.usUsart)
    __initial_sp                             0x20000680   Data           0  startup_mg32x02z.o(STACK)



==============================================================================

Memory Map of the image

  Image Entry point : 0x000000db

  Load Region LR_1 (Base: 0x00000000, Size: 0x00001d04, Max: 0xffffffff, ABSOLUTE)

    Execution Region ER_RO (Exec base: 0x00000000, Load base: 0x00000000, Size: 0x00001ce4, Max: 0xffffffff, ABSOLUTE)

    Exec Addr    Load Addr    Size         Type   Attr      Idx    E Section Name        Object

    0x00000000   0x00000000   0x000000c0   Data   RO          380    RESET               startup_mg32x02z.o
    0x000000c0   0x000000c0   0x00000000   Code   RO         2400  * .ARM.Collect$$$$00000000  mc_p.l(entry.o)
    0x000000c0   0x000000c0   0x00000004   Code   RO         2686    .ARM.Collect$$$$00000001  mc_p.l(entry2.o)
    0x000000c4   0x000000c4   0x00000004   Code   RO         2689    .ARM.Collect$$$$00000004  mc_p.l(entry5.o)
    0x000000c8   0x000000c8   0x00000000   Code   RO         2691    .ARM.Collect$$$$00000008  mc_p.l(entry7b.o)
    0x000000c8   0x000000c8   0x00000000   Code   RO         2693    .ARM.Collect$$$$0000000A  mc_p.l(entry8b.o)
    0x000000c8   0x000000c8   0x00000008   Code   RO         2694    .ARM.Collect$$$$0000000B  mc_p.l(entry9a.o)
    0x000000d0   0x000000d0   0x00000000   Code   RO         2696    .ARM.Collect$$$$0000000D  mc_p.l(entry10a.o)
    0x000000d0   0x000000d0   0x00000000   Code   RO         2698    .ARM.Collect$$$$0000000F  mc_p.l(entry11a.o)
    0x000000d0   0x000000d0   0x00000004   Code   RO         2687    .ARM.Collect$$$$00002712  mc_p.l(entry2.o)
    0x000000d4   0x000000d4   0x0000003c   Code   RO          381  * .text               startup_mg32x02z.o
    0x00000110   0x00000110   0x00000024   Code   RO         2409    .text               mc_p.l(memseta.o)
    0x00000134   0x00000134   0x0000003e   Code   RO         2709    .text               mc_p.l(uidiv_div0.o)
    0x00000172   0x00000172   0x00000060   Code   RO         2715    .text               mc_p.l(uldiv.o)
    0x000001d2   0x000001d2   0x00000020   Code   RO         2717    .text               mc_p.l(llshl.o)
    0x000001f2   0x000001f2   0x00000002   PAD
    0x000001f4   0x000001f4   0x00000024   Code   RO         2732    .text               mc_p.l(init.o)
    0x00000218   0x00000218   0x00000000   Code   RO         2734    .text               mc_p.l(semi.o)
    0x00000218   0x00000218   0x00000022   Code   RO         2735    .text               mc_p.l(llushr.o)
    0x0000023a   0x0000023a   0x00000000   Code   RO         2737    .text               mc_p.l(iusesemip.o)
    0x0000023a   0x0000023a   0x00000004   Code   RO          260    .text.AddKey        keys.o
    0x0000023e   0x0000023e   0x00000016   Code   RO           60    .text.CRCisWrong    crc.o
    0x00000254   0x00000254   0x00000008   Code   RO          838    .text.CSC_ClearFlag  mg32x02z_csc_drv.o
    0x0000025c   0x0000025c   0x00000014   Code   RO          824    .text.CSC_GetClockSourceState  mg32x02z_csc_drv.o
    0x00000270   0x00000270   0x00000014   Code   RO          776    .text.CSC_IHRCO_Cmd  mg32x02z_csc_drv.o
    0x00000284   0x00000284   0x00000040   Code   RO          287    .text.CSC_IHRCO_Enable  mg32x02z_csc_init.o
    0x000002c4   0x000002c4   0x00000298   Code   RO          293    .text.CSC_Init      mg32x02z_csc_init.o
    0x0000055c   0x0000055c   0x0000006c   Code   RO          289    .text.CSC_XOSC_Enable  mg32x02z_csc_init.o
    0x000005c8   0x000005c8   0x0000004a   Code   RO          258    .text.CheckTruth    keys.o
    0x00000612   0x00000612   0x0000005a   Code   RO          304    .text.ChipInit      mg32x02z_chipinit.o
    0x0000066c   0x0000066c   0x00000002   Code   RO          256    .text.CopyFlash     keys.o
    0x0000066e   0x0000066e   0x00000002   PAD
    0x00000670   0x00000670   0x00000038   Code   RO          266    .text.DS1990_GetID  keys.o
    0x000006a8   0x000006a8   0x00000020   Code   RO           58    .text.Do_CRC        crc.o
    0x000006c8   0x000006c8   0x0000009c   Code   RO          254    .text.FillFlash     keys.o
    0x00000764   0x00000764   0x00000018   Code   RO          318    .text.GPIO_Init     mg32x02z_gpio_init.o
    0x0000077c   0x0000077c   0x00000012   Code   RO         1072    .text.GPIO_PinMode_Select  mg32x02z_gpio_drv.o
    0x0000078e   0x0000078e   0x00000022   Code   RO          175    .text.GetBlocksLeft  flash.o
    0x000007b0   0x000007b0   0x00000148   Code   RO          392    .text.HardFault_Handler_C  system_mg32x02z.o
    0x000008f8   0x000008f8   0x0000001c   Code   RO          207    .text.IAP_CopyIAPInRAM  iap.o
    0x00000914   0x00000914   0x00000010   Code   RO          203    .text.IAP_CopyRAMInIAP  iap.o
    0x00000924   0x00000924   0x0000001e   Code   RO          193    .text.IAP_Erase_OnePage  iap.o
    0x00000942   0x00000942   0x00000002   PAD
    0x00000944   0x00000944   0x000000b0   Code   RO          195    .text.IAP_Erase_Page  iap.o
    0x000009f4   0x000009f4   0x00000004   Code   RO          215    .text.IAP_GetPageNumberOfByte  iap.o
    0x000009f8   0x000009f8   0x00000038   Code   RO          191    .text.IAP_Init      iap.o
    0x00000a30   0x00000a30   0x000000c0   Code   RO          205    .text.IAP_Multiple_Write  iap.o
    0x00000af0   0x00000af0   0x00000018   Code   RO          199    .text.IAP_ReadByte  iap.o
    0x00000b08   0x00000b08   0x00000018   Code   RO          201    .text.IAP_ReadWord  iap.o
    0x00000b20   0x00000b20   0x00000018   Code   RO         1230    .text.IWDT_Cmd      mg32x02z_iwdt_drv.o
    0x00000b38   0x00000b38   0x00000014   Code   RO         1222    .text.IWDT_Divider_Select  mg32x02z_iwdt_drv.o
    0x00000b4c   0x00000b4c   0x00000010   Code   RO         2376    .text.IncTick       mg32x02z__common_drv.o
    0x00000b5c   0x00000b5c   0x00000008   Code   RO         1252    .text.MEM_ClearFlag  mg32x02z_mem_drv.o
    0x00000b64   0x00000b64   0x00000010   Code   RO         1250    .text.MEM_GetFlagStatus  mg32x02z_mem_drv.o
    0x00000b74   0x00000b74   0x0000000c   Code   RO         1290    .text.MEM_GetIAPSize  mg32x02z_mem_drv.o
    0x00000b80   0x00000b80   0x00000070   Code   RO         1292    .text.MEM_SetIAPSize  mg32x02z_mem_drv.o
    0x00000bf0   0x00000bf0   0x00000002   Code   RO          356    .text.NMI_Handler   mg32x02z__irqhandler.o
    0x00000bf2   0x00000bf2   0x00000002   PAD
    0x00000bf4   0x00000bf4   0x0000004c   Code   RO          235    .text.OneWire_Read  onewire.o
    0x00000c40   0x00000c40   0x0000003c   Code   RO          231    .text.OneWire_Start  onewire.o
    0x00000c7c   0x00000c7c   0x00000058   Code   RO          233    .text.OneWire_Write  onewire.o
    0x00000cd4   0x00000cd4   0x0000004c   Code   RO           12    .text.PRSM3AddNewByte  prsm3.o
    0x00000d20   0x00000d20   0x00000140   Code   RO           14    .text.PRSM3ReceiveLineComplete  prsm3.o
    0x00000e60   0x00000e60   0x00000002   Code   RO          360    .text.PendSV_Handler  mg32x02z__irqhandler.o
    0x00000e62   0x00000e62   0x00000008   Code   RO         2386    .text.ProtectModuleReg  mg32x02z__common_drv.o
    0x00000e6a   0x00000e6a   0x00000002   PAD
    0x00000e6c   0x00000e6c   0x00000030   Code   RO          328    .text.RST_Init      mg32x02z_rst_init.o
    0x00000e9c   0x00000e9c   0x000000dc   Code   RO          262    .text.RemoveKey     keys.o
    0x00000f78   0x00000f78   0x0000005c   Code   RO           16    .text.ReturnReply   prsm3.o
    0x00000fd4   0x00000fd4   0x00000002   Code   RO          358    .text.SVC_Handler   mg32x02z__irqhandler.o
    0x00000fd6   0x00000fd6   0x00000008   Code   RO          362    .text.SysTick_Handler  mg32x02z__irqhandler.o
    0x00000fde   0x00000fde   0x00000002   PAD
    0x00000fe0   0x00000fe0   0x00000010   Code   RO          390    .text.SystemInit    system_mg32x02z.o
    0x00000ff0   0x00000ff0   0x00000008   Code   RO           34    .text.TIM01_Callback  timers.o
    0x00000ff8   0x00000ff8   0x00000020   Code   RO           36    .text.TIM10_Callback  timers.o
    0x00001018   0x00001018   0x0000002c   Code   RO           38    .text.TIM16_Callback  timers.o
    0x00001044   0x00001044   0x00000060   Code   RO          142    .text.TM01_IRQ      timers_irq.o
    0x000010a4   0x000010a4   0x00000014   Code   RO          364    .text.TM0x_IRQHandler  mg32x02z__irqhandler.o
    0x000010b8   0x000010b8   0x0000005c   Code   RO          144    .text.TM10_IRQ      timers_irq.o
    0x00001114   0x00001114   0x00000008   Code   RO          366    .text.TM10_IRQHandler  mg32x02z__irqhandler.o
    0x0000111c   0x0000111c   0x00000060   Code   RO          146    .text.TM16_IRQ      timers_irq.o
    0x0000117c   0x0000117c   0x00000008   Code   RO          368    .text.TM1x_IRQHandler  mg32x02z__irqhandler.o
    0x00001184   0x00001184   0x00000004   Code   RO         1926    .text.TM_ClearFlag  mg32x02z_tm_drv.o
    0x00001188   0x00001188   0x0000000a   Code   RO         1922    .text.TM_GetSingleFlagStatus  mg32x02z_tm_drv.o
    0x00001192   0x00001192   0x00000010   Code   RO         1920    .text.TM_ITEA_Cmd   mg32x02z_tm_drv.o
    0x000011a2   0x000011a2   0x00000014   Code   RO         1918    .text.TM_IT_Config  mg32x02z_tm_drv.o
    0x000011b6   0x000011b6   0x00000002   PAD
    0x000011b8   0x000011b8   0x00000078   Code   RO          336    .text.TM_Init       mg32x02z_tm_init.o
    0x00001230   0x00001230   0x00000016   Code   RO         1648    .text.TM_Timer_Cmd  mg32x02z_tm_drv.o
    0x00001246   0x00001246   0x00000180   Code   RO          159    .text.URT0_IRQ      usart_irq.o
    0x000013c6   0x000013c6   0x00000008   Code   RO          370    .text.URT0_IRQHandler  mg32x02z__irqhandler.o
    0x000013ce   0x000013ce   0x00000008   Code   RO         1960    .text.URT_ClearITFlag  mg32x02z_urt_drv.o
    0x000013d6   0x000013d6   0x0000000c   Code   RO         1996    .text.URT_Cmd       mg32x02z_urt_drv.o
    0x000013e2   0x000013e2   0x00000002   PAD
    0x000013e4   0x000013e4   0x000000bc   Code   RO          344    .text.URT_Config    mg32x02z_urt_init.o
    0x000014a0   0x000014a0   0x00000008   Code   RO         1956    .text.URT_GetITAllFlagStatus  mg32x02z_urt_drv.o
    0x000014a8   0x000014a8   0x00000004   Code   RO         1952    .text.URT_GetITStatus  mg32x02z_urt_drv.o
    0x000014ac   0x000014ac   0x00000004   Code   RO         2076    .text.URT_GetRXData  mg32x02z_urt_drv.o
    0x000014b0   0x000014b0   0x0000000c   Code   RO         1954    .text.URT_ITEA_Cmd  mg32x02z_urt_drv.o
    0x000014bc   0x000014bc   0x0000000c   Code   RO         1950    .text.URT_IT_Config  mg32x02z_urt_drv.o
    0x000014c8   0x000014c8   0x0000001c   Code   RO          346    .text.URT_Init      mg32x02z_urt_init.o
    0x000014e4   0x000014e4   0x0000000c   Code   RO           81    .text.URT_IsTxEndTransmission  usart.o
    0x000014f0   0x000014f0   0x0000000a   Code   RO           79    .text.URT_IsTxReady  usart.o
    0x000014fa   0x000014fa   0x00000002   PAD
    0x000014fc   0x000014fc   0x00000010   Code   RO           71    .text.URT_Rx_Callback  usart.o
    0x0000150c   0x0000150c   0x00000032   Code   RO         2112    .text.URT_SetTXData  mg32x02z_urt_drv.o
    0x0000153e   0x0000153e   0x00000002   Code   RO          157    .text.URT_Tx_Callback  usart_irq.o
    0x00001540   0x00001540   0x0000001a   Code   RO           73    .text.URT_Write     usart.o
    0x0000155a   0x0000155a   0x00000018   Code   RO           75    .text.URT_WriteWord  usart.o
    0x00001572   0x00001572   0x00000002   PAD
    0x00001574   0x00001574   0x0000000c   Code   RO         2388    .text.UnProtectModuleReg  mg32x02z__common_drv.o
    0x00001580   0x00001580   0x00000014   Code   RO          306    .text.__NVIC_EnableIRQ  mg32x02z_chipinit.o
    0x00001594   0x00001594   0x00000028   Code   RO          308    .text.__NVIC_SetPriority  mg32x02z_chipinit.o
    0x000015bc   0x000015bc   0x00000024   Code   RO           18    .text.clearBuffer   prsm3.o
    0x000015e0   0x000015e0   0x00000012   Code   RO           42    .text.delay_ms      timers.o
    0x000015f2   0x000015f2   0x0000001c   Code   RO           40    .text.delay_one_ms  timers.o
    0x0000160e   0x0000160e   0x00000006   Code   RO           44    .text.delay_one_us  timers.o
    0x00001614   0x00001614   0x00000012   Code   RO           46    .text.delay_us      timers.o
    0x00001626   0x00001626   0x00000002   PAD
    0x00001628   0x00001628   0x00000138   Code   RO            2    .text.main          main.o
    0x00001760   0x00001760   0x00000018   Code   RO          122    .text.wdt_disable   wdt.o
    0x00001778   0x00001778   0x00000024   Code   RO          118    .text.wdt_enable    wdt.o
    0x0000179c   0x0000179c   0x00000020   Code   RO         2544    i.__0printf$5       mc_p.l(printf5.o)
    0x000017bc   0x000017bc   0x0000000e   Code   RO         2740    i.__scatterload_copy  mc_p.l(handlers.o)
    0x000017ca   0x000017ca   0x00000002   Code   RO         2741    i.__scatterload_null  mc_p.l(handlers.o)
    0x000017cc   0x000017cc   0x0000000e   Code   RO         2742    i.__scatterload_zeroinit  mc_p.l(handlers.o)
    0x000017da   0x000017da   0x00000002   PAD
    0x000017dc   0x000017dc   0x000002dc   Code   RO         2551    i._printf_core      mc_p.l(printf5.o)
    0x00001ab8   0x00001ab8   0x00000012   Code   RO         2700    i.fputc             mc_p.l(fputc.o)
    0x00001aca   0x00001aca   0x00000100   Data   RO           62    .rodata.CRC_Table   crc.o
    0x00001bca   0x00001bca   0x00000002   PAD
    0x00001bcc   0x00001bcc   0x00000050   Data   RO          295    .rodata.CSC_InitConfig  mg32x02z_csc_init.o
    0x00001c1c   0x00001c1c   0x00000074   Data   RO          320    .rodata.GPIO_CFG    mg32x02z_gpio_init.o
    0x00001c90   0x00001c90   0x00000033   Data   RO          403    .rodata.str1.1      system_mg32x02z.o
    0x00001cc3   0x00001cc3   0x00000001   PAD
    0x00001cc4   0x00001cc4   0x00000020   Data   RO         2739    Region$$Table       anon$$obj.o


    Execution Region ER_RW (Exec base: 0x20000000, Load base: 0x00001ce4, Size: 0x00000020, Max: 0xffffffff, ABSOLUTE)

    Exec Addr    Load Addr    Size         Type   Attr      Idx    E Section Name        Object

    0x20000000   0x00001ce4   0x00000004   Data   RW         2704    .data               mc_p.l(stdout.o)
    0x20000004   0x00001ce8   0x00000004   Data   RW          394    .data.SystemCoreClock  system_mg32x02z.o
    0x20000008   0x00001cec   0x00000008   Data   RW          268    .data.key1          keys.o
    0x20000010   0x00001cf4   0x00000008   Data   RW          269    .data.key2          keys.o
    0x20000018   0x00001cfc   0x00000008   Data   RW          270    .data.key3          keys.o


    Execution Region ER_ZI (Exec base: 0x20000020, Load base: 0x00001d04, Size: 0x00000660, Max: 0xffffffff, ABSOLUTE)

    Exec Addr    Load Addr    Size         Type   Attr      Idx    E Section Name        Object

    0x20000020        -       0x00000001   Zero   RW           25    .bss.CommandSize    prsm3.o
    0x20000021   0x00001d04   0x00000003   PAD
    0x20000024        -       0x00000004   Zero   RW          182    .bss.CurLastBlockPos  flash.o
    0x20000028        -       0x00000004   Zero   RW          400    .bss.HardFault_Handler_C.stacked_lr  system_mg32x02z.o
    0x2000002c        -       0x00000004   Zero   RW          401    .bss.HardFault_Handler_C.stacked_pc  system_mg32x02z.o
    0x20000030        -       0x00000004   Zero   RW          402    .bss.HardFault_Handler_C.stacked_psr  system_mg32x02z.o
    0x20000034        -       0x00000004   Zero   RW          395    .bss.HardFault_Handler_C.stacked_r0  system_mg32x02z.o
    0x20000038        -       0x00000004   Zero   RW          396    .bss.HardFault_Handler_C.stacked_r1  system_mg32x02z.o
    0x2000003c        -       0x00000004   Zero   RW          399    .bss.HardFault_Handler_C.stacked_r12  system_mg32x02z.o
    0x20000040        -       0x00000004   Zero   RW          397    .bss.HardFault_Handler_C.stacked_r2  system_mg32x02z.o
    0x20000044        -       0x00000004   Zero   RW          398    .bss.HardFault_Handler_C.stacked_r3  system_mg32x02z.o
    0x20000048        -       0x00000001   Zero   RW          105    .bss.InpWasChange   gpio.o
    0x20000049        -       0x00000001   Zero   RW           21    .bss.MessLen        prsm3.o
    0x2000004a        -       0x00000002   Zero   RW          108    .bss.ModInp         gpio.o
    0x2000004c        -       0x00000018   Zero   RW           24    .bss.RecBytes       prsm3.o
    0x20000064        -       0x0000000c   Zero   RW          181    .bss.cfg            flash.o
    0x20000070        -       0x00000200   Zero   RW          276    .bss.flashBlock     keys.o
    0x20000270        -       0x00000001   Zero   RW           20    .bss.iptr           prsm3.o
    0x20000271        -       0x00000008   Zero   RW          277    .bss.keyCurrent     keys.o
    0x20000279        -       0x00000001   Zero   RW           99    .bss.pisk_cnt       gpio.o
    0x2000027a        -       0x00000002   Zero   RW           23    .bss.usUsart        prsm3.o
    0x2000027c        -       0x00000004   Zero   RW         2392    .bss.uwTick         mg32x02z__common_drv.o
    0x20000280        -       0x00000400   Zero   RW          378    STACK               startup_mg32x02z.o


==============================================================================

Image component sizes


      Code (inc. data)   RO Data    RW Data    ZI Data      Debug   Object Name

        54          4        256          0          0       1199   crc.o
        34          0          0          0         16       2277   flash.o
         0          0          0          0          4       1536   gpio.o
       550         24          0          0          0      12650   iap.o
       512         28          0         24        520       3342   keys.o
       312         20          0          0          0      15003   main.o
        36          8          0          0          4       4938   mg32x02z__common_drv.o
        58          4          0          0          0      12201   mg32x02z__irqhandler.o
       150          8          0          0          0       2448   mg32x02z_chipinit.o
        48          4          0          0          0      19433   mg32x02z_csc_drv.o
       836         64         80          0          0       9590   mg32x02z_csc_init.o
        18          0          0          0          0       8870   mg32x02z_gpio_drv.o
        24          4        116          0          0        828   mg32x02z_gpio_init.o
        44          8          0          0          0       4179   mg32x02z_iwdt_drv.o
       148          8          0          0          0      13705   mg32x02z_mem_drv.o
        48         16          0          0          0       3827   mg32x02z_rst_init.o
        72          0          0          0          0      41136   mg32x02z_tm_drv.o
       120         24          0          0          0       7657   mg32x02z_tm_init.o
       110          4          0          0          0      33383   mg32x02z_urt_drv.o
       216         12          0          0          0       8020   mg32x02z_urt_init.o
       224          8          0          0          0       2031   onewire.o
       524         62          0          0         29      15373   prsm3.o
        60         12        192          0       1024        676   startup_mg32x02z.o
       344        196         51          4         32       1393   system_mg32x02z.o
       154         16          0          0          0       9441   timers.o
       284          8          0          0          0       9359   timers_irq.o
        88          0          0          0          0       8472   usart.o
       386          0          0          0          0       7779   usart_irq.o
        60          4          0          0          0       1947   wdt.o

    ----------------------------------------------------------------------
      5534        546        730         28       1632     262693   Object Totals
         0          0         32          0          0          0   (incl. Generated)
        20          0          3          0          3          0   (incl. Padding)

    ----------------------------------------------------------------------

      Code (inc. data)   RO Data    RW Data    ZI Data      Debug   Library Member Name

         0          0          0          0          0          0   entry.o
         0          0          0          0          0          0   entry10a.o
         0          0          0          0          0          0   entry11a.o
         8          4          0          0          0          0   entry2.o
         4          0          0          0          0          0   entry5.o
         0          0          0          0          0          0   entry7b.o
         0          0          0          0          0          0   entry8b.o
         8          4          0          0          0          0   entry9a.o
        18          0          0          0          0         72   fputc.o
        30          0          0          0          0          0   handlers.o
        36          8          0          0          0         68   init.o
         0          0          0          0          0          0   iusesemip.o
        32          0          0          0          0         68   llshl.o
        34          0          0          0          0         68   llushr.o
        36          0          0          0          0        100   memseta.o
       764         52          0          0          0        168   printf5.o
         0          0          0          0          0          0   semi.o
         0          0          0          4          0          0   stdout.o
        62          0          0          0          0         72   uidiv_div0.o
        96          0          0          0          0         84   uldiv.o

    ----------------------------------------------------------------------
      1132         68          0          4          0        700   Library Totals
         4          0          0          0          0          0   (incl. Padding)

    ----------------------------------------------------------------------

      Code (inc. data)   RO Data    RW Data    ZI Data      Debug   Library Name

      1128         68          0          4          0        700   mc_p.l

    ----------------------------------------------------------------------
      1132         68          0          4          0        700   Library Totals

    ----------------------------------------------------------------------

==============================================================================


      Code (inc. data)   RO Data    RW Data    ZI Data      Debug   

      6666        614        730         32       1632     262761   Grand Totals
      6666        614        730         32       1632     262761   ELF Image Totals
      6666        614        730         32          0          0   ROM Totals

==============================================================================

    Total RO  Size (Code + RO Data)                 7396 (   7.22kB)
    Total RW  Size (RW Data + ZI Data)              1664 (   1.63kB)
    Total ROM Size (Code + RO Data + RW Data)       7428 (   7.25kB)

==============================================================================

