Component: ARM Compiler 6.14.1 Tool: armlink [5db06d00]

==============================================================================

Section Cross References

    main.o(.text.main) refers to mg32x02z_chipinit.o(.text.ChipInit) for ChipInit
    main.o(.text.main) refers to iap.o(.text.IAP_Init) for IAP_Init
    main.o(.text.main) refers to mg32x02z_tm_drv.o(.text.TM_Timer_Cmd) for TM_Timer_Cmd
    main.o(.text.main) refers to mg32x02z_tm_drv.o(.text.TM_IT_Config) for TM_IT_Config
    main.o(.text.main) refers to mg32x02z_tm_drv.o(.text.TM_ITEA_Cmd) for TM_ITEA_Cmd
    main.o(.text.main) refers to mg32x02z_tm_drv.o(.text.TM_ClearFlag) for TM_ClearFlag
    main.o(.text.main) refers to mg32x02z_urt_drv.o(.text.URT_Cmd) for URT_Cmd
    main.o(.text.main) refers to mg32x02z_urt_drv.o(.text.URT_IT_Config) for URT_IT_Config
    main.o(.text.main) refers to mg32x02z_urt_drv.o(.text.URT_ITEA_Cmd) for URT_ITEA_Cmd
    main.o(.text.main) refers to iap.o(.text.IAP_ReadWord) for IAP_ReadWord
    main.o(.text.main) refers to flash.o(.text.FlashFirstInit) for FlashFirstInit
    main.o(.text.main) refers to flash.o(.text.FlashTestFill) for FlashTestFill
    main.o(.text.main) refers to wdt.o(.text.wdt_reset) for wdt_reset
    main.o(.ARM.exidx.text.main) refers to main.o(.text.main) for [Anonymous Symbol]
    prsm3.o(.text.PRSM3_AddNewByte) refers to mg32x02z_urt_drv.o(.text.URT_GetRXData) for URT_GetRXData
    prsm3.o(.text.PRSM3_AddNewByte) refers to prsm3.o(.bss.parsingStatus) for parsingStatus
    prsm3.o(.ARM.exidx.text.PRSM3_AddNewByte) refers to prsm3.o(.text.PRSM3_AddNewByte) for [Anonymous Symbol]
    prsm3.o(.text.PRSM3_ParseMessage) refers to mg32x02z_tm_drv.o(.text.TM_Timer_Cmd) for TM_Timer_Cmd
    prsm3.o(.text.PRSM3_ParseMessage) refers to timers.o(.text.delay_ms) for delay_ms
    prsm3.o(.text.PRSM3_ParseMessage) refers to prsm3.o(.text.PRSM3_ParseWriteRequest9) for PRSM3_ParseWriteRequest9
    prsm3.o(.text.PRSM3_ParseMessage) refers to prsm3.o(.text.PRSM3_ReturnReply) for PRSM3_ReturnReply
    prsm3.o(.text.PRSM3_ParseMessage) refers to prsm3.o(.text.PRSM3_ParseReadRequest) for PRSM3_ParseReadRequest
    prsm3.o(.text.PRSM3_ParseMessage) refers to prsm3.o(.text.PRSM3_ParseWriteRequest24) for PRSM3_ParseWriteRequest24
    prsm3.o(.text.PRSM3_ParseMessage) refers to prsm3.o(.bss.DecryptedMessageLen) for DecryptedMessageLen
    prsm3.o(.text.PRSM3_ParseMessage) refers to prsm3.o(.bss.usUsart) for usUsart
    prsm3.o(.text.PRSM3_ParseMessage) refers to prsm3.o(.bss.iptr) for iptr
    prsm3.o(.text.PRSM3_ParseMessage) refers to prsm3.o(.bss.CommandSize) for CommandSize
    prsm3.o(.text.PRSM3_ParseMessage) refers to prsm3.o(.bss.RecBytes) for RecBytes
    prsm3.o(.ARM.exidx.text.PRSM3_ParseMessage) refers to prsm3.o(.text.PRSM3_ParseMessage) for [Anonymous Symbol]
    prsm3.o(.text.PRSM3_ReturnReply) refers to crc.o(.text.Do_CRC) for Do_CRC
    prsm3.o(.text.PRSM3_ReturnReply) refers to wdt.o(.text.wdt_enable) for wdt_enable
    prsm3.o(.text.PRSM3_ReturnReply) refers to usart.o(.text.URT_Write) for URT_Write
    prsm3.o(.text.PRSM3_ReturnReply) refers to usart.o(.text.URT_IsTxEndTransmission) for URT_IsTxEndTransmission
    prsm3.o(.text.PRSM3_ReturnReply) refers to prsm3.o(.bss.RecBytes) for RecBytes
    prsm3.o(.text.PRSM3_ReturnReply) refers to prsm3.o(.bss.CommandSize) for CommandSize
    prsm3.o(.ARM.exidx.text.PRSM3_ReturnReply) refers to prsm3.o(.text.PRSM3_ReturnReply) for [Anonymous Symbol]
    prsm3.o(.text.PRSM3_ParseWriteRequest9) refers to flash.o(.text.ActivateKey) for ActivateKey
    prsm3.o(.text.PRSM3_ParseWriteRequest9) refers to prsm3.o(.text.PRSM3_ReturnReply) for PRSM3_ReturnReply
    prsm3.o(.text.PRSM3_ParseWriteRequest9) refers to flash.o(.text.DoCommand) for DoCommand
    prsm3.o(.text.PRSM3_ParseWriteRequest9) refers to flash.o(.text.SetVariable) for SetVariable
    prsm3.o(.text.PRSM3_ParseWriteRequest9) refers to prsm3.o(.bss.CommandSize) for CommandSize
    prsm3.o(.text.PRSM3_ParseWriteRequest9) refers to prsm3.o(.bss.RecBytes) for RecBytes
    prsm3.o(.ARM.exidx.text.PRSM3_ParseWriteRequest9) refers to prsm3.o(.text.PRSM3_ParseWriteRequest9) for [Anonymous Symbol]
    prsm3.o(.text.PRSM3_ParseWriteRequest24) refers to flash.o(.text.AddKey) for AddKey
    prsm3.o(.text.PRSM3_ParseWriteRequest24) refers to prsm3.o(.text.PRSM3_ReturnReply) for PRSM3_ReturnReply
    prsm3.o(.text.PRSM3_ParseWriteRequest24) refers to flash.o(.text.SetVariablePack) for SetVariablePack
    prsm3.o(.text.PRSM3_ParseWriteRequest24) refers to prsm3.o(.bss.CommandSize) for CommandSize
    prsm3.o(.text.PRSM3_ParseWriteRequest24) refers to prsm3.o(.bss.RecBytes) for RecBytes
    prsm3.o(.ARM.exidx.text.PRSM3_ParseWriteRequest24) refers to prsm3.o(.text.PRSM3_ParseWriteRequest24) for [Anonymous Symbol]
    prsm3.o(.text.PRSM3_ParseReadRequest) refers to flash.o(.text.GetVariable) for GetVariable
    prsm3.o(.text.PRSM3_ParseReadRequest) refers to prsm3.o(.text.PRSM3_ReturnReply) for PRSM3_ReturnReply
[...]
    Removing mg32x02z_cmp_drv.o(.text.CMP_IVREF_Cmd), (14 bytes).
    Removing mg32x02z_cmp_drv.o(.ARM.exidx.text.CMP_IVREF_Cmd), (8 bytes).
    Removing mg32x02z_cmp_drv.o(.text.CMP_IVREF2_Cmd), (18 bytes).
    Removing mg32x02z_cmp_drv.o(.ARM.exidx.text.CMP_IVREF2_Cmd), (8 bytes).
    Removing mg32x02z_cmp_drv.o(.text.CMP_IVREF_Select), (26 bytes).
    Removing mg32x02z_cmp_drv.o(.ARM.exidx.text.CMP_IVREF_Select), (8 bytes).
    Removing mg32x02z_cmp_drv.o(.text.CMP_IVREF2_Select), (28 bytes).
    Removing mg32x02z_cmp_drv.o(.ARM.exidx.text.CMP_IVREF2_Select), (8 bytes).
    Removing mg32x02z_cmp_drv.o(.text.CMP_PositivePin_Select), (18 bytes).
    Removing mg32x02z_cmp_drv.o(.ARM.exidx.text.CMP_PositivePin_Select), (8 bytes).
    Removing mg32x02z_cmp_drv.o(.text.CMP_NegativePin_Select), (18 bytes).
    Removing mg32x02z_cmp_drv.o(.ARM.exidx.text.CMP_NegativePin_Select), (8 bytes).
    Removing mg32x02z_cmp_drv.o(.text.CMP_SetHysteresisWindow), (16 bytes).
    Removing mg32x02z_cmp_drv.o(.ARM.exidx.text.CMP_SetHysteresisWindow), (8 bytes).
    Removing mg32x02z_cmp_drv.o(.text.CMP_IT_Config), (20 bytes).
    Removing mg32x02z_cmp_drv.o(.ARM.exidx.text.CMP_IT_Config), (8 bytes).
    Removing mg32x02z_cmp_drv.o(.text.CMP_ITEA_Cmd), (14 bytes).
    Removing mg32x02z_cmp_drv.o(.ARM.exidx.text.CMP_ITEA_Cmd), (8 bytes).
    Removing mg32x02z_cmp_drv.o(.text.CMP_GetSingleFlagStatus), (10 bytes).
    Removing mg32x02z_cmp_drv.o(.ARM.exidx.text.CMP_GetSingleFlagStatus), (8 bytes).
    Removing mg32x02z_cmp_drv.o(.text.CMP_GetAllFlagStatus), (4 bytes).
    Removing mg32x02z_cmp_drv.o(.ARM.exidx.text.CMP_GetAllFlagStatus), (8 bytes).
    Removing mg32x02z_cmp_drv.o(.text.CMP_ClearFlag), (4 bytes).
    Removing mg32x02z_cmp_drv.o(.ARM.exidx.text.CMP_ClearFlag), (8 bytes).
    Removing mg32x02z_cmp_drv.o(.text.CMP_GetOutput), (48 bytes).
    Removing mg32x02z_cmp_drv.o(.ARM.exidx.text.CMP_GetOutput), (8 bytes).
    Removing mg32x02z_csc_drv.o(.text), (0 bytes).
    Removing mg32x02z_csc_drv.o(.ARM.exidx.text.CSC_IHRCO_Cmd), (8 bytes).
    Removing mg32x02z_csc_drv.o(.text.CSC_IHRCO_Select), (28 bytes).
    Removing mg32x02z_csc_drv.o(.ARM.exidx.text.CSC_IHRCO_Select), (8 bytes).
    Removing mg32x02z_csc_drv.o(.text.CSC_XOSC_Cmd), (32 bytes).
    Removing mg32x02z_csc_drv.o(.ARM.exidx.text.CSC_XOSC_Cmd), (8 bytes).
    Removing mg32x02z_csc_drv.o(.text.CSC_XOSCGain_Select), (20 bytes).
    Removing mg32x02z_csc_drv.o(.ARM.exidx.text.CSC_XOSCGain_Select), (8 bytes).
    Removing mg32x02z_csc_drv.o(.text.CSC_CK_ST_Select), (20 bytes).
    Removing mg32x02z_csc_drv.o(.ARM.exidx.text.CSC_CK_ST_Select), (8 bytes).
    Removing mg32x02z_csc_drv.o(.text.CSC_CK_MAIN_Select), (20 bytes).
    Removing mg32x02z_csc_drv.o(.ARM.exidx.text.CSC_CK_MAIN_Select), (8 bytes).
    Removing mg32x02z_csc_drv.o(.text.CSC_CK_HS_Select), (20 bytes).
    Removing mg32x02z_csc_drv.o(.ARM.exidx.text.CSC_CK_HS_Select), (8 bytes).
    Removing mg32x02z_csc_drv.o(.text.CSC_CK_LS_Select), (20 bytes).
    Removing mg32x02z_csc_drv.o(.ARM.exidx.text.CSC_CK_LS_Select), (8 bytes).
    Removing mg32x02z_csc_drv.o(.text.CSC_PLL_Config), (48 bytes).
    Removing mg32x02z_csc_drv.o(.ARM.exidx.text.CSC_PLL_Config), (8 bytes).
    Removing mg32x02z_csc_drv.o(.text.CSC_PLL_Cmd), (28 bytes).
    Removing mg32x02z_csc_drv.o(.ARM.exidx.text.CSC_PLL_Cmd), (8 bytes).
    Removing mg32x02z_csc_drv.o(.text.CSC_CK_APB_Divider_Select), (20 bytes).
    Removing mg32x02z_csc_drv.o(.ARM.exidx.text.CSC_CK_APB_Divider_Select), (8 bytes).
    Removing mg32x02z_csc_drv.o(.text.CSC_CK_UT_Divider_Select), (20 bytes).
    Removing mg32x02z_csc_drv.o(.ARM.exidx.text.CSC_CK_UT_Divider_Select), (8 bytes).
    Removing mg32x02z_csc_drv.o(.text.CSC_CK_AHB_Divider_Select), (20 bytes).
    Removing mg32x02z_csc_drv.o(.ARM.exidx.text.CSC_CK_AHB_Divider_Select), (8 bytes).
    Removing mg32x02z_csc_drv.o(.text.CSC_ICKO_ClockSource_Select), (20 bytes).
    Removing mg32x02z_csc_drv.o(.ARM.exidx.text.CSC_ICKO_ClockSource_Select), (8 bytes).
    Removing mg32x02z_csc_drv.o(.text.CSC_ICKO_Divider_Select), (20 bytes).
    Removing mg32x02z_csc_drv.o(.ARM.exidx.text.CSC_ICKO_Divider_Select), (8 bytes).
    Removing mg32x02z_csc_drv.o(.text.CSC_ICKO_Cmd), (28 bytes).
    Removing mg32x02z_csc_drv.o(.ARM.exidx.text.CSC_ICKO_Cmd), (8 bytes).
    Removing mg32x02z_csc_drv.o(.text.CSC_MissingClockDetectionDuration_Select), (20 bytes).
    Removing mg32x02z_csc_drv.o(.ARM.exidx.text.CSC_MissingClockDetectionDuration_Select), (8 bytes).
    Removing mg32x02z_csc_drv.o(.text.CSC_MissingClockDetection_Cmd), (28 bytes).
    Removing mg32x02z_csc_drv.o(.ARM.exidx.text.CSC_MissingClockDetection_Cmd), (8 bytes).
    Removing mg32x02z_csc_drv.o(.text.CSC_PeriphProcessClockSource_Config), (92 bytes).
    Removing mg32x02z_csc_drv.o(.ARM.exidx.text.CSC_PeriphProcessClockSource_Config), (8 bytes).
    Removing mg32x02z_csc_drv.o(.text.CSC_PeriphONModeClock_Config), (112 bytes).
    Removing mg32x02z_csc_drv.o(.ARM.exidx.text.CSC_PeriphONModeClock_Config), (8 bytes).
    Removing mg32x02z_csc_drv.o(.text.CSC_PeriphSLEEPModeClock_Config), (80 bytes).
    Removing mg32x02z_csc_drv.o(.ARM.exidx.text.CSC_PeriphSLEEPModeClock_Config), (8 bytes).
    Removing mg32x02z_csc_drv.o(.text.CSC_PeriphSTOPModeClock_Config), (32 bytes).
    Removing mg32x02z_csc_drv.o(.ARM.exidx.text.CSC_PeriphSTOPModeClock_Config), (8 bytes).
    Removing mg32x02z_csc_drv.o(.text.CSC_GetAllFlagStatus), (12 bytes).
    Removing mg32x02z_csc_drv.o(.ARM.exidx.text.CSC_GetAllFlagStatus), (8 bytes).
    Removing mg32x02z_csc_drv.o(.ARM.exidx.text.CSC_GetClockSourceState), (8 bytes).
    Removing mg32x02z_csc_drv.o(.text.CSC_GetMainSwitchState), (24 bytes).
    Removing mg32x02z_csc_drv.o(.ARM.exidx.text.CSC_GetMainSwitchState), (8 bytes).
    Removing mg32x02z_csc_drv.o(.text.CSC_GetHsSwitchState), (24 bytes).
    Removing mg32x02z_csc_drv.o(.ARM.exidx.text.CSC_GetHsSwitchState), (8 bytes).
    Removing mg32x02z_csc_drv.o(.text.CSC_GetLsSwitchState), (24 bytes).
    Removing mg32x02z_csc_drv.o(.ARM.exidx.text.CSC_GetLsSwitchState), (8 bytes).
    Removing mg32x02z_csc_drv.o(.text.CSC_GetSingleFlagStatus), (20 bytes).
    Removing mg32x02z_csc_drv.o(.ARM.exidx.text.CSC_GetSingleFlagStatus), (8 bytes).
    Removing mg32x02z_csc_drv.o(.ARM.exidx.text.CSC_ClearFlag), (8 bytes).
    Removing mg32x02z_csc_drv.o(.text.CSC_IT_Config), (24 bytes).
    Removing mg32x02z_csc_drv.o(.ARM.exidx.text.CSC_IT_Config), (8 bytes).
    Removing mg32x02z_csc_drv.o(.text.CSC_ITEA_Cmd), (28 bytes).
    Removing mg32x02z_csc_drv.o(.ARM.exidx.text.CSC_ITEA_Cmd), (8 bytes).
    Removing mg32x02z_dma_drv.o(.text), (0 bytes).
    Removing mg32x02z_dma_drv.o(.text.DMA_DeInit), (26 bytes).
    Removing mg32x02z_dma_drv.o(.ARM.exidx.text.DMA_DeInit), (8 bytes).
    Removing mg32x02z_dma_drv.o(.text.DMA_BaseInitStructure_Init), (64 bytes).
    Removing mg32x02z_dma_drv.o(.ARM.exidx.text.DMA_BaseInitStructure_Init), (8 bytes).
    Removing mg32x02z_dma_drv.o(.text.DMA_Base_Init), (362 bytes).
    Removing mg32x02z_dma_drv.o(.ARM.exidx.text.DMA_Base_Init), (8 bytes).
    Removing mg32x02z_dma_drv.o(.text.DMA_SetExtTriggerPin), (10 bytes).
    Removing mg32x02z_dma_drv.o(.ARM.exidx.text.DMA_SetExtTriggerPin), (8 bytes).
    Removing mg32x02z_dma_drv.o(.text.DMA_SetExtTriggerMode), (18 bytes).
    Removing mg32x02z_dma_drv.o(.ARM.exidx.text.DMA_SetExtTriggerMode), (8 bytes).
    Removing mg32x02z_dma_drv.o(.text.DMA_LoopMode_Cmd), (16 bytes).
    Removing mg32x02z_dma_drv.o(.ARM.exidx.text.DMA_LoopMode_Cmd), (8 bytes).
    Removing mg32x02z_dma_drv.o(.text.DMA_AutoIncreaseSourceAddress), (18 bytes).
    Removing mg32x02z_dma_drv.o(.ARM.exidx.text.DMA_AutoIncreaseSourceAddress), (8 bytes).
    Removing mg32x02z_dma_drv.o(.text.DMA_AutoIncreaseDestinationAddress), (18 bytes).
    Removing mg32x02z_dma_drv.o(.ARM.exidx.text.DMA_AutoIncreaseDestinationAddress), (8 bytes).
    Removing mg32x02z_dma_drv.o(.text.DMA_Source_Select), (14 bytes).
    Removing mg32x02z_dma_drv.o(.ARM.exidx.text.DMA_Source_Select), (8 bytes).
    Removing mg32x02z_dma_drv.o(.text.DMA_Destination_Select), (18 bytes).
    Removing mg32x02z_dma_drv.o(.ARM.exidx.text.DMA_Destination_Select), (8 bytes).
    Removing mg32x02z_dma_drv.o(.text.DMA_SetBurstSize), (18 bytes).
    Removing mg32x02z_dma_drv.o(.ARM.exidx.text.DMA_SetBurstSize), (8 bytes).
    Removing mg32x02z_dma_drv.o(.text.DMA_SetTransferDataNumber), (4 bytes).
    Removing mg32x02z_dma_drv.o(.ARM.exidx.text.DMA_SetTransferDataNumber), (8 bytes).
    Removing mg32x02z_dma_drv.o(.text.DMA_SetSourceAddress), (4 bytes).
    Removing mg32x02z_dma_drv.o(.ARM.exidx.text.DMA_SetSourceAddress), (8 bytes).
    Removing mg32x02z_dma_drv.o(.text.DMA_SetDestinationAddress), (4 bytes).
    Removing mg32x02z_dma_drv.o(.ARM.exidx.text.DMA_SetDestinationAddress), (8 bytes).
    Removing mg32x02z_dma_drv.o(.text.DMA_Cmd), (20 bytes).
    Removing mg32x02z_dma_drv.o(.ARM.exidx.text.DMA_Cmd), (8 bytes).
    Removing mg32x02z_dma_drv.o(.text.DMA_SetExtraGPLChannel), (16 bytes).
    Removing mg32x02z_dma_drv.o(.ARM.exidx.text.DMA_SetExtraGPLChannel), (8 bytes).
    Removing mg32x02z_dma_drv.o(.text.DMA_GetCHxUseGPL), (8 bytes).
    Removing mg32x02z_dma_drv.o(.ARM.exidx.text.DMA_GetCHxUseGPL), (8 bytes).
    Removing mg32x02z_dma_drv.o(.text.DMA_PriorityMode_Select), (10 bytes).
    Removing mg32x02z_dma_drv.o(.ARM.exidx.text.DMA_PriorityMode_Select), (8 bytes).
    Removing mg32x02z_dma_drv.o(.text.DMA_FlashMode_Select), (16 bytes).
    Removing mg32x02z_dma_drv.o(.ARM.exidx.text.DMA_FlashMode_Select), (8 bytes).
    Removing mg32x02z_dma_drv.o(.text.DMA_StartRequest), (12 bytes).
    Removing mg32x02z_dma_drv.o(.ARM.exidx.text.DMA_StartRequest), (8 bytes).
    Removing mg32x02z_dma_drv.o(.text.DMA_Channel_Cmd), (14 bytes).
    Removing mg32x02z_dma_drv.o(.ARM.exidx.text.DMA_Channel_Cmd), (8 bytes).
    Removing mg32x02z_dma_drv.o(.text.DMA_LastCycle_Cmd), (16 bytes).
    Removing mg32x02z_dma_drv.o(.ARM.exidx.text.DMA_LastCycle_Cmd), (8 bytes).
    Removing mg32x02z_dma_drv.o(.text.DMA_Hold_Cmd), (16 bytes).
    Removing mg32x02z_dma_drv.o(.ARM.exidx.text.DMA_Hold_Cmd), (8 bytes).
    Removing mg32x02z_dma_drv.o(.text.DMA_GetCurrentSourceAddress), (4 bytes).
    Removing mg32x02z_dma_drv.o(.ARM.exidx.text.DMA_GetCurrentSourceAddress), (8 bytes).
    Removing mg32x02z_dma_drv.o(.text.DMA_GetCurrentDestinationAddress), (4 bytes).
    Removing mg32x02z_dma_drv.o(.ARM.exidx.text.DMA_GetCurrentDestinationAddress), (8 bytes).
    Removing mg32x02z_dma_drv.o(.text.DMA_GetRemainDataCount), (4 bytes).
    Removing mg32x02z_dma_drv.o(.ARM.exidx.text.DMA_GetRemainDataCount), (8 bytes).
    Removing mg32x02z_dma_drv.o(.text.DMA_SetPriority), (10 bytes).
    Removing mg32x02z_dma_drv.o(.ARM.exidx.text.DMA_SetPriority), (8 bytes).
    Removing mg32x02z_dma_drv.o(.text.DMA_SetChxSKIP3Mode), (16 bytes).
    Removing mg32x02z_dma_drv.o(.ARM.exidx.text.DMA_SetChxSKIP3Mode), (8 bytes).
    Removing mg32x02z_dma_drv.o(.text.DMA_IT_Config), (18 bytes).
    Removing mg32x02z_dma_drv.o(.ARM.exidx.text.DMA_IT_Config), (8 bytes).
    Removing mg32x02z_dma_drv.o(.text.DMA_ITEA_Cmd), (14 bytes).
    Removing mg32x02z_dma_drv.o(.ARM.exidx.text.DMA_ITEA_Cmd), (8 bytes).
    Removing mg32x02z_dma_drv.o(.text.DMA_GetSingleFlagStatus), (10 bytes).
    Removing mg32x02z_dma_drv.o(.ARM.exidx.text.DMA_GetSingleFlagStatus), (8 bytes).
    Removing mg32x02z_dma_drv.o(.text.DMA_GetAllFlagStatus), (4 bytes).
    Removing mg32x02z_dma_drv.o(.ARM.exidx.text.DMA_GetAllFlagStatus), (8 bytes).
    Removing mg32x02z_dma_drv.o(.text.DMA_ClearFlag), (4 bytes).
    Removing mg32x02z_dma_drv.o(.ARM.exidx.text.DMA_ClearFlag), (8 bytes).
    Removing mg32x02z_dma_drv.o(.text.DMA_GetChannelFlag), (10 bytes).
    Removing mg32x02z_dma_drv.o(.ARM.exidx.text.DMA_GetChannelFlag), (8 bytes).
    Removing mg32x02z_dma_drv.o(.text.DMA_ClearChannelFlag), (4 bytes).
    Removing mg32x02z_dma_drv.o(.ARM.exidx.text.DMA_ClearChannelFlag), (8 bytes).
    Removing mg32x02z_exic_drv.o(.text), (0 bytes).
    Removing mg32x02z_exic_drv.o(.text.EXIC_PxTriggerMode_Select), (56 bytes).
    Removing mg32x02z_exic_drv.o(.ARM.exidx.text.EXIC_PxTriggerMode_Select), (8 bytes).
    Removing mg32x02z_exic_drv.o(.text.EXIC_PxTriggerAndMask_Select), (4 bytes).
    Removing mg32x02z_exic_drv.o(.ARM.exidx.text.EXIC_PxTriggerAndMask_Select), (8 bytes).
    Removing mg32x02z_exic_drv.o(.text.EXIC_PxTriggerOrMask_Select), (4 bytes).
    Removing mg32x02z_exic_drv.o(.ARM.exidx.text.EXIC_PxTriggerOrMask_Select), (8 bytes).
    Removing mg32x02z_exic_drv.o(.text.EXIC_PxTriggerAndUnmatch_Cmd), (24 bytes).
    Removing mg32x02z_exic_drv.o(.ARM.exidx.text.EXIC_PxTriggerAndUnmatch_Cmd), (8 bytes).
    Removing mg32x02z_exic_drv.o(.text.EXIC_PxTriggerITEA_Cmd), (24 bytes).
    Removing mg32x02z_exic_drv.o(.ARM.exidx.text.EXIC_PxTriggerITEA_Cmd), (8 bytes).
    Removing mg32x02z_exic_drv.o(.text.EXIC_GetPxAllTriggerEventFlagStatus), (4 bytes).
    Removing mg32x02z_exic_drv.o(.ARM.exidx.text.EXIC_GetPxAllTriggerEventFlagStatus), (8 bytes).
    Removing mg32x02z_exic_drv.o(.text.EXIC_GetPxAllTriggerITFlagStatus), (20 bytes).
    Removing mg32x02z_exic_drv.o(.ARM.exidx.text.EXIC_GetPxAllTriggerITFlagStatus), (8 bytes).
    Removing mg32x02z_exic_drv.o(.text.EXIC_GetPinxTriggerEventSingleFlagStatus), (10 bytes).
    Removing mg32x02z_exic_drv.o(.ARM.exidx.text.EXIC_GetPinxTriggerEventSingleFlagStatus), (8 bytes).
    Removing mg32x02z_exic_drv.o(.text.EXIC_GetPxTriggerAndITFlagStatus), (20 bytes).
    Removing mg32x02z_exic_drv.o(.ARM.exidx.text.EXIC_GetPxTriggerAndITFlagStatus), (8 bytes).
    Removing mg32x02z_exic_drv.o(.text.EXIC_GetPxTriggerOrITFlagStatus), (18 bytes).
    Removing mg32x02z_exic_drv.o(.ARM.exidx.text.EXIC_GetPxTriggerOrITFlagStatus), (8 bytes).
    Removing mg32x02z_exic_drv.o(.text.EXIC_ClearPxTriggerEventFlag), (4 bytes).
    Removing mg32x02z_exic_drv.o(.ARM.exidx.text.EXIC_ClearPxTriggerEventFlag), (8 bytes).
    Removing mg32x02z_exic_drv.o(.text.EXIC_ClearPxTriggerITFlag), (12 bytes).
    Removing mg32x02z_exic_drv.o(.ARM.exidx.text.EXIC_ClearPxTriggerITFlag), (8 bytes).
    Removing mg32x02z_exic_drv.o(.text.EXIC_GetITSourceID), (12 bytes).
    Removing mg32x02z_exic_drv.o(.ARM.exidx.text.EXIC_GetITSourceID), (8 bytes).
    Removing mg32x02z_exic_drv.o(.text.EXIC_RXEV_Cmd), (24 bytes).
    Removing mg32x02z_exic_drv.o(.ARM.exidx.text.EXIC_RXEV_Cmd), (8 bytes).
    Removing mg32x02z_exic_drv.o(.text.EXIC_NMI_Cmd), (24 bytes).
    Removing mg32x02z_exic_drv.o(.ARM.exidx.text.EXIC_NMI_Cmd), (8 bytes).
    Removing mg32x02z_exic_drv.o(.text.EXIC_NMITrigger_SW), (16 bytes).
    Removing mg32x02z_exic_drv.o(.ARM.exidx.text.EXIC_NMITrigger_SW), (8 bytes).
    Removing mg32x02z_exic_drv.o(.text.EXIC_NMI_Select), (24 bytes).
    Removing mg32x02z_exic_drv.o(.ARM.exidx.text.EXIC_NMI_Select), (8 bytes).
    Removing mg32x02z_gpio_drv.o(.text), (0 bytes).
    Removing mg32x02z_gpio_drv.o(.text.GPIO_PinMode_Config), (64 bytes).
    Removing mg32x02z_gpio_drv.o(.ARM.exidx.text.GPIO_PinMode_Config), (8 bytes).
    Removing mg32x02z_gpio_drv.o(.text.GPIO_PortMode_Config), (128 bytes).
    Removing mg32x02z_gpio_drv.o(.ARM.exidx.text.GPIO_PortMode_Config), (8 bytes).
    Removing mg32x02z_gpio_drv.o(.text.GPIO_PinMode_Select), (18 bytes).
    Removing mg32x02z_gpio_drv.o(.ARM.exidx.text.GPIO_PinMode_Select), (8 bytes).
    Removing mg32x02z_gpio_drv.o(.text.GPIO_PinHighSpeedMode_Cmd), (16 bytes).
    Removing mg32x02z_gpio_drv.o(.ARM.exidx.text.GPIO_PinHighSpeedMode_Cmd), (8 bytes).
    Removing mg32x02z_gpio_drv.o(.text.GPIO_PinPUResister_Cmd), (16 bytes).
    Removing mg32x02z_gpio_drv.o(.ARM.exidx.text.GPIO_PinPUResister_Cmd), (8 bytes).
    Removing mg32x02z_gpio_drv.o(.text.GPIO_PinInverse_Cmd), (16 bytes).
    Removing mg32x02z_gpio_drv.o(.ARM.exidx.text.GPIO_PinInverse_Cmd), (8 bytes).
    Removing mg32x02z_gpio_drv.o(.text.GPIO_PinOutputDrive_Select), (18 bytes).
    Removing mg32x02z_gpio_drv.o(.ARM.exidx.text.GPIO_PinOutputDrive_Select), (8 bytes).
    Removing mg32x02z_gpio_drv.o(.text.GPIO_PinInFilterDivider_Select), (18 bytes).
    Removing mg32x02z_gpio_drv.o(.ARM.exidx.text.GPIO_PinInFilterDivider_Select), (8 bytes).
    Removing mg32x02z_gpio_drv.o(.text.GPIO_PinFunction_Select), (24 bytes).
    Removing mg32x02z_gpio_drv.o(.ARM.exidx.text.GPIO_PinFunction_Select), (8 bytes).
    Removing mg32x02z_gpio_drv.o(.text.GPIO_PortFilterClockSource_Select), (14 bytes).
    Removing mg32x02z_gpio_drv.o(.ARM.exidx.text.GPIO_PortFilterClockSource_Select), (8 bytes).
    Removing mg32x02z_gpio_drv.o(.text.GPIO_WritePort), (4 bytes).
    Removing mg32x02z_gpio_drv.o(.ARM.exidx.text.GPIO_WritePort), (8 bytes).
    Removing mg32x02z_gpio_drv.o(.text.GPIO_ReadPort), (4 bytes).
    Removing mg32x02z_gpio_drv.o(.ARM.exidx.text.GPIO_ReadPort), (8 bytes).
    Removing mg32x02z_gpio_drv.o(.text.GPIO_SetPortBit), (4 bytes).
    Removing mg32x02z_gpio_drv.o(.ARM.exidx.text.GPIO_SetPortBit), (8 bytes).
    Removing mg32x02z_gpio_drv.o(.text.GPIO_ClearPortBit), (4 bytes).
    Removing mg32x02z_gpio_drv.o(.ARM.exidx.text.GPIO_ClearPortBit), (8 bytes).
    Removing mg32x02z_gpio_drv.o(.text.GPIO_SetClearPortBit), (8 bytes).
    Removing mg32x02z_gpio_drv.o(.ARM.exidx.text.GPIO_SetClearPortBit), (8 bytes).
    Removing mg32x02z_gpl_drv.o(.text), (0 bytes).
    Removing mg32x02z_gpl_drv.o(.text.GPL_ParityCheck_Select), (20 bytes).
    Removing mg32x02z_gpl_drv.o(.ARM.exidx.text.GPL_ParityCheck_Select), (8 bytes).
    Removing mg32x02z_gpl_drv.o(.text.GPL_GetParityCheckWord), (14 bytes).
    Removing mg32x02z_gpl_drv.o(.ARM.exidx.text.GPL_GetParityCheckWord), (8 bytes).
    Removing mg32x02z_gpl_drv.o(.text.GPL_GetParityCheckHalfWord), (34 bytes).
    Removing mg32x02z_gpl_drv.o(.ARM.exidx.text.GPL_GetParityCheckHalfWord), (8 bytes).
    Removing mg32x02z_gpl_drv.o(.text.GPL_GetParityCheckHalfWord_Low), (14 bytes).
    Removing mg32x02z_gpl_drv.o(.ARM.exidx.text.GPL_GetParityCheckHalfWord_Low), (8 bytes).
    Removing mg32x02z_gpl_drv.o(.text.GPL_GetParityCheckHalfWord_High), (14 bytes).
    Removing mg32x02z_gpl_drv.o(.ARM.exidx.text.GPL_GetParityCheckHalfWord_High), (8 bytes).
    Removing mg32x02z_gpl_drv.o(.text.GPL_GetParityCheckByte_0), (14 bytes).
    Removing mg32x02z_gpl_drv.o(.ARM.exidx.text.GPL_GetParityCheckByte_0), (8 bytes).
    Removing mg32x02z_gpl_drv.o(.text.GPL_GetParityCheckByte_1), (14 bytes).
    Removing mg32x02z_gpl_drv.o(.ARM.exidx.text.GPL_GetParityCheckByte_1), (8 bytes).
    Removing mg32x02z_gpl_drv.o(.text.GPL_GetParityCheckByte_2), (14 bytes).
    Removing mg32x02z_gpl_drv.o(.ARM.exidx.text.GPL_GetParityCheckByte_2), (8 bytes).
    Removing mg32x02z_gpl_drv.o(.text.GPL_GetParityCheckByte_3), (14 bytes).
    Removing mg32x02z_gpl_drv.o(.ARM.exidx.text.GPL_GetParityCheckByte_3), (8 bytes).
    Removing mg32x02z_gpl_drv.o(.text.GPL_GetParityCheckByte), (26 bytes).
    Removing mg32x02z_gpl_drv.o(.ARM.exidx.text.GPL_GetParityCheckByte), (8 bytes).
    Removing mg32x02z_gpl_drv.o(.text.GPL_Inverse_Cmd), (28 bytes).
    Removing mg32x02z_gpl_drv.o(.ARM.exidx.text.GPL_Inverse_Cmd), (8 bytes).
    Removing mg32x02z_gpl_drv.o(.text.GPL_ByteOrderChange_Cmd), (28 bytes).
    Removing mg32x02z_gpl_drv.o(.ARM.exidx.text.GPL_ByteOrderChange_Cmd), (8 bytes).
    Removing mg32x02z_gpl_drv.o(.text.GPL_16BitsByteOrderChange_Cmd), (28 bytes).
    Removing mg32x02z_gpl_drv.o(.ARM.exidx.text.GPL_16BitsByteOrderChange_Cmd), (8 bytes).
    Removing mg32x02z_gpl_drv.o(.text.GPL_BeforeBitOrderChange_Select), (20 bytes).
    Removing mg32x02z_gpl_drv.o(.ARM.exidx.text.GPL_BeforeBitOrderChange_Select), (8 bytes).
    Removing mg32x02z_gpl_drv.o(.text.GPL_AfterBitOrderChange_Select), (20 bytes).
    Removing mg32x02z_gpl_drv.o(.ARM.exidx.text.GPL_AfterBitOrderChange_Select), (8 bytes).
    Removing mg32x02z_gpl_drv.o(.text.GPL_CRC_Mode_Select), (20 bytes).
    Removing mg32x02z_gpl_drv.o(.ARM.exidx.text.GPL_CRC_Mode_Select), (8 bytes).
    Removing mg32x02z_gpl_drv.o(.text.GPL_CRC_Data_Size_Select), (20 bytes).
    Removing mg32x02z_gpl_drv.o(.ARM.exidx.text.GPL_CRC_Data_Size_Select), (8 bytes).
    Removing mg32x02z_gpl_drv.o(.text.GPL_CRC_SetInitValue), (12 bytes).
    Removing mg32x02z_gpl_drv.o(.ARM.exidx.text.GPL_CRC_SetInitValue), (8 bytes).
    Removing mg32x02z_gpl_drv.o(.text.GPL_CRC_Cmd), (28 bytes).
    Removing mg32x02z_gpl_drv.o(.ARM.exidx.text.GPL_CRC_Cmd), (8 bytes).
    Removing mg32x02z_gpl_drv.o(.text.GPL_DMA_Cmd), (28 bytes).
    Removing mg32x02z_gpl_drv.o(.ARM.exidx.text.GPL_DMA_Cmd), (8 bytes).
    Removing mg32x02z_gpl_drv.o(.text.GPL_DataInput), (12 bytes).
    Removing mg32x02z_gpl_drv.o(.ARM.exidx.text.GPL_DataInput), (8 bytes).
    Removing mg32x02z_gpl_drv.o(.text.GPL_GetOutputData), (16 bytes).
    Removing mg32x02z_gpl_drv.o(.ARM.exidx.text.GPL_GetOutputData), (8 bytes).
    Removing mg32x02z_gpl_drv.o(.text.GPL_GetAllFlagStatus), (8 bytes).
    Removing mg32x02z_gpl_drv.o(.ARM.exidx.text.GPL_GetAllFlagStatus), (8 bytes).
    Removing mg32x02z_gpl_drv.o(.text.GPL_GetFlagStatus), (16 bytes).
    Removing mg32x02z_gpl_drv.o(.ARM.exidx.text.GPL_GetFlagStatus), (8 bytes).
    Removing mg32x02z_i2c_drv.o(.text), (0 bytes).
    Removing mg32x02z_i2c_drv.o(.text.I2C_SetClockSource), (12 bytes).
    Removing mg32x02z_i2c_drv.o(.ARM.exidx.text.I2C_SetClockSource), (8 bytes).
    Removing mg32x02z_i2c_drv.o(.text.I2C_SetClockPrescaler), (12 bytes).
    Removing mg32x02z_i2c_drv.o(.ARM.exidx.text.I2C_SetClockPrescaler), (8 bytes).
    Removing mg32x02z_i2c_drv.o(.text.I2C_SetClockDivider), (16 bytes).
    Removing mg32x02z_i2c_drv.o(.ARM.exidx.text.I2C_SetClockDivider), (8 bytes).
    Removing mg32x02z_i2c_drv.o(.text.I2C_SetSCLHighTime), (4 bytes).
    Removing mg32x02z_i2c_drv.o(.ARM.exidx.text.I2C_SetSCLHighTime), (8 bytes).
    Removing mg32x02z_i2c_drv.o(.text.I2C_SetSCLLowTime), (4 bytes).
    Removing mg32x02z_i2c_drv.o(.ARM.exidx.text.I2C_SetSCLLowTime), (8 bytes).
    Removing mg32x02z_i2c_drv.o(.text.I2C_SetPreDriveTime), (16 bytes).
    Removing mg32x02z_i2c_drv.o(.ARM.exidx.text.I2C_SetPreDriveTime), (8 bytes).
    Removing mg32x02z_i2c_drv.o(.text.I2C_GeneralCallAddress_Cmd), (22 bytes).
    Removing mg32x02z_i2c_drv.o(.ARM.exidx.text.I2C_GeneralCallAddress_Cmd), (8 bytes).
    Removing mg32x02z_i2c_drv.o(.text.I2C_SlaveAddressDetect_Cmd), (20 bytes).
    Removing mg32x02z_i2c_drv.o(.ARM.exidx.text.I2C_SlaveAddressDetect_Cmd), (8 bytes).
    Removing mg32x02z_i2c_drv.o(.text.I2C_SetSlaveAddress), (16 bytes).
    Removing mg32x02z_i2c_drv.o(.ARM.exidx.text.I2C_SetSlaveAddress), (8 bytes).
    Removing mg32x02z_i2c_drv.o(.text.I2C_SetSlaveAddress1Mask), (6 bytes).
    Removing mg32x02z_i2c_drv.o(.ARM.exidx.text.I2C_SetSlaveAddress1Mask), (8 bytes).
    Removing mg32x02z_i2c_drv.o(.text.I2C_GetSlaveAddress), (38 bytes).
    Removing mg32x02z_i2c_drv.o(.ARM.exidx.text.I2C_GetSlaveAddress), (8 bytes).
    Removing mg32x02z_i2c_drv.o(.text.I2C_Cmd), (22 bytes).
    Removing mg32x02z_i2c_drv.o(.ARM.exidx.text.I2C_Cmd), (8 bytes).
    Removing mg32x02z_i2c_drv.o(.text.I2C_TXDMA_Cmd), (22 bytes).
    Removing mg32x02z_i2c_drv.o(.ARM.exidx.text.I2C_TXDMA_Cmd), (8 bytes).
    Removing mg32x02z_i2c_drv.o(.text.I2C_RXDMA_Cmd), (22 bytes).
    Removing mg32x02z_i2c_drv.o(.ARM.exidx.text.I2C_RXDMA_Cmd), (8 bytes).
    Removing mg32x02z_i2c_drv.o(.text.I2C_IT_Config), (20 bytes).
    Removing mg32x02z_i2c_drv.o(.ARM.exidx.text.I2C_IT_Config), (8 bytes).
    Removing mg32x02z_i2c_drv.o(.text.I2C_ITEA_Cmd), (22 bytes).
    Removing mg32x02z_i2c_drv.o(.ARM.exidx.text.I2C_ITEA_Cmd), (8 bytes).
    Removing mg32x02z_i2c_drv.o(.text.I2C_GetITSource), (12 bytes).
    Removing mg32x02z_i2c_drv.o(.ARM.exidx.text.I2C_GetITSource), (8 bytes).
    Removing mg32x02z_i2c_drv.o(.text.I2C_GetAllFlagStatus), (4 bytes).
    Removing mg32x02z_i2c_drv.o(.ARM.exidx.text.I2C_GetAllFlagStatus), (8 bytes).
    Removing mg32x02z_i2c_drv.o(.text.I2C_GetFlagStatus), (12 bytes).
    Removing mg32x02z_i2c_drv.o(.ARM.exidx.text.I2C_GetFlagStatus), (8 bytes).
    Removing mg32x02z_i2c_drv.o(.text.I2C_ClearFlag), (4 bytes).
    Removing mg32x02z_i2c_drv.o(.ARM.exidx.text.I2C_ClearFlag), (8 bytes).
    Removing mg32x02z_i2c_drv.o(.text.I2C_GetEventCode), (10 bytes).
    Removing mg32x02z_i2c_drv.o(.ARM.exidx.text.I2C_GetEventCode), (8 bytes).
    Removing mg32x02z_i2c_drv.o(.text.I2C_GetEventFlag), (10 bytes).
    Removing mg32x02z_i2c_drv.o(.ARM.exidx.text.I2C_GetEventFlag), (8 bytes).
    Removing mg32x02z_i2c_drv.o(.text.I2C_ClearEventFlag), (8 bytes).
    Removing mg32x02z_i2c_drv.o(.ARM.exidx.text.I2C_ClearEventFlag), (8 bytes).
    Removing mg32x02z_i2c_drv.o(.text.I2C_GetSlaveMatchAddress), (4 bytes).
    Removing mg32x02z_i2c_drv.o(.ARM.exidx.text.I2C_GetSlaveMatchAddress), (8 bytes).
    Removing mg32x02z_i2c_drv.o(.text.I2C_SendSBUF), (6 bytes).
    Removing mg32x02z_i2c_drv.o(.ARM.exidx.text.I2C_SendSBUF), (8 bytes).
    Removing mg32x02z_i2c_drv.o(.text.I2C_ReceiveSBUF), (6 bytes).
    Removing mg32x02z_i2c_drv.o(.ARM.exidx.text.I2C_ReceiveSBUF), (8 bytes).
    Removing mg32x02z_iwdt_drv.o(.text), (0 bytes).
    Removing mg32x02z_iwdt_drv.o(.ARM.exidx.text.IWDT_Divider_Select), (8 bytes).
    Removing mg32x02z_iwdt_drv.o(.text.IWDT_GetCounter), (12 bytes).
    Removing mg32x02z_iwdt_drv.o(.ARM.exidx.text.IWDT_GetCounter), (8 bytes).
    Removing mg32x02z_iwdt_drv.o(.ARM.exidx.text.IWDT_RefreshCounter), (8 bytes).
    Removing mg32x02z_iwdt_drv.o(.text.IWDT_StopModeWakeUpEvent_Config), (24 bytes).
    Removing mg32x02z_iwdt_drv.o(.ARM.exidx.text.IWDT_StopModeWakeUpEvent_Config), (8 bytes).
    Removing mg32x02z_iwdt_drv.o(.ARM.exidx.text.IWDT_Cmd), (8 bytes).
    Removing mg32x02z_iwdt_drv.o(.text.IWDT_GetAllFlagStatus), (8 bytes).
    Removing mg32x02z_iwdt_drv.o(.ARM.exidx.text.IWDT_GetAllFlagStatus), (8 bytes).
    Removing mg32x02z_iwdt_drv.o(.text.IWDT_GetSingleFlagStatus), (16 bytes).
    Removing mg32x02z_iwdt_drv.o(.ARM.exidx.text.IWDT_GetSingleFlagStatus), (8 bytes).
    Removing mg32x02z_iwdt_drv.o(.text.IWDT_ClearFlag), (8 bytes).
    Removing mg32x02z_iwdt_drv.o(.ARM.exidx.text.IWDT_ClearFlag), (8 bytes).
    Removing mg32x02z_iwdt_drv.o(.text.IWDT_IT_Config), (24 bytes).
    Removing mg32x02z_iwdt_drv.o(.ARM.exidx.text.IWDT_IT_Config), (8 bytes).
    Removing mg32x02z_mem_drv.o(.text), (0 bytes).
    Removing mg32x02z_mem_drv.o(.text.MEM_GetAllFlagStatus), (8 bytes).
    Removing mg32x02z_mem_drv.o(.ARM.exidx.text.MEM_GetAllFlagStatus), (8 bytes).
    Removing mg32x02z_mem_drv.o(.ARM.exidx.text.MEM_GetFlagStatus), (8 bytes).
    Removing mg32x02z_mem_drv.o(.ARM.exidx.text.MEM_ClearFlag), (8 bytes).
    Removing mg32x02z_mem_drv.o(.text.MEM_Cmd), (44 bytes).
    Removing mg32x02z_mem_drv.o(.ARM.exidx.text.MEM_Cmd), (8 bytes).
    Removing mg32x02z_mem_drv.o(.text.MEM_SetFlashWaitState), (36 bytes).
    Removing mg32x02z_mem_drv.o(.ARM.exidx.text.MEM_SetFlashWaitState), (8 bytes).
    Removing mg32x02z_mem_drv.o(.text.MEM_IT_Cmd), (52 bytes).
    Removing mg32x02z_mem_drv.o(.ARM.exidx.text.MEM_IT_Cmd), (8 bytes).
    Removing mg32x02z_mem_drv.o(.text.MEM_ITEA_Cmd), (48 bytes).
    Removing mg32x02z_mem_drv.o(.ARM.exidx.text.MEM_ITEA_Cmd), (8 bytes).
    Removing mg32x02z_mem_drv.o(.text.MEM_ErrorReset_Cmd), (52 bytes).
    Removing mg32x02z_mem_drv.o(.ARM.exidx.text.MEM_ErrorReset_Cmd), (8 bytes).
    Removing mg32x02z_mem_drv.o(.text.MEM_ErrorHardFault_Cmd), (40 bytes).
    Removing mg32x02z_mem_drv.o(.ARM.exidx.text.MEM_ErrorHardFault_Cmd), (8 bytes).
    Removing mg32x02z_mem_drv.o(.text.MEM_WriteFlashHold_Cmd), (44 bytes).
    Removing mg32x02z_mem_drv.o(.ARM.exidx.text.MEM_WriteFlashHold_Cmd), (8 bytes).
    Removing mg32x02z_mem_drv.o(.text.MEM_GetAllAccessState), (20 bytes).
    Removing mg32x02z_mem_drv.o(.ARM.exidx.text.MEM_GetAllAccessState), (8 bytes).
    Removing mg32x02z_mem_drv.o(.text.MEM_GetAccessState), (20 bytes).
    Removing mg32x02z_mem_drv.o(.ARM.exidx.text.MEM_GetAccessState), (8 bytes).
    Removing mg32x02z_mem_drv.o(.text.MEM_Access_Cmd), (52 bytes).
    Removing mg32x02z_mem_drv.o(.ARM.exidx.text.MEM_Access_Cmd), (8 bytes).
    Removing mg32x02z_mem_drv.o(.text.MEM_SetWriteMode), (40 bytes).
    Removing mg32x02z_mem_drv.o(.ARM.exidx.text.MEM_SetWriteMode), (8 bytes).
    Removing mg32x02z_mem_drv.o(.text.MEM_SetWriteUnProtect), (140 bytes).
    Removing mg32x02z_mem_drv.o(.ARM.exidx.text.MEM_SetWriteUnProtect), (8 bytes).
    Removing mg32x02z_mem_drv.o(.text.MEM_SetSinglePageEraseUnProtect), (56 bytes).
    Removing mg32x02z_mem_drv.o(.ARM.exidx.text.MEM_SetSinglePageEraseUnProtect), (8 bytes).
    Removing mg32x02z_mem_drv.o(.text.MEM_SetMultiplePageEraseUnProtect), (56 bytes).
    Removing mg32x02z_mem_drv.o(.ARM.exidx.text.MEM_SetMultiplePageEraseUnProtect), (8 bytes).
    Removing mg32x02z_mem_drv.o(.text.MEM_SetSingleProgramUnProtect), (56 bytes).
    Removing mg32x02z_mem_drv.o(.ARM.exidx.text.MEM_SetSingleProgramUnProtect), (8 bytes).
    Removing mg32x02z_mem_drv.o(.text.MEM_SetMultipleProgramUnProtect), (56 bytes).
    Removing mg32x02z_mem_drv.o(.ARM.exidx.text.MEM_SetMultipleProgramUnProtect), (8 bytes).
    Removing mg32x02z_mem_drv.o(.text.MEM_SetMultipleWriteProtect), (60 bytes).
    Removing mg32x02z_mem_drv.o(.ARM.exidx.text.MEM_SetMultipleWriteProtect), (8 bytes).
    Removing mg32x02z_mem_drv.o(.text.MEM_APWrite_Cmd), (72 bytes).
    Removing mg32x02z_mem_drv.o(.ARM.exidx.text.MEM_APWrite_Cmd), (8 bytes).
    Removing mg32x02z_mem_drv.o(.ARM.exidx.text.MEM_GetIAPSize), (8 bytes).
    Removing mg32x02z_mem_drv.o(.ARM.exidx.text.MEM_SetIAPSize), (8 bytes).
    Removing mg32x02z_mem_drv.o(.text.MEM_SetIAPSizeLock), (40 bytes).
    Removing mg32x02z_mem_drv.o(.ARM.exidx.text.MEM_SetIAPSizeLock), (8 bytes).
    Removing mg32x02z_mem_drv.o(.text.MEM_IAPExecuteCode_Cmd), (76 bytes).
    Removing mg32x02z_mem_drv.o(.ARM.exidx.text.MEM_IAPExecuteCode_Cmd), (8 bytes).
    Removing mg32x02z_mem_drv.o(.text.MEM_IAPWrite_Cmd), (76 bytes).
    Removing mg32x02z_mem_drv.o(.ARM.exidx.text.MEM_IAPWrite_Cmd), (8 bytes).
    Removing mg32x02z_mem_drv.o(.text.MEM_ISPDRead_Cmd), (76 bytes).
    Removing mg32x02z_mem_drv.o(.ARM.exidx.text.MEM_ISPDRead_Cmd), (8 bytes).
    Removing mg32x02z_mem_drv.o(.text.MEM_ISPDWrite_Cmd), (76 bytes).
    Removing mg32x02z_mem_drv.o(.ARM.exidx.text.MEM_ISPDWrite_Cmd), (8 bytes).
    Removing mg32x02z_mem_drv.o(.text.MEM_GetISPSize), (12 bytes).
    Removing mg32x02z_mem_drv.o(.ARM.exidx.text.MEM_GetISPSize), (8 bytes).
    Removing mg32x02z_mem_drv.o(.text.MEM_ISPRead_Cmd), (76 bytes).
    Removing mg32x02z_mem_drv.o(.ARM.exidx.text.MEM_ISPRead_Cmd), (8 bytes).
    Removing mg32x02z_mem_drv.o(.text.MEM_ISPWrite_Cmd), (76 bytes).
    Removing mg32x02z_mem_drv.o(.ARM.exidx.text.MEM_ISPWrite_Cmd), (8 bytes).
    Removing mg32x02z_mem_drv.o(.text.MEM_SetISPSinglePageEraseUnProtect), (96 bytes).
    Removing mg32x02z_mem_drv.o(.ARM.exidx.text.MEM_SetISPSinglePageEraseUnProtect), (8 bytes).
    Removing mg32x02z_mem_drv.o(.text.MEM_SetISPMultiplePageEraseUnProtect), (96 bytes).
    Removing mg32x02z_mem_drv.o(.ARM.exidx.text.MEM_SetISPMultiplePageEraseUnProtect), (8 bytes).
    Removing mg32x02z_mem_drv.o(.text.MEM_SetISPSingleProgramUnProtect), (96 bytes).
    Removing mg32x02z_mem_drv.o(.ARM.exidx.text.MEM_SetISPSingleProgramUnProtect), (8 bytes).
    Removing mg32x02z_mem_drv.o(.text.MEM_SetISPMultipleProgramUnProtect), (92 bytes).
    Removing mg32x02z_mem_drv.o(.ARM.exidx.text.MEM_SetISPMultipleProgramUnProtect), (8 bytes).
    Removing mg32x02z_mem_drv.o(.text.MEM_SetISPMultipleWriteProtect), (60 bytes).
    Removing mg32x02z_mem_drv.o(.ARM.exidx.text.MEM_SetISPMultipleWriteProtect), (8 bytes).
    Removing mg32x02z_pw_drv.o(.text), (0 bytes).
    Removing mg32x02z_pw_drv.o(.text.PW_STOPModeLDO_Select), (24 bytes).
    Removing mg32x02z_pw_drv.o(.ARM.exidx.text.PW_STOPModeLDO_Select), (8 bytes).
    Removing mg32x02z_pw_drv.o(.text.PW_ONModeLDO_Select), (24 bytes).
    Removing mg32x02z_pw_drv.o(.ARM.exidx.text.PW_ONModeLDO_Select), (8 bytes).
    Removing mg32x02z_pw_drv.o(.text.PW_BOD1Threshold_Select), (24 bytes).
    Removing mg32x02z_pw_drv.o(.ARM.exidx.text.PW_BOD1Threshold_Select), (8 bytes).
    Removing mg32x02z_pw_drv.o(.text.PW_BOD1Trigger_Select), (24 bytes).
    Removing mg32x02z_pw_drv.o(.ARM.exidx.text.PW_BOD1Trigger_Select), (8 bytes).
    Removing mg32x02z_pw_drv.o(.text.PW_BOD1_Cmd), (28 bytes).
    Removing mg32x02z_pw_drv.o(.ARM.exidx.text.PW_BOD1_Cmd), (8 bytes).
    Removing mg32x02z_pw_drv.o(.text.PW_VoltageBuffer), (28 bytes).
    Removing mg32x02z_pw_drv.o(.ARM.exidx.text.PW_VoltageBuffer), (8 bytes).
    Removing mg32x02z_pw_drv.o(.text.PW_BOD0_Cmd), (28 bytes).
    Removing mg32x02z_pw_drv.o(.ARM.exidx.text.PW_BOD0_Cmd), (8 bytes).
    Removing mg32x02z_pw_drv.o(.text.PW_GetBod1Status), (16 bytes).
    Removing mg32x02z_pw_drv.o(.ARM.exidx.text.PW_GetBod1Status), (8 bytes).
    Removing mg32x02z_pw_drv.o(.text.PW_PeriphSLEEPModeContinuous_Config), (28 bytes).
    Removing mg32x02z_pw_drv.o(.ARM.exidx.text.PW_PeriphSLEEPModeContinuous_Config), (8 bytes).
    Removing mg32x02z_pw_drv.o(.text.PW_PeriphSTOPModeContinuous_Config), (28 bytes).
    Removing mg32x02z_pw_drv.o(.ARM.exidx.text.PW_PeriphSTOPModeContinuous_Config), (8 bytes).
    Removing mg32x02z_pw_drv.o(.text.PW_PeriphSTOPModeWakeUp_Config), (64 bytes).
    Removing mg32x02z_pw_drv.o(.ARM.exidx.text.PW_PeriphSTOPModeWakeUp_Config), (8 bytes).
    Removing mg32x02z_pw_drv.o(.text.PW_WakeUpDelay_Select), (24 bytes).
    Removing mg32x02z_pw_drv.o(.ARM.exidx.text.PW_WakeUpDelay_Select), (8 bytes).
    Removing mg32x02z_pw_drv.o(.text.PW_GetWakeUpMode), (28 bytes).
    Removing mg32x02z_pw_drv.o(.ARM.exidx.text.PW_GetWakeUpMode), (8 bytes).
    Removing mg32x02z_pw_drv.o(.text.PW_GetAllFlagStatus), (12 bytes).
    Removing mg32x02z_pw_drv.o(.ARM.exidx.text.PW_GetAllFlagStatus), (8 bytes).
    Removing mg32x02z_pw_drv.o(.text.PW_GetSingleFlagStatus), (20 bytes).
    Removing mg32x02z_pw_drv.o(.ARM.exidx.text.PW_GetSingleFlagStatus), (8 bytes).
    Removing mg32x02z_pw_drv.o(.text.PW_ClearFlag), (12 bytes).
    Removing mg32x02z_pw_drv.o(.ARM.exidx.text.PW_ClearFlag), (8 bytes).
    Removing mg32x02z_pw_drv.o(.text.PW_IT_Config), (24 bytes).
    Removing mg32x02z_pw_drv.o(.ARM.exidx.text.PW_IT_Config), (8 bytes).
    Removing mg32x02z_pw_drv.o(.text.PW_ITEA_Cmd), (28 bytes).
    Removing mg32x02z_pw_drv.o(.ARM.exidx.text.PW_ITEA_Cmd), (8 bytes).
    Removing mg32x02z_rst_drv.o(.text), (0 bytes).
    Removing mg32x02z_rst_drv.o(.text.RST_GetAllFlagStatus), (8 bytes).
    Removing mg32x02z_rst_drv.o(.ARM.exidx.text.RST_GetAllFlagStatus), (8 bytes).
    Removing mg32x02z_rst_drv.o(.text.RST_GetSingleFlagStatus), (16 bytes).
    Removing mg32x02z_rst_drv.o(.ARM.exidx.text.RST_GetSingleFlagStatus), (8 bytes).
    Removing mg32x02z_rst_drv.o(.text.RST_ClearFlag), (8 bytes).
    Removing mg32x02z_rst_drv.o(.ARM.exidx.text.RST_ClearFlag), (8 bytes).
    Removing mg32x02z_rst_drv.o(.text.RST_CRstSource_Config), (24 bytes).
    Removing mg32x02z_rst_drv.o(.ARM.exidx.text.RST_CRstSource_Config), (8 bytes).
    Removing mg32x02z_rst_drv.o(.text.RST_WRstSource_Config), (24 bytes).
    Removing mg32x02z_rst_drv.o(.ARM.exidx.text.RST_WRstSource_Config), (8 bytes).
    Removing mg32x02z_rst_drv.o(.text.RST_WRstGPIOLock_Config), (24 bytes).
    Removing mg32x02z_rst_drv.o(.ARM.exidx.text.RST_WRstGPIOLock_Config), (8 bytes).
    Removing mg32x02z_rst_drv.o(.text.RST_ForceRstPeriph_SW), (112 bytes).
    Removing mg32x02z_rst_drv.o(.ARM.exidx.text.RST_ForceRstPeriph_SW), (8 bytes).
    Removing mg32x02z_rst_drv.o(.text.RST_TriggerSystemRst_SW), (28 bytes).
    Removing mg32x02z_rst_drv.o(.ARM.exidx.text.RST_TriggerSystemRst_SW), (8 bytes).
    Removing mg32x02z_rst_drv.o(.text.RST_WWDTWRstMask_Cmd), (28 bytes).
    Removing mg32x02z_rst_drv.o(.ARM.exidx.text.RST_WWDTWRstMask_Cmd), (8 bytes).
    Removing mg32x02z_rtc_drv.o(.text), (0 bytes).
    Removing mg32x02z_rtc_drv.o(.text.RTC_CLK_Select), (24 bytes).
    Removing mg32x02z_rtc_drv.o(.ARM.exidx.text.RTC_CLK_Select), (8 bytes).
    Removing mg32x02z_rtc_drv.o(.text.RTC_PreDivider_Select), (24 bytes).
    Removing mg32x02z_rtc_drv.o(.ARM.exidx.text.RTC_PreDivider_Select), (8 bytes).
    Removing mg32x02z_rtc_drv.o(.text.RTC_Divider_Select), (24 bytes).
    Removing mg32x02z_rtc_drv.o(.ARM.exidx.text.RTC_Divider_Select), (8 bytes).
    Removing mg32x02z_rtc_drv.o(.text.RTC_GetAlarmCompareValue), (12 bytes).
    Removing mg32x02z_rtc_drv.o(.ARM.exidx.text.RTC_GetAlarmCompareValue), (8 bytes).
    Removing mg32x02z_rtc_drv.o(.text.RTC_SetAlarmCompareValue), (12 bytes).
    Removing mg32x02z_rtc_drv.o(.ARM.exidx.text.RTC_SetAlarmCompareValue), (8 bytes).
    Removing mg32x02z_rtc_drv.o(.text.RTC_GetAlarmState), (16 bytes).
    Removing mg32x02z_rtc_drv.o(.ARM.exidx.text.RTC_GetAlarmState), (8 bytes).
    Removing mg32x02z_rtc_drv.o(.text.RTC_Alarm_Cmd), (28 bytes).
    Removing mg32x02z_rtc_drv.o(.ARM.exidx.text.RTC_Alarm_Cmd), (8 bytes).
    Removing mg32x02z_rtc_drv.o(.text.RTC_GetReloadReg), (12 bytes).
    Removing mg32x02z_rtc_drv.o(.ARM.exidx.text.RTC_GetReloadReg), (8 bytes).
    Removing mg32x02z_rtc_drv.o(.text.RTC_GetCaptureReg), (12 bytes).
    Removing mg32x02z_rtc_drv.o(.ARM.exidx.text.RTC_GetCaptureReg), (8 bytes).
    Removing mg32x02z_rtc_drv.o(.text.RTC_SetReloadReg), (12 bytes).
    Removing mg32x02z_rtc_drv.o(.ARM.exidx.text.RTC_SetReloadReg), (8 bytes).
    Removing mg32x02z_rtc_drv.o(.text.RTC_Cmd), (28 bytes).
    Removing mg32x02z_rtc_drv.o(.ARM.exidx.text.RTC_Cmd), (8 bytes).
    Removing mg32x02z_rtc_drv.o(.text.RTC_RCR_Mode_Select), (24 bytes).
    Removing mg32x02z_rtc_drv.o(.ARM.exidx.text.RTC_RCR_Mode_Select), (8 bytes).
    Removing mg32x02z_rtc_drv.o(.text.RTC_StopModeWakeUpEvent_Config), (24 bytes).
    Removing mg32x02z_rtc_drv.o(.ARM.exidx.text.RTC_StopModeWakeUpEvent_Config), (8 bytes).
    Removing mg32x02z_rtc_drv.o(.text.RTC_OutputSignal_Select), (24 bytes).
    Removing mg32x02z_rtc_drv.o(.ARM.exidx.text.RTC_OutputSignal_Select), (8 bytes).
    Removing mg32x02z_rtc_drv.o(.text.RTC_InitOutputSignalState_Cmd), (32 bytes).
    Removing mg32x02z_rtc_drv.o(.ARM.exidx.text.RTC_InitOutputSignalState_Cmd), (8 bytes).
    Removing mg32x02z_rtc_drv.o(.text.RTC_TriggerStamp_Select), (24 bytes).
    Removing mg32x02z_rtc_drv.o(.ARM.exidx.text.RTC_TriggerStamp_Select), (8 bytes).
    Removing mg32x02z_rtc_drv.o(.text.RTC_TriggerStamp_SW), (12 bytes).
    Removing mg32x02z_rtc_drv.o(.ARM.exidx.text.RTC_TriggerStamp_SW), (8 bytes).
    Removing mg32x02z_rtc_drv.o(.text.RTC_GetAllFlagStatus), (12 bytes).
    Removing mg32x02z_rtc_drv.o(.ARM.exidx.text.RTC_GetAllFlagStatus), (8 bytes).
    Removing mg32x02z_rtc_drv.o(.text.RTC_GetSingleFlagStatus), (20 bytes).
    Removing mg32x02z_rtc_drv.o(.ARM.exidx.text.RTC_GetSingleFlagStatus), (8 bytes).
    Removing mg32x02z_rtc_drv.o(.text.RTC_ClearFlag), (12 bytes).
    Removing mg32x02z_rtc_drv.o(.ARM.exidx.text.RTC_ClearFlag), (8 bytes).
    Removing mg32x02z_rtc_drv.o(.text.RTC_IT_Config), (20 bytes).
    Removing mg32x02z_rtc_drv.o(.ARM.exidx.text.RTC_IT_Config), (8 bytes).
    Removing mg32x02z_rtc_drv.o(.text.RTC_ITEA_Cmd), (28 bytes).
    Removing mg32x02z_rtc_drv.o(.ARM.exidx.text.RTC_ITEA_Cmd), (8 bytes).
    Removing mg32x02z_spi_drv.o(.text), (0 bytes).
    Removing mg32x02z_spi_drv.o(.text.SPI_DeInit), (28 bytes).
    Removing mg32x02z_spi_drv.o(.ARM.exidx.text.SPI_DeInit), (8 bytes).
    Removing mg32x02z_spi_drv.o(.text.SPI_Clock_Select), (16 bytes).
    Removing mg32x02z_spi_drv.o(.ARM.exidx.text.SPI_Clock_Select), (8 bytes).
    Removing mg32x02z_spi_drv.o(.text.SPI_PreDivider_Select), (18 bytes).
    Removing mg32x02z_spi_drv.o(.ARM.exidx.text.SPI_PreDivider_Select), (8 bytes).
    Removing mg32x02z_spi_drv.o(.text.SPI_Prescaler_Select), (18 bytes).
    Removing mg32x02z_spi_drv.o(.ARM.exidx.text.SPI_Prescaler_Select), (8 bytes).
    Removing mg32x02z_spi_drv.o(.text.SPI_Divider_Select), (16 bytes).
    Removing mg32x02z_spi_drv.o(.ARM.exidx.text.SPI_Divider_Select), (8 bytes).
    Removing mg32x02z_spi_drv.o(.text.SPI_TriggerClockToggle), (12 bytes).
    Removing mg32x02z_spi_drv.o(.ARM.exidx.text.SPI_TriggerClockToggle), (8 bytes).
    Removing mg32x02z_spi_drv.o(.text.SPI_DualTransferRate_Select), (16 bytes).
    Removing mg32x02z_spi_drv.o(.ARM.exidx.text.SPI_DualTransferRate_Select), (8 bytes).
    Removing mg32x02z_spi_drv.o(.text.SPI_SlaveHighSpeed_Cmd), (18 bytes).
    Removing mg32x02z_spi_drv.o(.ARM.exidx.text.SPI_SlaveHighSpeed_Cmd), (8 bytes).
    Removing mg32x02z_spi_drv.o(.text.SPI_ModeAndNss_Select), (18 bytes).
    Removing mg32x02z_spi_drv.o(.ARM.exidx.text.SPI_ModeAndNss_Select), (8 bytes).
    Removing mg32x02z_spi_drv.o(.text.SPI_ModfHappenedAction_Select), (18 bytes).
    Removing mg32x02z_spi_drv.o(.ARM.exidx.text.SPI_ModfHappenedAction_Select), (8 bytes).
    Removing mg32x02z_spi_drv.o(.text.SPI_NSSInputSignal_Select), (18 bytes).
    Removing mg32x02z_spi_drv.o(.ARM.exidx.text.SPI_NSSInputSignal_Select), (8 bytes).
    Removing mg32x02z_spi_drv.o(.text.SPI_SingleMasterModeNssPulse_Cmd), (18 bytes).
    Removing mg32x02z_spi_drv.o(.ARM.exidx.text.SPI_SingleMasterModeNssPulse_Cmd), (8 bytes).
    Removing mg32x02z_spi_drv.o(.text.SPI_NssInputInverse_Cmd), (18 bytes).
    Removing mg32x02z_spi_drv.o(.ARM.exidx.text.SPI_NssInputInverse_Cmd), (8 bytes).
    Removing mg32x02z_spi_drv.o(.text.SPI_NssOutputInverse_Cmd), (18 bytes).
    Removing mg32x02z_spi_drv.o(.ARM.exidx.text.SPI_NssOutputInverse_Cmd), (8 bytes).
    Removing mg32x02z_spi_drv.o(.text.SPI_NssInputOutputSoftwareControl_Cmd), (32 bytes).
    Removing mg32x02z_spi_drv.o(.ARM.exidx.text.SPI_NssInputOutputSoftwareControl_Cmd), (8 bytes).
    Removing mg32x02z_spi_drv.o(.text.SPI_NssInputSoftwareControl_Cmd), (18 bytes).
    Removing mg32x02z_spi_drv.o(.ARM.exidx.text.SPI_NssInputSoftwareControl_Cmd), (8 bytes).
    Removing mg32x02z_spi_drv.o(.text.SPI_NssOutputSoftwareControl_Cmd), (18 bytes).
    Removing mg32x02z_spi_drv.o(.ARM.exidx.text.SPI_NssOutputSoftwareControl_Cmd), (8 bytes).
    Removing mg32x02z_spi_drv.o(.text.SPI_GetNSSInputStatust), (8 bytes).
    Removing mg32x02z_spi_drv.o(.ARM.exidx.text.SPI_GetNSSInputStatust), (8 bytes).
    Removing mg32x02z_spi_drv.o(.text.SPI_NSSInputStatusControl_SW), (18 bytes).
    Removing mg32x02z_spi_drv.o(.ARM.exidx.text.SPI_NSSInputStatusControl_SW), (8 bytes).
    Removing mg32x02z_spi_drv.o(.text.SPI_NSSOutputStatusControl_SW), (18 bytes).
    Removing mg32x02z_spi_drv.o(.ARM.exidx.text.SPI_NSSOutputStatusControl_SW), (8 bytes).
    Removing mg32x02z_spi_drv.o(.text.SPI_Cmd), (14 bytes).
    Removing mg32x02z_spi_drv.o(.ARM.exidx.text.SPI_Cmd), (8 bytes).
    Removing mg32x02z_spi_drv.o(.text.SPI_NssIdleTime_Select), (18 bytes).
    Removing mg32x02z_spi_drv.o(.ARM.exidx.text.SPI_NssIdleTime_Select), (8 bytes).
    Removing mg32x02z_spi_drv.o(.text.SPI_ClockPhase_Select), (16 bytes).
    Removing mg32x02z_spi_drv.o(.ARM.exidx.text.SPI_ClockPhase_Select), (8 bytes).
    Removing mg32x02z_spi_drv.o(.text.SPI_ClockPolarity_Select), (16 bytes).
    Removing mg32x02z_spi_drv.o(.ARM.exidx.text.SPI_ClockPolarity_Select), (8 bytes).
    Removing mg32x02z_spi_drv.o(.text.SPI_FirstBit_Select), (16 bytes).
    Removing mg32x02z_spi_drv.o(.ARM.exidx.text.SPI_FirstBit_Select), (8 bytes).
    Removing mg32x02z_spi_drv.o(.text.SPI_GetRxShadowBufferLevel), (8 bytes).
    Removing mg32x02z_spi_drv.o(.ARM.exidx.text.SPI_GetRxShadowBufferLevel), (8 bytes).
    Removing mg32x02z_spi_drv.o(.text.SPI_ClearRxData), (10 bytes).
    Removing mg32x02z_spi_drv.o(.ARM.exidx.text.SPI_ClearRxData), (8 bytes).
    Removing mg32x02z_spi_drv.o(.text.SPI_GetDataBufferReceivedBytes), (8 bytes).
    Removing mg32x02z_spi_drv.o(.ARM.exidx.text.SPI_GetDataBufferReceivedBytes), (8 bytes).
    Removing mg32x02z_spi_drv.o(.text.SPI_SetDataBufferReceivedBytes), (18 bytes).
    Removing mg32x02z_spi_drv.o(.ARM.exidx.text.SPI_SetDataBufferReceivedBytes), (8 bytes).
    Removing mg32x02z_spi_drv.o(.text.SPI_ClearTxData), (10 bytes).
    Removing mg32x02z_spi_drv.o(.ARM.exidx.text.SPI_ClearTxData), (8 bytes).
    Removing mg32x02z_spi_drv.o(.text.SPI_GetTxShadowBufferLevel), (8 bytes).
    Removing mg32x02z_spi_drv.o(.ARM.exidx.text.SPI_GetTxShadowBufferLevel), (8 bytes).
    Removing mg32x02z_spi_drv.o(.text.SPI_GetRxData), (4 bytes).
    Removing mg32x02z_spi_drv.o(.ARM.exidx.text.SPI_GetRxData), (8 bytes).
    Removing mg32x02z_spi_drv.o(.text.SPI_SetTxData), (34 bytes).
    Removing mg32x02z_spi_drv.o(.ARM.exidx.text.SPI_SetTxData), (8 bytes).
    Removing mg32x02z_spi_drv.o(.text.SPI_GetTxData), (4 bytes).
    Removing mg32x02z_spi_drv.o(.ARM.exidx.text.SPI_GetTxData), (8 bytes).
    Removing mg32x02z_spi_drv.o(.text.SPI_SlaveModeReceivedThreshold_Select), (18 bytes).
    Removing mg32x02z_spi_drv.o(.ARM.exidx.text.SPI_SlaveModeReceivedThreshold_Select), (8 bytes).
    Removing mg32x02z_spi_drv.o(.text.SPI_DataSize_Select), (18 bytes).
    Removing mg32x02z_spi_drv.o(.ARM.exidx.text.SPI_DataSize_Select), (8 bytes).
    Removing mg32x02z_spi_drv.o(.text.SPI_DataLine_Select), (16 bytes).
    Removing mg32x02z_spi_drv.o(.ARM.exidx.text.SPI_DataLine_Select), (8 bytes).
    Removing mg32x02z_spi_drv.o(.text.SPI_DataLineOutput_Cmd), (20 bytes).
    Removing mg32x02z_spi_drv.o(.ARM.exidx.text.SPI_DataLineOutput_Cmd), (8 bytes).
    Removing mg32x02z_spi_drv.o(.text.SPI_SendCopyMode_Cmd), (16 bytes).
    Removing mg32x02z_spi_drv.o(.ARM.exidx.text.SPI_SendCopyMode_Cmd), (8 bytes).
    Removing mg32x02z_spi_drv.o(.text.SPI_BidirectionalOutput_Cmd), (16 bytes).
    Removing mg32x02z_spi_drv.o(.ARM.exidx.text.SPI_BidirectionalOutput_Cmd), (8 bytes).
    Removing mg32x02z_spi_drv.o(.text.SPI_TransferBidirection_Select), (16 bytes).
    Removing mg32x02z_spi_drv.o(.ARM.exidx.text.SPI_TransferBidirection_Select), (8 bytes).
    Removing mg32x02z_spi_drv.o(.text.SPI_MosiMisoSignalSwap_Cmd), (16 bytes).
    Removing mg32x02z_spi_drv.o(.ARM.exidx.text.SPI_MosiMisoSignalSwap_Cmd), (8 bytes).
    Removing mg32x02z_spi_drv.o(.text.SPI_LoopBackMode_Cmd), (18 bytes).
    Removing mg32x02z_spi_drv.o(.ARM.exidx.text.SPI_LoopBackMode_Cmd), (8 bytes).
    Removing mg32x02z_spi_drv.o(.text.SPI_ClockOutputSignal_Select), (18 bytes).
    Removing mg32x02z_spi_drv.o(.ARM.exidx.text.SPI_ClockOutputSignal_Select), (8 bytes).
    Removing mg32x02z_spi_drv.o(.text.SPI_IdleStateDataMode_Select), (18 bytes).
    Removing mg32x02z_spi_drv.o(.ARM.exidx.text.SPI_IdleStateDataMode_Select), (8 bytes).
    Removing mg32x02z_spi_drv.o(.text.SPI_SlaveAutoFullDuplex_Cmd), (18 bytes).
    Removing mg32x02z_spi_drv.o(.ARM.exidx.text.SPI_SlaveAutoFullDuplex_Cmd), (8 bytes).
    Removing mg32x02z_spi_drv.o(.text.SPI_SlaveSendDataDirectUpdate_Cmd), (18 bytes).
    Removing mg32x02z_spi_drv.o(.ARM.exidx.text.SPI_SlaveSendDataDirectUpdate_Cmd), (8 bytes).
    Removing mg32x02z_spi_drv.o(.text.SPI_SlaveDataReadShadowBufferTriggerToUpload_Cmd), (14 bytes).
    Removing mg32x02z_spi_drv.o(.ARM.exidx.text.SPI_SlaveDataReadShadowBufferTriggerToUpload_Cmd), (8 bytes).
    Removing mg32x02z_spi_drv.o(.text.SPI_TXDMA_Cmd), (16 bytes).
    Removing mg32x02z_spi_drv.o(.ARM.exidx.text.SPI_TXDMA_Cmd), (8 bytes).
    Removing mg32x02z_spi_drv.o(.text.SPI_RXDMA_Cmd), (18 bytes).
    Removing mg32x02z_spi_drv.o(.ARM.exidx.text.SPI_RXDMA_Cmd), (8 bytes).
    Removing mg32x02z_spi_drv.o(.text.SPI_RXDMAPreCatch_Cmd), (18 bytes).
    Removing mg32x02z_spi_drv.o(.ARM.exidx.text.SPI_RXDMAPreCatch_Cmd), (8 bytes).
    Removing mg32x02z_spi_drv.o(.text.SPI_GetAllFlagStatus), (6 bytes).
    Removing mg32x02z_spi_drv.o(.ARM.exidx.text.SPI_GetAllFlagStatus), (8 bytes).
    Removing mg32x02z_spi_drv.o(.text.SPI_GetSingleFlagStatus), (10 bytes).
    Removing mg32x02z_spi_drv.o(.ARM.exidx.text.SPI_GetSingleFlagStatus), (8 bytes).
    Removing mg32x02z_spi_drv.o(.text.SPI_ClearFlag), (4 bytes).
    Removing mg32x02z_spi_drv.o(.ARM.exidx.text.SPI_ClearFlag), (8 bytes).
    Removing mg32x02z_spi_drv.o(.text.SPI_IT_Config), (20 bytes).
    Removing mg32x02z_spi_drv.o(.ARM.exidx.text.SPI_IT_Config), (8 bytes).
    Removing mg32x02z_spi_drv.o(.text.SPI_ITEA_Cmd), (14 bytes).
    Removing mg32x02z_spi_drv.o(.ARM.exidx.text.SPI_ITEA_Cmd), (8 bytes).
    Removing mg32x02z_sys_drv.o(.text), (0 bytes).
    Removing mg32x02z_sys_drv.o(.text.SYS_ITEA_Cmd), (16 bytes).
    Removing mg32x02z_sys_drv.o(.ARM.exidx.text.SYS_ITEA_Cmd), (8 bytes).
    Removing mg32x02z_sys_drv.o(.text.SYS_GetChipMID), (12 bytes).
    Removing mg32x02z_sys_drv.o(.ARM.exidx.text.SYS_GetChipMID), (8 bytes).
    Removing mg32x02z_sys_drv.o(.text.SYS_ReadGeneralReg), (12 bytes).
    Removing mg32x02z_sys_drv.o(.ARM.exidx.text.SYS_ReadGeneralReg), (8 bytes).
    Removing mg32x02z_sys_drv.o(.text.SYS_WriteGeneralReg), (12 bytes).
    Removing mg32x02z_sys_drv.o(.ARM.exidx.text.SYS_WriteGeneralReg), (8 bytes).
    Removing mg32x02z_sys_drv.o(.text.SYS_ReadBackupReg), (12 bytes).
    Removing mg32x02z_sys_drv.o(.ARM.exidx.text.SYS_ReadBackupReg), (8 bytes).
    Removing mg32x02z_sys_drv.o(.text.SYS_WriteBackupReg), (12 bytes).
    Removing mg32x02z_sys_drv.o(.ARM.exidx.text.SYS_WriteBackupReg), (8 bytes).
    Removing mg32x02z_tm_drv.o(.text), (0 bytes).
    Removing mg32x02z_tm_drv.o(.text.TM_DeInit), (68 bytes).
    Removing mg32x02z_tm_drv.o(.ARM.exidx.text.TM_DeInit), (8 bytes).
    Removing mg32x02z_tm_drv.o(.text.TM_TimeBaseStruct_Init), (20 bytes).
    Removing mg32x02z_tm_drv.o(.ARM.exidx.text.TM_TimeBaseStruct_Init), (8 bytes).
    Removing mg32x02z_tm_drv.o(.text.TM_TimeBase_Init), (92 bytes).
    Removing mg32x02z_tm_drv.o(.ARM.exidx.text.TM_TimeBase_Init), (8 bytes).
    Removing mg32x02z_tm_drv.o(.text.TM_Prescaler_Config), (6 bytes).
    Removing mg32x02z_tm_drv.o(.ARM.exidx.text.TM_Prescaler_Config), (8 bytes).
    Removing mg32x02z_tm_drv.o(.text.TM_Counter_Config), (6 bytes).
    Removing mg32x02z_tm_drv.o(.ARM.exidx.text.TM_Counter_Config), (8 bytes).
    Removing mg32x02z_tm_drv.o(.text.TM_TimerMode_Select), (16 bytes).
    Removing mg32x02z_tm_drv.o(.ARM.exidx.text.TM_TimerMode_Select), (8 bytes).
    Removing mg32x02z_tm_drv.o(.text.TM_CounterClock_Select), (16 bytes).
    Removing mg32x02z_tm_drv.o(.ARM.exidx.text.TM_CounterClock_Select), (8 bytes).
    Removing mg32x02z_tm_drv.o(.text.TM_PrescalerClock_Select), (16 bytes).
    Removing mg32x02z_tm_drv.o(.ARM.exidx.text.TM_PrescalerClock_Select), (8 bytes).
    Removing mg32x02z_tm_drv.o(.text.TM_SetInternalClockDivider), (18 bytes).
    Removing mg32x02z_tm_drv.o(.ARM.exidx.text.TM_SetInternalClockDivider), (8 bytes).
    Removing mg32x02z_tm_drv.o(.text.TM_SetCounterDirection), (16 bytes).
    Removing mg32x02z_tm_drv.o(.ARM.exidx.text.TM_SetCounterDirection), (8 bytes).
    Removing mg32x02z_tm_drv.o(.text.TM_SetPrescalerDirection), (16 bytes).
    Removing mg32x02z_tm_drv.o(.ARM.exidx.text.TM_SetPrescalerDirection), (8 bytes).
    Removing mg32x02z_tm_drv.o(.text.TM_InternalClockSource_Select), (18 bytes).
    Removing mg32x02z_tm_drv.o(.ARM.exidx.text.TM_InternalClockSource_Select), (8 bytes).
    Removing mg32x02z_tm_drv.o(.text.TM_ExternalClock_Select), (16 bytes).
    Removing mg32x02z_tm_drv.o(.ARM.exidx.text.TM_ExternalClock_Select), (8 bytes).
    Removing mg32x02z_tm_drv.o(.text.TM_ITRx_Select), (18 bytes).
    Removing mg32x02z_tm_drv.o(.ARM.exidx.text.TM_ITRx_Select), (8 bytes).
    Removing mg32x02z_tm_drv.o(.text.TM_GetCounter), (4 bytes).
    Removing mg32x02z_tm_drv.o(.ARM.exidx.text.TM_GetCounter), (8 bytes).
    Removing mg32x02z_tm_drv.o(.text.TM_Counter_Cmd), (22 bytes).
    Removing mg32x02z_tm_drv.o(.ARM.exidx.text.TM_Counter_Cmd), (8 bytes).
    Removing mg32x02z_tm_drv.o(.text.TM_Counter_SW), (20 bytes).
    Removing mg32x02z_tm_drv.o(.ARM.exidx.text.TM_Counter_SW), (8 bytes).
    Removing mg32x02z_tm_drv.o(.text.TM_GetPrescaler), (4 bytes).
    Removing mg32x02z_tm_drv.o(.ARM.exidx.text.TM_GetPrescaler), (8 bytes).
    Removing mg32x02z_tm_drv.o(.text.TM_Prescaler_Cmd), (22 bytes).
    Removing mg32x02z_tm_drv.o(.ARM.exidx.text.TM_Prescaler_Cmd), (8 bytes).
    Removing mg32x02z_tm_drv.o(.text.TM_Prescaler_SW), (20 bytes).
    Removing mg32x02z_tm_drv.o(.ARM.exidx.text.TM_Prescaler_SW), (8 bytes).
    Removing mg32x02z_tm_drv.o(.ARM.exidx.text.TM_Timer_Cmd), (8 bytes).
    Removing mg32x02z_tm_drv.o(.text.TM_GatePrescaler_SW), (16 bytes).
    Removing mg32x02z_tm_drv.o(.ARM.exidx.text.TM_GatePrescaler_SW), (8 bytes).
    Removing mg32x02z_tm_drv.o(.text.TM_GateCounter_SW), (18 bytes).
    Removing mg32x02z_tm_drv.o(.ARM.exidx.text.TM_GateCounter_SW), (8 bytes).
    Removing mg32x02z_tm_drv.o(.text.TM_ResetPrescaler_SW), (18 bytes).
    Removing mg32x02z_tm_drv.o(.ARM.exidx.text.TM_ResetPrescaler_SW), (8 bytes).
    Removing mg32x02z_tm_drv.o(.text.TM_ResetCounter_SW), (18 bytes).
    Removing mg32x02z_tm_drv.o(.ARM.exidx.text.TM_ResetCounter_SW), (8 bytes).
    Removing mg32x02z_tm_drv.o(.text.TM_TriggerSource_Select), (16 bytes).
    Removing mg32x02z_tm_drv.o(.ARM.exidx.text.TM_TriggerSource_Select), (8 bytes).
    Removing mg32x02z_tm_drv.o(.text.TM_TRGICounter_Select), (14 bytes).
    Removing mg32x02z_tm_drv.o(.ARM.exidx.text.TM_TRGICounter_Select), (8 bytes).
    Removing mg32x02z_tm_drv.o(.text.TM_TRGIPrescaler_Select), (16 bytes).
    Removing mg32x02z_tm_drv.o(.ARM.exidx.text.TM_TRGIPrescaler_Select), (8 bytes).
    Removing mg32x02z_tm_drv.o(.text.TM_UEV_Config), (18 bytes).
    Removing mg32x02z_tm_drv.o(.ARM.exidx.text.TM_UEV_Config), (8 bytes).
    Removing mg32x02z_tm_drv.o(.text.TM_TRGOOut_SW), (18 bytes).
    Removing mg32x02z_tm_drv.o(.ARM.exidx.text.TM_TRGOOut_SW), (8 bytes).
    Removing mg32x02z_tm_drv.o(.text.TM_TRGO_Select), (18 bytes).
    Removing mg32x02z_tm_drv.o(.ARM.exidx.text.TM_TRGO_Select), (8 bytes).
    Removing mg32x02z_tm_drv.o(.text.TM_InverseTRGO_Cmd), (18 bytes).
    Removing mg32x02z_tm_drv.o(.ARM.exidx.text.TM_InverseTRGO_Cmd), (8 bytes).
    Removing mg32x02z_tm_drv.o(.text.TM_IN0Source_Select), (14 bytes).
    Removing mg32x02z_tm_drv.o(.ARM.exidx.text.TM_IN0Source_Select), (8 bytes).
    Removing mg32x02z_tm_drv.o(.text.TM_IN0TriggerEvent_Select), (18 bytes).
    Removing mg32x02z_tm_drv.o(.ARM.exidx.text.TM_IN0TriggerEvent_Select), (8 bytes).
    Removing mg32x02z_tm_drv.o(.text.TM_IN1Source_Select), (16 bytes).
    Removing mg32x02z_tm_drv.o(.ARM.exidx.text.TM_IN1Source_Select), (8 bytes).
    Removing mg32x02z_tm_drv.o(.text.TM_IN1TriggerEvent_Select), (18 bytes).
    Removing mg32x02z_tm_drv.o(.ARM.exidx.text.TM_IN1TriggerEvent_Select), (8 bytes).
    Removing mg32x02z_tm_drv.o(.text.TM_IN2Source_Select), (18 bytes).
    Removing mg32x02z_tm_drv.o(.ARM.exidx.text.TM_IN2Source_Select), (8 bytes).
    Removing mg32x02z_tm_drv.o(.text.TM_IN2TriggerEvent_Select), (18 bytes).
    Removing mg32x02z_tm_drv.o(.ARM.exidx.text.TM_IN2TriggerEvent_Select), (8 bytes).
    Removing mg32x02z_tm_drv.o(.text.TM_IN3Source_Select), (18 bytes).
    Removing mg32x02z_tm_drv.o(.ARM.exidx.text.TM_IN3Source_Select), (8 bytes).
    Removing mg32x02z_tm_drv.o(.text.TM_IN3TriggerEvent_Select), (18 bytes).
    Removing mg32x02z_tm_drv.o(.ARM.exidx.text.TM_IN3TriggerEvent_Select), (8 bytes).
    Removing mg32x02z_tm_drv.o(.text.TM_ClockOutSource_Select), (16 bytes).
    Removing mg32x02z_tm_drv.o(.ARM.exidx.text.TM_ClockOutSource_Select), (8 bytes).
    Removing mg32x02z_tm_drv.o(.text.TM_ClockOut_Cmd), (14 bytes).
    Removing mg32x02z_tm_drv.o(.ARM.exidx.text.TM_ClockOut_Cmd), (8 bytes).
    Removing mg32x02z_tm_drv.o(.text.TM_CKOOutputState_Init), (24 bytes).
    Removing mg32x02z_tm_drv.o(.ARM.exidx.text.TM_CKOOutputState_Init), (8 bytes).
    Removing mg32x02z_tm_drv.o(.text.TM_InverseOC0z_Cmd), (14 bytes).
    Removing mg32x02z_tm_drv.o(.ARM.exidx.text.TM_InverseOC0z_Cmd), (8 bytes).
    Removing mg32x02z_tm_drv.o(.text.TM_OC0zOutputState_Init), (26 bytes).
    Removing mg32x02z_tm_drv.o(.ARM.exidx.text.TM_OC0zOutputState_Init), (8 bytes).
    Removing mg32x02z_tm_drv.o(.text.TM_OC0zBreakStopState_Init), (18 bytes).
    Removing mg32x02z_tm_drv.o(.ARM.exidx.text.TM_OC0zBreakStopState_Init), (8 bytes).
    Removing mg32x02z_tm_drv.o(.text.TM_OC0zOutput_Cmd), (38 bytes).
    Removing mg32x02z_tm_drv.o(.ARM.exidx.text.TM_OC0zOutput_Cmd), (8 bytes).
    Removing mg32x02z_tm_drv.o(.text.TM_OC00Output_Cmd), (14 bytes).
    Removing mg32x02z_tm_drv.o(.ARM.exidx.text.TM_OC00Output_Cmd), (8 bytes).
    Removing mg32x02z_tm_drv.o(.text.TM_OC01Output_Cmd), (16 bytes).
    Removing mg32x02z_tm_drv.o(.ARM.exidx.text.TM_OC01Output_Cmd), (8 bytes).
    Removing mg32x02z_tm_drv.o(.text.TM_OC02Output_Cmd), (16 bytes).
    Removing mg32x02z_tm_drv.o(.ARM.exidx.text.TM_OC02Output_Cmd), (8 bytes).
    Removing mg32x02z_tm_drv.o(.text.TM_InverseOC0N_Cmd), (18 bytes).
    Removing mg32x02z_tm_drv.o(.ARM.exidx.text.TM_InverseOC0N_Cmd), (8 bytes).
    Removing mg32x02z_tm_drv.o(.text.TM_OC0NOutput_Cmd), (18 bytes).
    Removing mg32x02z_tm_drv.o(.ARM.exidx.text.TM_OC0NOutput_Cmd), (8 bytes).
    Removing mg32x02z_tm_drv.o(.text.TM_OC0NBreakStopState_Init), (18 bytes).
    Removing mg32x02z_tm_drv.o(.ARM.exidx.text.TM_OC0NBreakStopState_Init), (8 bytes).
    Removing mg32x02z_tm_drv.o(.text.TM_InverseOC0H_Cmd), (16 bytes).
    Removing mg32x02z_tm_drv.o(.ARM.exidx.text.TM_InverseOC0H_Cmd), (8 bytes).
    Removing mg32x02z_tm_drv.o(.text.TM_OC0HOutputState_Init), (26 bytes).
    Removing mg32x02z_tm_drv.o(.ARM.exidx.text.TM_OC0HOutputState_Init), (8 bytes).
    Removing mg32x02z_tm_drv.o(.text.TM_InverseOC1z_Cmd), (16 bytes).
    Removing mg32x02z_tm_drv.o(.ARM.exidx.text.TM_InverseOC1z_Cmd), (8 bytes).
    Removing mg32x02z_tm_drv.o(.text.TM_OC1zOutputState_Init), (26 bytes).
    Removing mg32x02z_tm_drv.o(.ARM.exidx.text.TM_OC1zOutputState_Init), (8 bytes).
    Removing mg32x02z_tm_drv.o(.text.TM_OC1zBreakStopState_Init), (18 bytes).
    Removing mg32x02z_tm_drv.o(.ARM.exidx.text.TM_OC1zBreakStopState_Init), (8 bytes).
    Removing mg32x02z_tm_drv.o(.text.TM_OC1zOutput_Cmd), (42 bytes).
    Removing mg32x02z_tm_drv.o(.ARM.exidx.text.TM_OC1zOutput_Cmd), (8 bytes).
    Removing mg32x02z_tm_drv.o(.text.TM_OC10Output_Cmd), (16 bytes).
    Removing mg32x02z_tm_drv.o(.ARM.exidx.text.TM_OC10Output_Cmd), (8 bytes).
    Removing mg32x02z_tm_drv.o(.text.TM_OC11Output_Cmd), (16 bytes).
    Removing mg32x02z_tm_drv.o(.ARM.exidx.text.TM_OC11Output_Cmd), (8 bytes).
    Removing mg32x02z_tm_drv.o(.text.TM_OC12Output_Cmd), (16 bytes).
    Removing mg32x02z_tm_drv.o(.ARM.exidx.text.TM_OC12Output_Cmd), (8 bytes).
    Removing mg32x02z_tm_drv.o(.text.TM_InverseOC1N_Cmd), (18 bytes).
    Removing mg32x02z_tm_drv.o(.ARM.exidx.text.TM_InverseOC1N_Cmd), (8 bytes).
    Removing mg32x02z_tm_drv.o(.text.TM_OC1NOutput_Cmd), (18 bytes).
    Removing mg32x02z_tm_drv.o(.ARM.exidx.text.TM_OC1NOutput_Cmd), (8 bytes).
    Removing mg32x02z_tm_drv.o(.text.TM_OC1NBreakStopState_Init), (18 bytes).
    Removing mg32x02z_tm_drv.o(.ARM.exidx.text.TM_OC1NBreakStopState_Init), (8 bytes).
    Removing mg32x02z_tm_drv.o(.text.TM_InverseOC1H_Cmd), (16 bytes).
    Removing mg32x02z_tm_drv.o(.ARM.exidx.text.TM_InverseOC1H_Cmd), (8 bytes).
    Removing mg32x02z_tm_drv.o(.text.TM_OC1HOutputState_Init), (26 bytes).
    Removing mg32x02z_tm_drv.o(.ARM.exidx.text.TM_OC1HOutputState_Init), (8 bytes).
    Removing mg32x02z_tm_drv.o(.text.TM_InverseOC2_Cmd), (16 bytes).
    Removing mg32x02z_tm_drv.o(.ARM.exidx.text.TM_InverseOC2_Cmd), (8 bytes).
    Removing mg32x02z_tm_drv.o(.text.TM_OC2OutputState_Init), (26 bytes).
    Removing mg32x02z_tm_drv.o(.ARM.exidx.text.TM_OC2OutputState_Init), (8 bytes).
    Removing mg32x02z_tm_drv.o(.text.TM_OC2BreakStopState_Init), (18 bytes).
    Removing mg32x02z_tm_drv.o(.ARM.exidx.text.TM_OC2BreakStopState_Init), (8 bytes).
    Removing mg32x02z_tm_drv.o(.text.TM_OC2Output_Cmd), (18 bytes).
    Removing mg32x02z_tm_drv.o(.ARM.exidx.text.TM_OC2Output_Cmd), (8 bytes).
    Removing mg32x02z_tm_drv.o(.text.TM_InverseOC2N_Cmd), (18 bytes).
    Removing mg32x02z_tm_drv.o(.ARM.exidx.text.TM_InverseOC2N_Cmd), (8 bytes).
    Removing mg32x02z_tm_drv.o(.text.TM_OC2NOutput_Cmd), (18 bytes).
    Removing mg32x02z_tm_drv.o(.ARM.exidx.text.TM_OC2NOutput_Cmd), (8 bytes).
    Removing mg32x02z_tm_drv.o(.text.TM_OC2NBreakStopState_Init), (18 bytes).
    Removing mg32x02z_tm_drv.o(.ARM.exidx.text.TM_OC2NBreakStopState_Init), (8 bytes).
    Removing mg32x02z_tm_drv.o(.text.TM_InverseOC2H_Cmd), (16 bytes).
    Removing mg32x02z_tm_drv.o(.ARM.exidx.text.TM_InverseOC2H_Cmd), (8 bytes).
    Removing mg32x02z_tm_drv.o(.text.TM_OC2HOutputState_Init), (26 bytes).
    Removing mg32x02z_tm_drv.o(.ARM.exidx.text.TM_OC2HOutputState_Init), (8 bytes).
    Removing mg32x02z_tm_drv.o(.text.TM_InverseOC3_Cmd), (16 bytes).
    Removing mg32x02z_tm_drv.o(.ARM.exidx.text.TM_InverseOC3_Cmd), (8 bytes).
    Removing mg32x02z_tm_drv.o(.text.TM_OC3OutputState_Init), (26 bytes).
    Removing mg32x02z_tm_drv.o(.ARM.exidx.text.TM_OC3OutputState_Init), (8 bytes).
    Removing mg32x02z_tm_drv.o(.text.TM_OC3BreakStopState_Init), (18 bytes).
    Removing mg32x02z_tm_drv.o(.ARM.exidx.text.TM_OC3BreakStopState_Init), (8 bytes).
    Removing mg32x02z_tm_drv.o(.text.TM_OC3Output_Cmd), (18 bytes).
    Removing mg32x02z_tm_drv.o(.ARM.exidx.text.TM_OC3Output_Cmd), (8 bytes).
    Removing mg32x02z_tm_drv.o(.text.TM_InverseOC3H_Cmd), (16 bytes).
    Removing mg32x02z_tm_drv.o(.ARM.exidx.text.TM_InverseOC3H_Cmd), (8 bytes).
    Removing mg32x02z_tm_drv.o(.text.TM_OC3HOutputState_Init), (26 bytes).
    Removing mg32x02z_tm_drv.o(.ARM.exidx.text.TM_OC3HOutputState_Init), (8 bytes).
    Removing mg32x02z_tm_drv.o(.text.TM_ExternalBreakEvent_Config), (24 bytes).
    Removing mg32x02z_tm_drv.o(.ARM.exidx.text.TM_ExternalBreakEvent_Config), (8 bytes).
    Removing mg32x02z_tm_drv.o(.text.TM_InternalBreakEvent_Config), (24 bytes).
    Removing mg32x02z_tm_drv.o(.ARM.exidx.text.TM_InternalBreakEvent_Config), (8 bytes).
    Removing mg32x02z_tm_drv.o(.text.TM_BreakTrigger_SW), (16 bytes).
    Removing mg32x02z_tm_drv.o(.ARM.exidx.text.TM_BreakTrigger_SW), (8 bytes).
    Removing mg32x02z_tm_drv.o(.text.TM_BreakCH3_Cmd), (16 bytes).
    Removing mg32x02z_tm_drv.o(.ARM.exidx.text.TM_BreakCH3_Cmd), (8 bytes).
    Removing mg32x02z_tm_drv.o(.text.TM_BreakCH012_Cmd), (14 bytes).
    Removing mg32x02z_tm_drv.o(.ARM.exidx.text.TM_BreakCH012_Cmd), (8 bytes).
    Removing mg32x02z_tm_drv.o(.text.TM_BreakMode_Select), (16 bytes).
    Removing mg32x02z_tm_drv.o(.ARM.exidx.text.TM_BreakMode_Select), (8 bytes).
    Removing mg32x02z_tm_drv.o(.text.TM_OC0BreakControl_Select), (18 bytes).
    Removing mg32x02z_tm_drv.o(.ARM.exidx.text.TM_OC0BreakControl_Select), (8 bytes).
    Removing mg32x02z_tm_drv.o(.text.TM_OC1BreakControl_Select), (18 bytes).
    Removing mg32x02z_tm_drv.o(.ARM.exidx.text.TM_OC1BreakControl_Select), (8 bytes).
    Removing mg32x02z_tm_drv.o(.text.TM_OC2BreakControl_Select), (18 bytes).
    Removing mg32x02z_tm_drv.o(.ARM.exidx.text.TM_OC2BreakControl_Select), (8 bytes).
    Removing mg32x02z_tm_drv.o(.text.TM_OC3BreakControl_Select), (18 bytes).
    Removing mg32x02z_tm_drv.o(.ARM.exidx.text.TM_OC3BreakControl_Select), (8 bytes).
    Removing mg32x02z_tm_drv.o(.text.TM_PreloadEventSource_Config), (24 bytes).
    Removing mg32x02z_tm_drv.o(.ARM.exidx.text.TM_PreloadEventSource_Config), (8 bytes).
    Removing mg32x02z_tm_drv.o(.text.TM_PreloadActive_SW), (18 bytes).
    Removing mg32x02z_tm_drv.o(.ARM.exidx.text.TM_PreloadActive_SW), (8 bytes).
    Removing mg32x02z_tm_drv.o(.text.TM_PreloadOC0z_Config), (20 bytes).
    Removing mg32x02z_tm_drv.o(.ARM.exidx.text.TM_PreloadOC0z_Config), (8 bytes).
    Removing mg32x02z_tm_drv.o(.text.TM_PreloadOC1z_Config), (20 bytes).
    Removing mg32x02z_tm_drv.o(.ARM.exidx.text.TM_PreloadOC1z_Config), (8 bytes).
    Removing mg32x02z_tm_drv.o(.text.TM_CH0Function_Config), (14 bytes).
    Removing mg32x02z_tm_drv.o(.ARM.exidx.text.TM_CH0Function_Config), (8 bytes).
    Removing mg32x02z_tm_drv.o(.text.TM_CH1Function_Config), (16 bytes).
    Removing mg32x02z_tm_drv.o(.ARM.exidx.text.TM_CH1Function_Config), (8 bytes).
    Removing mg32x02z_tm_drv.o(.text.TM_CH2Function_Config), (18 bytes).
    Removing mg32x02z_tm_drv.o(.ARM.exidx.text.TM_CH2Function_Config), (8 bytes).
    Removing mg32x02z_tm_drv.o(.text.TM_CH3Function_Config), (18 bytes).
    Removing mg32x02z_tm_drv.o(.ARM.exidx.text.TM_CH3Function_Config), (8 bytes).
    Removing mg32x02z_tm_drv.o(.text.TM_OutputDelayMode_Cmd), (18 bytes).
    Removing mg32x02z_tm_drv.o(.ARM.exidx.text.TM_OutputDelayMode_Cmd), (8 bytes).
    Removing mg32x02z_tm_drv.o(.text.TM_GetIC0Value), (22 bytes).
    Removing mg32x02z_tm_drv.o(.ARM.exidx.text.TM_GetIC0Value), (8 bytes).
    Removing mg32x02z_tm_drv.o(.text.TM_GetIC1Value), (22 bytes).
    Removing mg32x02z_tm_drv.o(.ARM.exidx.text.TM_GetIC1Value), (8 bytes).
    Removing mg32x02z_tm_drv.o(.text.TM_GetIC2Value), (22 bytes).
    Removing mg32x02z_tm_drv.o(.ARM.exidx.text.TM_GetIC2Value), (8 bytes).
    Removing mg32x02z_tm_drv.o(.text.TM_GetIC3Value), (22 bytes).
    Removing mg32x02z_tm_drv.o(.ARM.exidx.text.TM_GetIC3Value), (8 bytes).
    Removing mg32x02z_tm_drv.o(.text.TM_IC0OverWritten_Cmd), (14 bytes).
    Removing mg32x02z_tm_drv.o(.ARM.exidx.text.TM_IC0OverWritten_Cmd), (8 bytes).
    Removing mg32x02z_tm_drv.o(.text.TM_IC1OverWritten_Cmd), (16 bytes).
    Removing mg32x02z_tm_drv.o(.ARM.exidx.text.TM_IC1OverWritten_Cmd), (8 bytes).
    Removing mg32x02z_tm_drv.o(.text.TM_IC2OverWritten_Cmd), (16 bytes).
    Removing mg32x02z_tm_drv.o(.ARM.exidx.text.TM_IC2OverWritten_Cmd), (8 bytes).
    Removing mg32x02z_tm_drv.o(.text.TM_IC3OverWritten_Cmd), (16 bytes).
    Removing mg32x02z_tm_drv.o(.ARM.exidx.text.TM_IC3OverWritten_Cmd), (8 bytes).
    Removing mg32x02z_tm_drv.o(.text.TM_RisingCaptureIC0_SW), (18 bytes).
    Removing mg32x02z_tm_drv.o(.ARM.exidx.text.TM_RisingCaptureIC0_SW), (8 bytes).
    Removing mg32x02z_tm_drv.o(.text.TM_RisingCaptureIC1_SW), (18 bytes).
    Removing mg32x02z_tm_drv.o(.ARM.exidx.text.TM_RisingCaptureIC1_SW), (8 bytes).
    Removing mg32x02z_tm_drv.o(.text.TM_RisingCaptureIC2_SW), (18 bytes).
    Removing mg32x02z_tm_drv.o(.ARM.exidx.text.TM_RisingCaptureIC2_SW), (8 bytes).
    Removing mg32x02z_tm_drv.o(.text.TM_RisingCaptureIC3_SW), (18 bytes).
    Removing mg32x02z_tm_drv.o(.ARM.exidx.text.TM_RisingCaptureIC3_SW), (8 bytes).
    Removing mg32x02z_tm_drv.o(.text.TM_FallingCaptureIC0_SW), (18 bytes).
    Removing mg32x02z_tm_drv.o(.ARM.exidx.text.TM_FallingCaptureIC0_SW), (8 bytes).
    Removing mg32x02z_tm_drv.o(.text.TM_FallingCaptureIC1_SW), (18 bytes).
    Removing mg32x02z_tm_drv.o(.ARM.exidx.text.TM_FallingCaptureIC1_SW), (8 bytes).
    Removing mg32x02z_tm_drv.o(.text.TM_FallingCaptureIC2_SW), (18 bytes).
    Removing mg32x02z_tm_drv.o(.ARM.exidx.text.TM_FallingCaptureIC2_SW), (8 bytes).
    Removing mg32x02z_tm_drv.o(.text.TM_FallingCaptureIC3_SW), (18 bytes).
    Removing mg32x02z_tm_drv.o(.ARM.exidx.text.TM_FallingCaptureIC3_SW), (8 bytes).
    Removing mg32x02z_tm_drv.o(.text.TM_GetCC0A), (6 bytes).
    Removing mg32x02z_tm_drv.o(.ARM.exidx.text.TM_GetCC0A), (8 bytes).
    Removing mg32x02z_tm_drv.o(.text.TM_GetCC1A), (6 bytes).
    Removing mg32x02z_tm_drv.o(.ARM.exidx.text.TM_GetCC1A), (8 bytes).
    Removing mg32x02z_tm_drv.o(.text.TM_GetCC2A), (6 bytes).
    Removing mg32x02z_tm_drv.o(.ARM.exidx.text.TM_GetCC2A), (8 bytes).
    Removing mg32x02z_tm_drv.o(.text.TM_GetCC3A), (6 bytes).
    Removing mg32x02z_tm_drv.o(.ARM.exidx.text.TM_GetCC3A), (8 bytes).
    Removing mg32x02z_tm_drv.o(.text.TM_GetCC0B), (6 bytes).
    Removing mg32x02z_tm_drv.o(.ARM.exidx.text.TM_GetCC0B), (8 bytes).
    Removing mg32x02z_tm_drv.o(.text.TM_GetCC1B), (6 bytes).
    Removing mg32x02z_tm_drv.o(.ARM.exidx.text.TM_GetCC1B), (8 bytes).
    Removing mg32x02z_tm_drv.o(.text.TM_GetCC2B), (6 bytes).
    Removing mg32x02z_tm_drv.o(.ARM.exidx.text.TM_GetCC2B), (8 bytes).
    Removing mg32x02z_tm_drv.o(.text.TM_GetCC3B), (6 bytes).
    Removing mg32x02z_tm_drv.o(.ARM.exidx.text.TM_GetCC3B), (8 bytes).
    Removing mg32x02z_tm_drv.o(.text.TM_SetCC0A), (6 bytes).
    Removing mg32x02z_tm_drv.o(.ARM.exidx.text.TM_SetCC0A), (8 bytes).
    Removing mg32x02z_tm_drv.o(.text.TM_SetCC1A), (6 bytes).
    Removing mg32x02z_tm_drv.o(.ARM.exidx.text.TM_SetCC1A), (8 bytes).
    Removing mg32x02z_tm_drv.o(.text.TM_SetCC2A), (6 bytes).
    Removing mg32x02z_tm_drv.o(.ARM.exidx.text.TM_SetCC2A), (8 bytes).
    Removing mg32x02z_tm_drv.o(.text.TM_SetCC3A), (6 bytes).
    Removing mg32x02z_tm_drv.o(.ARM.exidx.text.TM_SetCC3A), (8 bytes).
    Removing mg32x02z_tm_drv.o(.text.TM_SetCC0B), (6 bytes).
    Removing mg32x02z_tm_drv.o(.ARM.exidx.text.TM_SetCC0B), (8 bytes).
    Removing mg32x02z_tm_drv.o(.text.TM_SetCC1B), (6 bytes).
    Removing mg32x02z_tm_drv.o(.ARM.exidx.text.TM_SetCC1B), (8 bytes).
    Removing mg32x02z_tm_drv.o(.text.TM_SetCC2B), (6 bytes).
    Removing mg32x02z_tm_drv.o(.ARM.exidx.text.TM_SetCC2B), (8 bytes).
    Removing mg32x02z_tm_drv.o(.text.TM_SetCC3B), (6 bytes).
    Removing mg32x02z_tm_drv.o(.ARM.exidx.text.TM_SetCC3B), (8 bytes).
    Removing mg32x02z_tm_drv.o(.text.TM_GenerateCF0A_SW), (18 bytes).
    Removing mg32x02z_tm_drv.o(.ARM.exidx.text.TM_GenerateCF0A_SW), (8 bytes).
    Removing mg32x02z_tm_drv.o(.text.TM_GenerateCF1A_SW), (18 bytes).
    Removing mg32x02z_tm_drv.o(.ARM.exidx.text.TM_GenerateCF1A_SW), (8 bytes).
    Removing mg32x02z_tm_drv.o(.text.TM_GenerateCF2A_SW), (18 bytes).
    Removing mg32x02z_tm_drv.o(.ARM.exidx.text.TM_GenerateCF2A_SW), (8 bytes).
    Removing mg32x02z_tm_drv.o(.text.TM_GenerateCF3A_SW), (18 bytes).
    Removing mg32x02z_tm_drv.o(.ARM.exidx.text.TM_GenerateCF3A_SW), (8 bytes).
    Removing mg32x02z_tm_drv.o(.text.TM_GenerateCF0B_SW), (18 bytes).
    Removing mg32x02z_tm_drv.o(.ARM.exidx.text.TM_GenerateCF0B_SW), (8 bytes).
    Removing mg32x02z_tm_drv.o(.text.TM_GenerateCF1B_SW), (18 bytes).
    Removing mg32x02z_tm_drv.o(.ARM.exidx.text.TM_GenerateCF1B_SW), (8 bytes).
    Removing mg32x02z_tm_drv.o(.text.TM_GenerateCF2B_SW), (18 bytes).
    Removing mg32x02z_tm_drv.o(.ARM.exidx.text.TM_GenerateCF2B_SW), (8 bytes).
    Removing mg32x02z_tm_drv.o(.text.TM_GenerateCF3B_SW), (18 bytes).
    Removing mg32x02z_tm_drv.o(.ARM.exidx.text.TM_GenerateCF3B_SW), (8 bytes).
    Removing mg32x02z_tm_drv.o(.text.TM_ReloadFromCCxB_Cmd), (18 bytes).
    Removing mg32x02z_tm_drv.o(.ARM.exidx.text.TM_ReloadFromCCxB_Cmd), (8 bytes).
    Removing mg32x02z_tm_drv.o(.text.TM_AlignmentMode_Select), (14 bytes).
    Removing mg32x02z_tm_drv.o(.ARM.exidx.text.TM_AlignmentMode_Select), (8 bytes).
    Removing mg32x02z_tm_drv.o(.text.TM_QEI_Select), (18 bytes).
    Removing mg32x02z_tm_drv.o(.ARM.exidx.text.TM_QEI_Select), (8 bytes).
    Removing mg32x02z_tm_drv.o(.text.TM_QEIReset_Cmd), (18 bytes).
    Removing mg32x02z_tm_drv.o(.ARM.exidx.text.TM_QEIReset_Cmd), (8 bytes).
    Removing mg32x02z_tm_drv.o(.text.TM_QEIResetIDX_Select), (18 bytes).
    Removing mg32x02z_tm_drv.o(.ARM.exidx.text.TM_QEIResetIDX_Select), (8 bytes).
    Removing mg32x02z_tm_drv.o(.text.TM_InverseQEIDirection), (18 bytes).
    Removing mg32x02z_tm_drv.o(.ARM.exidx.text.TM_InverseQEIDirection), (8 bytes).
    Removing mg32x02z_tm_drv.o(.text.TM_AutoStop_Cmd), (18 bytes).
    Removing mg32x02z_tm_drv.o(.ARM.exidx.text.TM_AutoStop_Cmd), (8 bytes).
    Removing mg32x02z_tm_drv.o(.text.TM_RepeatAutoStopMode_Cmd), (18 bytes).
    Removing mg32x02z_tm_drv.o(.ARM.exidx.text.TM_RepeatAutoStopMode_Cmd), (8 bytes).
    Removing mg32x02z_tm_drv.o(.text.TM_SetDeadZoneClockDivider), (18 bytes).
    Removing mg32x02z_tm_drv.o(.ARM.exidx.text.TM_SetDeadZoneClockDivider), (8 bytes).
    Removing mg32x02z_tm_drv.o(.text.TM_SetDeadTime), (16 bytes).
    Removing mg32x02z_tm_drv.o(.ARM.exidx.text.TM_SetDeadTime), (8 bytes).
    Removing mg32x02z_tm_drv.o(.ARM.exidx.text.TM_IT_Config), (8 bytes).
    Removing mg32x02z_tm_drv.o(.ARM.exidx.text.TM_ITEA_Cmd), (8 bytes).
    Removing mg32x02z_tm_drv.o(.ARM.exidx.text.TM_GetSingleFlagStatus), (8 bytes).
    Removing mg32x02z_tm_drv.o(.text.TM_GetAllFlagStatus), (4 bytes).
    Removing mg32x02z_tm_drv.o(.ARM.exidx.text.TM_GetAllFlagStatus), (8 bytes).
    Removing mg32x02z_tm_drv.o(.ARM.exidx.text.TM_ClearFlag), (8 bytes).
    Removing mg32x02z_tm_drv.o(.text.TM_ExtTRGI_Cmd), (18 bytes).
    Removing mg32x02z_tm_drv.o(.ARM.exidx.text.TM_ExtTRGI_Cmd), (8 bytes).
    Removing mg32x02z_tm_drv.o(.text.TM_InverseExtTRGI_Cmd), (18 bytes).
    Removing mg32x02z_tm_drv.o(.ARM.exidx.text.TM_InverseExtTRGI_Cmd), (8 bytes).
    Removing mg32x02z_tm_drv.o(.text.TM_ExtTRGI2UEV_Cmd), (18 bytes).
    Removing mg32x02z_tm_drv.o(.ARM.exidx.text.TM_ExtTRGI2UEV_Cmd), (8 bytes).
    Removing mg32x02z_tm_drv.o(.text.TM_ForceUpdate_SW), (18 bytes).
    Removing mg32x02z_tm_drv.o(.ARM.exidx.text.TM_ForceUpdate_SW), (8 bytes).
    Removing mg32x02z_tm_drv.o(.text.TM_UEV_Cmd), (22 bytes).
    Removing mg32x02z_tm_drv.o(.ARM.exidx.text.TM_UEV_Cmd), (8 bytes).
    Removing mg32x02z_tm_drv.o(.text.TM_DMAChannel_Cmd), (20 bytes).
    Removing mg32x02z_tm_drv.o(.ARM.exidx.text.TM_DMAChannel_Cmd), (8 bytes).
    Removing mg32x02z_tm_drv.o(.text.TM_DMAUpdateMode_Select), (18 bytes).
    Removing mg32x02z_tm_drv.o(.ARM.exidx.text.TM_DMAUpdateMode_Select), (8 bytes).
    Removing mg32x02z_urt_drv.o(.text), (0 bytes).
    Removing mg32x02z_urt_drv.o(.ARM.exidx.text.URT_IT_Config), (8 bytes).
    Removing mg32x02z_urt_drv.o(.ARM.exidx.text.URT_GetITStatus), (8 bytes).
    Removing mg32x02z_urt_drv.o(.ARM.exidx.text.URT_ITEA_Cmd), (8 bytes).
    Removing mg32x02z_urt_drv.o(.ARM.exidx.text.URT_GetITAllFlagStatus), (8 bytes).
    Removing mg32x02z_urt_drv.o(.text.URT_GetITSingleFlagStatus), (24 bytes).
    Removing mg32x02z_urt_drv.o(.ARM.exidx.text.URT_GetITSingleFlagStatus), (8 bytes).
    Removing mg32x02z_urt_drv.o(.ARM.exidx.text.URT_ClearITFlag), (8 bytes).
    Removing mg32x02z_urt_drv.o(.text.URT_GetRxDifferentFlag), (8 bytes).
    Removing mg32x02z_urt_drv.o(.ARM.exidx.text.URT_GetRxDifferentFlag), (8 bytes).
    Removing mg32x02z_urt_drv.o(.text.URT_GetRxHoldFlag), (8 bytes).
    Removing mg32x02z_urt_drv.o(.ARM.exidx.text.URT_GetRxHoldFlag), (8 bytes).
    Removing mg32x02z_urt_drv.o(.text.URT_ClearRxHoldFlag), (6 bytes).
    Removing mg32x02z_urt_drv.o(.ARM.exidx.text.URT_ClearRxHoldFlag), (8 bytes).
    Removing mg32x02z_urt_drv.o(.text.URT_GetIrDaBusyFlag), (8 bytes).
    Removing mg32x02z_urt_drv.o(.ARM.exidx.text.URT_GetIrDaBusyFlag), (8 bytes).
    Removing mg32x02z_urt_drv.o(.text.URT_GetBreakBusyFlag), (8 bytes).
    Removing mg32x02z_urt_drv.o(.ARM.exidx.text.URT_GetBreakBusyFlag), (8 bytes).
    Removing mg32x02z_urt_drv.o(.text.URT_GetRxBusyFlag), (8 bytes).
    Removing mg32x02z_urt_drv.o(.ARM.exidx.text.URT_GetRxBusyFlag), (8 bytes).
    Removing mg32x02z_urt_drv.o(.text.URT_GetRxNoiseFlag), (8 bytes).
    Removing mg32x02z_urt_drv.o(.ARM.exidx.text.URT_GetRxNoiseFlag), (8 bytes).
    Removing mg32x02z_urt_drv.o(.text.URT_DataCharacter_Config), (58 bytes).
    Removing mg32x02z_urt_drv.o(.ARM.exidx.text.URT_DataCharacter_Config), (8 bytes).
    Removing mg32x02z_urt_drv.o(.text.URT_Mode_Select), (38 bytes).
    Removing mg32x02z_urt_drv.o(.ARM.exidx.text.URT_Mode_Select), (8 bytes).
    Removing mg32x02z_urt_drv.o(.text.URT_DataLine_Select), (12 bytes).
    Removing mg32x02z_urt_drv.o(.ARM.exidx.text.URT_DataLine_Select), (8 bytes).
    Removing mg32x02z_urt_drv.o(.text.URT_HalfDuplexMode_Cmd), (14 bytes).
    Removing mg32x02z_urt_drv.o(.ARM.exidx.text.URT_HalfDuplexMode_Cmd), (8 bytes).
    Removing mg32x02z_urt_drv.o(.text.URT_LoopBackMode_Cmd), (16 bytes).
    Removing mg32x02z_urt_drv.o(.ARM.exidx.text.URT_LoopBackMode_Cmd), (8 bytes).
    Removing mg32x02z_urt_drv.o(.text.URT_TX_Cmd), (14 bytes).
    Removing mg32x02z_urt_drv.o(.ARM.exidx.text.URT_TX_Cmd), (8 bytes).
    Removing mg32x02z_urt_drv.o(.text.URT_RX_Cmd), (14 bytes).
    Removing mg32x02z_urt_drv.o(.ARM.exidx.text.URT_RX_Cmd), (8 bytes).
    Removing mg32x02z_urt_drv.o(.text.URT_RXInverse_Cmd), (16 bytes).
    Removing mg32x02z_urt_drv.o(.ARM.exidx.text.URT_RXInverse_Cmd), (8 bytes).
    Removing mg32x02z_urt_drv.o(.text.URT_TXInverse_Cmd), (16 bytes).
    Removing mg32x02z_urt_drv.o(.ARM.exidx.text.URT_TXInverse_Cmd), (8 bytes).
    Removing mg32x02z_urt_drv.o(.text.URT_NoiseDataSkip_Cmd), (16 bytes).
    Removing mg32x02z_urt_drv.o(.ARM.exidx.text.URT_NoiseDataSkip_Cmd), (8 bytes).
    Removing mg32x02z_urt_drv.o(.ARM.exidx.text.URT_Cmd), (8 bytes).
    Removing mg32x02z_urt_drv.o(.text.URT_BaudRateGenerator_Config), (56 bytes).
    Removing mg32x02z_urt_drv.o(.ARM.exidx.text.URT_BaudRateGenerator_Config), (8 bytes).
    Removing mg32x02z_urt_drv.o(.text.URT_BaudRateGeneratorMode_Select), (14 bytes).
    Removing mg32x02z_urt_drv.o(.ARM.exidx.text.URT_BaudRateGeneratorMode_Select), (8 bytes).
    Removing mg32x02z_urt_drv.o(.text.URT_BaudRateGeneratorClock_Select), (12 bytes).
    Removing mg32x02z_urt_drv.o(.ARM.exidx.text.URT_BaudRateGeneratorClock_Select), (8 bytes).
    Removing mg32x02z_urt_drv.o(.text.URT_GetBaudRateGeneratorPreReload), (6 bytes).
    Removing mg32x02z_urt_drv.o(.ARM.exidx.text.URT_GetBaudRateGeneratorPreReload), (8 bytes).
    Removing mg32x02z_urt_drv.o(.text.URT_GetBaudRateGeneratorCountReload), (6 bytes).
    Removing mg32x02z_urt_drv.o(.ARM.exidx.text.URT_GetBaudRateGeneratorCountReload), (8 bytes).
    Removing mg32x02z_urt_drv.o(.text.URT_GetBaudRateGeneratorPre), (6 bytes).
    Removing mg32x02z_urt_drv.o(.ARM.exidx.text.URT_GetBaudRateGeneratorPre), (8 bytes).
    Removing mg32x02z_urt_drv.o(.text.URT_GetBaudRateGeneratorCount), (6 bytes).
    Removing mg32x02z_urt_drv.o(.ARM.exidx.text.URT_GetBaudRateGeneratorCount), (8 bytes).
    Removing mg32x02z_urt_drv.o(.text.URT_BaudRateGenerator_Cmd), (16 bytes).
    Removing mg32x02z_urt_drv.o(.ARM.exidx.text.URT_BaudRateGenerator_Cmd), (8 bytes).
    Removing mg32x02z_urt_drv.o(.text.URT_CLKSignalSource_Select), (12 bytes).
    Removing mg32x02z_urt_drv.o(.ARM.exidx.text.URT_CLKSignalSource_Select), (8 bytes).
    Removing mg32x02z_urt_drv.o(.text.URT_CLKSignal_Cmd), (14 bytes).
    Removing mg32x02z_urt_drv.o(.ARM.exidx.text.URT_CLKSignal_Cmd), (8 bytes).
    Removing mg32x02z_urt_drv.o(.text.URT_CtrlBROSignalStatus_SW), (22 bytes).
    Removing mg32x02z_urt_drv.o(.ARM.exidx.text.URT_CtrlBROSignalStatus_SW), (8 bytes).
    Removing mg32x02z_urt_drv.o(.text.URT_CtrlCLKSignalStatus_SW), (22 bytes).
    Removing mg32x02z_urt_drv.o(.ARM.exidx.text.URT_CtrlCLKSignalStatus_SW), (8 bytes).
    Removing mg32x02z_urt_drv.o(.text.URT_TXClockSource_Select), (14 bytes).
    Removing mg32x02z_urt_drv.o(.ARM.exidx.text.URT_TXClockSource_Select), (8 bytes).
    Removing mg32x02z_urt_drv.o(.text.URT_RXClockSource_Select), (14 bytes).
    Removing mg32x02z_urt_drv.o(.ARM.exidx.text.URT_RXClockSource_Select), (8 bytes).
    Removing mg32x02z_urt_drv.o(.text.URT_TXOverSamplingSampleNumber_Select), (14 bytes).
    Removing mg32x02z_urt_drv.o(.ARM.exidx.text.URT_TXOverSamplingSampleNumber_Select), (8 bytes).
    Removing mg32x02z_urt_drv.o(.text.URT_RXOverSamplingSampleNumber_Select), (14 bytes).
    Removing mg32x02z_urt_drv.o(.ARM.exidx.text.URT_RXOverSamplingSampleNumber_Select), (8 bytes).
    Removing mg32x02z_urt_drv.o(.text.URT_RXOverSamplingMode_Select), (12 bytes).
    Removing mg32x02z_urt_drv.o(.ARM.exidx.text.URT_RXOverSamplingMode_Select), (8 bytes).
    Removing mg32x02z_urt_drv.o(.text.URT_TimeroutTimer_Cmd), (12 bytes).
    Removing mg32x02z_urt_drv.o(.ARM.exidx.text.URT_TimeroutTimer_Cmd), (8 bytes).
    Removing mg32x02z_urt_drv.o(.text.URT_TriggerTimeoutTimerRst_SW), (10 bytes).
    Removing mg32x02z_urt_drv.o(.ARM.exidx.text.URT_TriggerTimeoutTimerRst_SW), (8 bytes).
    Removing mg32x02z_urt_drv.o(.text.URT_TimeoutMode_Select), (12 bytes).
    Removing mg32x02z_urt_drv.o(.ARM.exidx.text.URT_TimeoutMode_Select), (8 bytes).
    Removing mg32x02z_urt_drv.o(.text.URT_TimeoutTimerClockSource_Select), (14 bytes).
    Removing mg32x02z_urt_drv.o(.ARM.exidx.text.URT_TimeoutTimerClockSource_Select), (8 bytes).
    Removing mg32x02z_urt_drv.o(.text.URT_IdleDetect_Select), (4 bytes).
    Removing mg32x02z_urt_drv.o(.ARM.exidx.text.URT_IdleDetect_Select), (8 bytes).
    Removing mg32x02z_urt_drv.o(.text.URT_IdleTimeoutDetect_Config), (28 bytes).
    Removing mg32x02z_urt_drv.o(.ARM.exidx.text.URT_IdleTimeoutDetect_Config), (8 bytes).
    Removing mg32x02z_urt_drv.o(.text.URT_RXTimeoutDetect_Config), (28 bytes).
    Removing mg32x02z_urt_drv.o(.ARM.exidx.text.URT_RXTimeoutDetect_Config), (8 bytes).
    Removing mg32x02z_urt_drv.o(.text.URT_BreakTimeoutDetect_Config), (44 bytes).
    Removing mg32x02z_urt_drv.o(.ARM.exidx.text.URT_BreakTimeoutDetect_Config), (8 bytes).
    Removing mg32x02z_urt_drv.o(.text.URT_CalibrationTimeoutDetect_Config), (44 bytes).
    Removing mg32x02z_urt_drv.o(.ARM.exidx.text.URT_CalibrationTimeoutDetect_Config), (8 bytes).
    Removing mg32x02z_urt_drv.o(.text.URT_CtrlTMOSignalStatus_SW), (22 bytes).
    Removing mg32x02z_urt_drv.o(.ARM.exidx.text.URT_CtrlTMOSignalStatus_SW), (8 bytes).
    Removing mg32x02z_urt_drv.o(.text.URT_GetTimeoutTimerCounter), (6 bytes).
    Removing mg32x02z_urt_drv.o(.ARM.exidx.text.URT_GetTimeoutTimerCounter), (8 bytes).
    Removing mg32x02z_urt_drv.o(.text.URT_SetTimeoutTimerCounter), (6 bytes).
    Removing mg32x02z_urt_drv.o(.ARM.exidx.text.URT_SetTimeoutTimerCounter), (8 bytes).
    Removing mg32x02z_urt_drv.o(.text.URT_GetTimeoutTimerReload), (6 bytes).
    Removing mg32x02z_urt_drv.o(.ARM.exidx.text.URT_GetTimeoutTimerReload), (8 bytes).
    Removing mg32x02z_urt_drv.o(.text.URT_SetTimeoutTimerCompare), (6 bytes).
    Removing mg32x02z_urt_drv.o(.ARM.exidx.text.URT_SetTimeoutTimerCompare), (8 bytes).
    Removing mg32x02z_urt_drv.o(.text.URT_GetTXShadowBufferLevel), (8 bytes).
    Removing mg32x02z_urt_drv.o(.ARM.exidx.text.URT_GetTXShadowBufferLevel), (8 bytes).
    Removing mg32x02z_urt_drv.o(.text.URT_GetRXShadowBufferLevel), (8 bytes).
    Removing mg32x02z_urt_drv.o(.ARM.exidx.text.URT_GetRXShadowBufferLevel), (8 bytes).
    Removing mg32x02z_urt_drv.o(.text.URT_ClearTXData), (10 bytes).
    Removing mg32x02z_urt_drv.o(.ARM.exidx.text.URT_ClearTXData), (8 bytes).
    Removing mg32x02z_urt_drv.o(.text.URT_ClearRXData), (10 bytes).
    Removing mg32x02z_urt_drv.o(.ARM.exidx.text.URT_ClearRXData), (8 bytes).
    Removing mg32x02z_urt_drv.o(.text.URT_GetTXDataRegLevel), (8 bytes).
    Removing mg32x02z_urt_drv.o(.ARM.exidx.text.URT_GetTXDataRegLevel), (8 bytes).
    Removing mg32x02z_urt_drv.o(.text.URT_RXShadowBufferThreshold_Select), (14 bytes).
    Removing mg32x02z_urt_drv.o(.ARM.exidx.text.URT_RXShadowBufferThreshold_Select), (8 bytes).
    Removing mg32x02z_urt_drv.o(.text.URT_GetRXDataRegLevel), (8 bytes).
    Removing mg32x02z_urt_drv.o(.ARM.exidx.text.URT_GetRXDataRegLevel), (8 bytes).
    Removing mg32x02z_urt_drv.o(.ARM.exidx.text.URT_GetRXData), (8 bytes).
    Removing mg32x02z_urt_drv.o(.text.URT_GetCaptureData), (6 bytes).
    Removing mg32x02z_urt_drv.o(.ARM.exidx.text.URT_GetCaptureData), (8 bytes).
    Removing mg32x02z_urt_drv.o(.text.URT_GetCaptureStatusBit), (10 bytes).
    Removing mg32x02z_urt_drv.o(.ARM.exidx.text.URT_GetCaptureStatusBit), (8 bytes).
    Removing mg32x02z_urt_drv.o(.text.URT_GetRXShiftBufferStatusBit), (10 bytes).
    Removing mg32x02z_urt_drv.o(.ARM.exidx.text.URT_GetRXShiftBufferStatusBit), (8 bytes).
    Removing mg32x02z_urt_drv.o(.text.URT_GetTXShiftBufferData), (6 bytes).
    Removing mg32x02z_urt_drv.o(.ARM.exidx.text.URT_GetTXShiftBufferData), (8 bytes).
    Removing mg32x02z_urt_drv.o(.text.URT_GetRXShiftBufferData), (6 bytes).
    Removing mg32x02z_urt_drv.o(.ARM.exidx.text.URT_GetRXShiftBufferData), (8 bytes).
    Removing mg32x02z_urt_drv.o(.text.URT_RTS_Cmd), (14 bytes).
    Removing mg32x02z_urt_drv.o(.ARM.exidx.text.URT_RTS_Cmd), (8 bytes).
    Removing mg32x02z_urt_drv.o(.text.URT_RTSInverse_Cmd), (14 bytes).
    Removing mg32x02z_urt_drv.o(.ARM.exidx.text.URT_RTSInverse_Cmd), (8 bytes).
    Removing mg32x02z_urt_drv.o(.text.URT_CtrlRTS_SW), (14 bytes).
    Removing mg32x02z_urt_drv.o(.ARM.exidx.text.URT_CtrlRTS_SW), (8 bytes).
    Removing mg32x02z_urt_drv.o(.text.URT_CTS_Cmd), (12 bytes).
    Removing mg32x02z_urt_drv.o(.ARM.exidx.text.URT_CTS_Cmd), (8 bytes).
    Removing mg32x02z_urt_drv.o(.text.URT_GetCTSLineStatus), (8 bytes).
    Removing mg32x02z_urt_drv.o(.ARM.exidx.text.URT_GetCTSLineStatus), (8 bytes).
    Removing mg32x02z_urt_drv.o(.text.URT_CTSInverse_Cmd), (14 bytes).
    Removing mg32x02z_urt_drv.o(.ARM.exidx.text.URT_CTSInverse_Cmd), (8 bytes).
    Removing mg32x02z_urt_drv.o(.text.URT_DE_Cmd), (16 bytes).
    Removing mg32x02z_urt_drv.o(.ARM.exidx.text.URT_DE_Cmd), (8 bytes).
    Removing mg32x02z_urt_drv.o(.text.URT_DEInverse_Cmd), (16 bytes).
    Removing mg32x02z_urt_drv.o(.ARM.exidx.text.URT_DEInverse_Cmd), (8 bytes).
    Removing mg32x02z_urt_drv.o(.text.URT_DEGuardTime_Select), (14 bytes).
    Removing mg32x02z_urt_drv.o(.ARM.exidx.text.URT_DEGuardTime_Select), (8 bytes).
    Removing mg32x02z_urt_drv.o(.text.URT_IdlehandleMode_Select), (14 bytes).
    Removing mg32x02z_urt_drv.o(.ARM.exidx.text.URT_IdlehandleMode_Select), (8 bytes).
    Removing mg32x02z_urt_drv.o(.text.URT_TXHalt_Cmd), (14 bytes).
    Removing mg32x02z_urt_drv.o(.ARM.exidx.text.URT_TXHalt_Cmd), (8 bytes).
    Removing mg32x02z_urt_drv.o(.text.URT_TXGuardTime_Select), (4 bytes).
    Removing mg32x02z_urt_drv.o(.ARM.exidx.text.URT_TXGuardTime_Select), (8 bytes).
    Removing mg32x02z_urt_drv.o(.ARM.exidx.text.URT_SetTXData), (8 bytes).
    Removing mg32x02z_urt_drv.o(.text.URT_CPHAMode_Select), (12 bytes).
    Removing mg32x02z_urt_drv.o(.ARM.exidx.text.URT_CPHAMode_Select), (8 bytes).
    Removing mg32x02z_urt_drv.o(.text.URT_CPOLMode_Select), (12 bytes).
    Removing mg32x02z_urt_drv.o(.ARM.exidx.text.URT_CPOLMode_Select), (8 bytes).
    Removing mg32x02z_urt_drv.o(.text.URT_NssInverse_Cmd), (16 bytes).
    Removing mg32x02z_urt_drv.o(.ARM.exidx.text.URT_NssInverse_Cmd), (8 bytes).
    Removing mg32x02z_urt_drv.o(.text.URT_NssSW_Cmd), (16 bytes).
    Removing mg32x02z_urt_drv.o(.ARM.exidx.text.URT_NssSW_Cmd), (8 bytes).
    Removing mg32x02z_urt_drv.o(.text.URT_CtrlNSS_SW), (16 bytes).
    Removing mg32x02z_urt_drv.o(.ARM.exidx.text.URT_CtrlNSS_SW), (8 bytes).
    Removing mg32x02z_urt_drv.o(.text.URT_SetSlaveAddressMask), (6 bytes).
    Removing mg32x02z_urt_drv.o(.ARM.exidx.text.URT_SetSlaveAddressMask), (8 bytes).
    Removing mg32x02z_urt_drv.o(.text.URT_SetSlaveAddress), (6 bytes).
    Removing mg32x02z_urt_drv.o(.ARM.exidx.text.URT_SetSlaveAddress), (8 bytes).
    Removing mg32x02z_urt_drv.o(.text.URT_GlobalAddress_Cmd), (14 bytes).
    Removing mg32x02z_urt_drv.o(.ARM.exidx.text.URT_GlobalAddress_Cmd), (8 bytes).
    Removing mg32x02z_urt_drv.o(.text.URT_SendAddress), (14 bytes).
    Removing mg32x02z_urt_drv.o(.ARM.exidx.text.URT_SendAddress), (8 bytes).
    Removing mg32x02z_urt_drv.o(.text.URT_CalibrationMode_Select), (12 bytes).
    Removing mg32x02z_urt_drv.o(.ARM.exidx.text.URT_CalibrationMode_Select), (8 bytes).
    Removing mg32x02z_urt_drv.o(.text.URT_AutoCalibration_Cmd), (14 bytes).
    Removing mg32x02z_urt_drv.o(.ARM.exidx.text.URT_AutoCalibration_Cmd), (8 bytes).
    Removing mg32x02z_urt_drv.o(.text.URT_Calibration_SW), (12 bytes).
    Removing mg32x02z_urt_drv.o(.ARM.exidx.text.URT_Calibration_SW), (8 bytes).
    Removing mg32x02z_urt_drv.o(.text.URT_CalibrationCompleteDataHold_Cmd), (14 bytes).
    Removing mg32x02z_urt_drv.o(.ARM.exidx.text.URT_CalibrationCompleteDataHold_Cmd), (8 bytes).
    Removing mg32x02z_urt_drv.o(.text.URT_ExtraBreakBit_Select), (12 bytes).
    Removing mg32x02z_urt_drv.o(.ARM.exidx.text.URT_ExtraBreakBit_Select), (8 bytes).
    Removing mg32x02z_urt_drv.o(.text.URT_SendBreak), (16 bytes).
    Removing mg32x02z_urt_drv.o(.ARM.exidx.text.URT_SendBreak), (8 bytes).
    Removing mg32x02z_urt_drv.o(.text.URT_GetCalibrationResult), (38 bytes).
    Removing mg32x02z_urt_drv.o(.ARM.exidx.text.URT_GetCalibrationResult), (8 bytes).
    Removing mg32x02z_urt_drv.o(.text.URT_TXDMA_Cmd), (68 bytes).
    Removing mg32x02z_urt_drv.o(.ARM.exidx.text.URT_TXDMA_Cmd), (8 bytes).
    Removing mg32x02z_urt_drv.o(.text.URT_RXDMA_Cmd), (68 bytes).
    Removing mg32x02z_urt_drv.o(.ARM.exidx.text.URT_RXDMA_Cmd), (8 bytes).
    Removing mg32x02z_urt_drv.o(.text.URT_BreakDisableDMA_Cmd), (16 bytes).
    Removing mg32x02z_urt_drv.o(.ARM.exidx.text.URT_BreakDisableDMA_Cmd), (8 bytes).
    Removing mg32x02z_urt_drv.o(.text.URT_IrDA_Config), (18 bytes).
    Removing mg32x02z_urt_drv.o(.ARM.exidx.text.URT_IrDA_Config), (8 bytes).
    Removing mg32x02z_urt_drv.o(.text.URT_IrDA_Cmd), (12 bytes).
    Removing mg32x02z_urt_drv.o(.ARM.exidx.text.URT_IrDA_Cmd), (8 bytes).
    Removing mg32x02z_urt_drv.o(.text.URT_AutoExitMuteMode_Select), (6 bytes).
    Removing mg32x02z_urt_drv.o(.ARM.exidx.text.URT_AutoExitMuteMode_Select), (8 bytes).
    Removing mg32x02z_urt_drv.o(.text.URT_AutoEnterMuteMode_Select), (6 bytes).
    Removing mg32x02z_urt_drv.o(.ARM.exidx.text.URT_AutoEnterMuteMode_Select), (8 bytes).
    Removing mg32x02z_urt_drv.o(.text.URT_Mute_Cmd), (12 bytes).
    Removing mg32x02z_urt_drv.o(.ARM.exidx.text.URT_Mute_Cmd), (8 bytes).
    Removing mg32x02z_urt_drv.o(.text.URT_RXParityError_Config), (28 bytes).
    Removing mg32x02z_urt_drv.o(.ARM.exidx.text.URT_RXParityError_Config), (8 bytes).
    Removing mg32x02z_urt_drv.o(.text.URT_TXErrorDetectMode_Select), (12 bytes).
    Removing mg32x02z_urt_drv.o(.ARM.exidx.text.URT_TXErrorDetectMode_Select), (8 bytes).
    Removing mg32x02z_urt_drv.o(.text.URT_TXErrorResendTime_Select), (14 bytes).
    Removing mg32x02z_urt_drv.o(.ARM.exidx.text.URT_TXErrorResendTime_Select), (8 bytes).
    Removing mg32x02z_urt_drv.o(.text.URT_RxTxSwap_Cmd), (16 bytes).
    Removing mg32x02z_urt_drv.o(.ARM.exidx.text.URT_RxTxSwap_Cmd), (8 bytes).
    Removing mg32x02z_urt_drv.o(.text.URT_ExternalClockMux_Select), (12 bytes).
    Removing mg32x02z_urt_drv.o(.ARM.exidx.text.URT_ExternalClockMux_Select), (8 bytes).
    Removing mg32x02z_wwdt_drv.o(.text), (0 bytes).
    Removing mg32x02z_wwdt_drv.o(.text.WWDT_CLK_Select), (24 bytes).
    Removing mg32x02z_wwdt_drv.o(.ARM.exidx.text.WWDT_CLK_Select), (8 bytes).
    Removing mg32x02z_wwdt_drv.o(.text.WWDT_DIV_Select), (24 bytes).
    Removing mg32x02z_wwdt_drv.o(.ARM.exidx.text.WWDT_DIV_Select), (8 bytes).
    Removing mg32x02z_wwdt_drv.o(.text.WWDT_PDIV_Select), (24 bytes).
    Removing mg32x02z_wwdt_drv.o(.ARM.exidx.text.WWDT_PDIV_Select), (8 bytes).
    Removing mg32x02z_wwdt_drv.o(.text.WWDT_Cmd), (28 bytes).
    Removing mg32x02z_wwdt_drv.o(.ARM.exidx.text.WWDT_Cmd), (8 bytes).
    Removing mg32x02z_wwdt_drv.o(.text.WWDT_GetCounter), (12 bytes).
    Removing mg32x02z_wwdt_drv.o(.ARM.exidx.text.WWDT_GetCounter), (8 bytes).
    Removing mg32x02z_wwdt_drv.o(.text.WWDT_RefreshCounter), (16 bytes).
    Removing mg32x02z_wwdt_drv.o(.ARM.exidx.text.WWDT_RefreshCounter), (8 bytes).
    Removing mg32x02z_wwdt_drv.o(.text.WWDT_GetReloadReg), (12 bytes).
    Removing mg32x02z_wwdt_drv.o(.ARM.exidx.text.WWDT_GetReloadReg), (8 bytes).
    Removing mg32x02z_wwdt_drv.o(.text.WWDT_SetReloadReg), (12 bytes).
    Removing mg32x02z_wwdt_drv.o(.ARM.exidx.text.WWDT_SetReloadReg), (8 bytes).
    Removing mg32x02z_wwdt_drv.o(.text.WWDT_GetWindowThreshold), (12 bytes).
    Removing mg32x02z_wwdt_drv.o(.ARM.exidx.text.WWDT_GetWindowThreshold), (8 bytes).
    Removing mg32x02z_wwdt_drv.o(.text.WWDT_SetWindowThreshold), (12 bytes).
    Removing mg32x02z_wwdt_drv.o(.ARM.exidx.text.WWDT_SetWindowThreshold), (8 bytes).
    Removing mg32x02z_wwdt_drv.o(.text.WWDT_GetWarningThreshold), (12 bytes).
    Removing mg32x02z_wwdt_drv.o(.ARM.exidx.text.WWDT_GetWarningThreshold), (8 bytes).
    Removing mg32x02z_wwdt_drv.o(.text.WWDT_SetWarningThreshold), (12 bytes).
    Removing mg32x02z_wwdt_drv.o(.ARM.exidx.text.WWDT_SetWarningThreshold), (8 bytes).
    Removing mg32x02z_wwdt_drv.o(.text.WWDT_RstEvent_Config), (24 bytes).
    Removing mg32x02z_wwdt_drv.o(.ARM.exidx.text.WWDT_RstEvent_Config), (8 bytes).
    Removing mg32x02z_wwdt_drv.o(.text.WWDT_GetAllFlagStatus), (12 bytes).
    Removing mg32x02z_wwdt_drv.o(.ARM.exidx.text.WWDT_GetAllFlagStatus), (8 bytes).
    Removing mg32x02z_wwdt_drv.o(.text.WWDT_GetSingleFlagStatus), (20 bytes).
    Removing mg32x02z_wwdt_drv.o(.ARM.exidx.text.WWDT_GetSingleFlagStatus), (8 bytes).
    Removing mg32x02z_wwdt_drv.o(.text.WWDT_ClearFlag), (12 bytes).
    Removing mg32x02z_wwdt_drv.o(.ARM.exidx.text.WWDT_ClearFlag), (8 bytes).
    Removing mg32x02z_wwdt_drv.o(.text.WWDT_IT_Config), (24 bytes).
    Removing mg32x02z_wwdt_drv.o(.ARM.exidx.text.WWDT_IT_Config), (8 bytes).
    Removing mg32x02z__common_drv.o(.text), (0 bytes).
    Removing mg32x02z__common_drv.o(.text.InitTick), (26 bytes).
    Removing mg32x02z__common_drv.o(.ARM.exidx.text.InitTick), (8 bytes).
    Removing mg32x02z__common_drv.o(.text.SysTick_Config), (32 bytes).
    Removing mg32x02z__common_drv.o(.ARM.exidx.text.SysTick_Config), (8 bytes).
    Removing mg32x02z__common_drv.o(.text.__NVIC_SetPriority), (24 bytes).
    Removing mg32x02z__common_drv.o(.ARM.exidx.text.__NVIC_SetPriority), (8 bytes).
    Removing mg32x02z__common_drv.o(.ARM.exidx.text.IncTick), (8 bytes).
    Removing mg32x02z__common_drv.o(.text.GetTick), (12 bytes).
    Removing mg32x02z__common_drv.o(.ARM.exidx.text.GetTick), (8 bytes).
    Removing mg32x02z__common_drv.o(.text.Delay), (36 bytes).
    Removing mg32x02z__common_drv.o(.ARM.exidx.text.Delay), (8 bytes).
    Removing mg32x02z__common_drv.o(.text.SuspendTick), (16 bytes).
    Removing mg32x02z__common_drv.o(.ARM.exidx.text.SuspendTick), (8 bytes).
    Removing mg32x02z__common_drv.o(.text.ResumeTick), (16 bytes).
    Removing mg32x02z__common_drv.o(.ARM.exidx.text.ResumeTick), (8 bytes).
    Removing mg32x02z__common_drv.o(.ARM.exidx.text.ProtectModuleReg), (8 bytes).
    Removing mg32x02z__common_drv.o(.ARM.exidx.text.UnProtectModuleReg), (8 bytes).
    Removing mg32x02z__common_drv.o(.text.LockModuleReg), (12 bytes).
    Removing mg32x02z__common_drv.o(.ARM.exidx.text.LockModuleReg), (8 bytes).
    Removing dadd.o(.text), (356 bytes).
    Removing dmul.o(.text), (208 bytes).
    Removing ddiv.o(.text), (240 bytes).
    Removing dfixul.o(.text), (64 bytes).
    Removing cdrcmple.o(.text), (40 bytes).
    Removing depilogue.o(.text), (190 bytes).
    Removing depilogue.o(i.__ARM_clz), (46 bytes).

1619 unused section(s) (total 23808 bytes) removed from the image.
