Component: ARM Compiler 6.14.1 Tool: armlink [5db06d00]

==============================================================================

Section Cross References

    main.o(.text.main) refers to mg32x02z_chipinit.o(.text.ChipInit) for ChipInit
    main.o(.text.main) refers to flash.o(.text.FlashFirstInit) for FlashFirstInit
    main.o(.text.main) refers to gpio.o(.text.GPIO_Config) for GPIO_Config
    main.o(.text.main) refers to timers.o(.text.TIM_Config) for TIM_Config
    main.o(.text.main) refers to usart.o(.text.USART_Config) for USART_Config
    main.o(.text.main) refers to wdt.o(.text.WDT_Config) for WDT_Config
    main.o(.text.main) refers to mg32x02z_urt_drv.o(.text.URT_Cmd) for URT_Cmd
    main.o(.text.main) refers to mg32x02z_tm_drv.o(.text.TM_Timer_Cmd) for TM_Timer_Cmd
    main.o(.text.main) refers to wdt.o(.text.wdt_enable) for wdt_enable
    main.o(.text.main) refers to skud_algo.o(.text.HandleEvent) for HandleEvent
    main.o(.text.main) refers to wdt.o(.text.wdt_reset) for wdt_reset
    main.o(.ARM.exidx.text.main) refers to main.o(.text.main) for [Anonymous Symbol]
    prsm3.o(.text.PRSM3_AddNewByte) refers to mg32x02z_urt_drv.o(.text.URT_GetRXData) for URT_GetRXData
    prsm3.o(.text.PRSM3_AddNewByte) refers to prsm3.o(.text.PRSM3_ParseMessage) for PRSM3_ParseMessage
    prsm3.o(.text.PRSM3_AddNewByte) refers to prsm3.o(.bss..L_MergedGlobals) for [Anonymous Symbol]
    prsm3.o(.text.PRSM3_AddNewByte) refers to prsm3.o(.data.MessageLenArr) for MessageLenArr
    prsm3.o(.ARM.exidx.text.PRSM3_AddNewByte) refers to prsm3.o(.text.PRSM3_AddNewByte) for [Anonymous Symbol]
    prsm3.o(.text.PRSM3_ParseMessage) refers to mg32x02z_tm_drv.o(.text.TM_Timer_Cmd) for TM_Timer_Cmd
    prsm3.o(.text.PRSM3_ParseMessage) refers to prsm3.o(.text.PRSM3_ParseWriteRequest9) for PRSM3_ParseWriteRequest9
    prsm3.o(.text.PRSM3_ParseMessage) refers to prsm3.o(.text.PRSM3_ParseReadRequest) for PRSM3_ParseReadRequest
    prsm3.o(.text.PRSM3_ParseMessage) refers to prsm3.o(.text.PRSM3_ParseWriteRequest24) for PRSM3_ParseWriteRequest24
    prsm3.o(.text.PRSM3_ParseMessage) refers to crc.o(.text.Do_CRC) for Do_CRC
    prsm3.o(.text.PRSM3_ParseMessage) refers to usart.o(.text.URT_Print) for URT_Print
    prsm3.o(.text.PRSM3_ParseMessage) refers to prsm3.o(.bss..L_MergedGlobals) for [Anonymous Symbol]
    prsm3.o(.ARM.exidx.text.PRSM3_ParseMessage) refers to prsm3.o(.text.PRSM3_ParseMessage) for [Anonymous Symbol]
    prsm3.o(.text.PRSM3_ParseWriteRequest9) refers to crc.o(.text.CRCisWrong) for CRCisWrong
    prsm3.o(.text.PRSM3_ParseWriteRequest9) refers to crc.o(.text.Do_CRC) for Do_CRC
    prsm3.o(.text.PRSM3_ParseWriteRequest9) refers to usart.o(.text.URT_Print) for URT_Print
    prsm3.o(.text.PRSM3_ParseWriteRequest9) refers to flash.o(.text.ActivateKey) for ActivateKey
    prsm3.o(.text.PRSM3_ParseWriteRequest9) refers to flash.o(.text.DoCommand) for DoCommand
    prsm3.o(.text.PRSM3_ParseWriteRequest9) refers to flash.o(.text.SetVariable) for SetVariable
    prsm3.o(.text.PRSM3_ParseWriteRequest9) refers to prsm3.o(.bss..L_MergedGlobals) for [Anonymous Symbol]
    prsm3.o(.ARM.exidx.text.PRSM3_ParseWriteRequest9) refers to prsm3.o(.text.PRSM3_ParseWriteRequest9) for [Anonymous Symbol]
    prsm3.o(.text.PRSM3_ParseWriteRequest24) refers to crc.o(.text.CRCisWrong) for CRCisWrong
    prsm3.o(.text.PRSM3_ParseWriteRequest24) refers to crc.o(.text.Do_CRC) for Do_CRC
    prsm3.o(.text.PRSM3_ParseWriteRequest24) refers to usart.o(.text.URT_Print) for URT_Print
    prsm3.o(.text.PRSM3_ParseWriteRequest24) refers to flash.o(.text.AddKey) for AddKey
    prsm3.o(.text.PRSM3_ParseWriteRequest24) refers to flash.o(.text.SetVariablePack) for SetVariablePack
    prsm3.o(.text.PRSM3_ParseWriteRequest24) refers to prsm3.o(.bss..L_MergedGlobals) for [Anonymous Symbol]
    prsm3.o(.ARM.exidx.text.PRSM3_ParseWriteRequest24) refers to prsm3.o(.text.PRSM3_ParseWriteRequest24) for [Anonymous Symbol]
    prsm3.o(.text.PRSM3_ParseReadRequest) refers to crc.o(.text.CRCisWrong) for CRCisWrong
    prsm3.o(.text.PRSM3_ParseReadRequest) refers to crc.o(.text.Do_CRC) for Do_CRC
    prsm3.o(.text.PRSM3_ParseReadRequest) refers to usart.o(.text.URT_Print) for URT_Print
    prsm3.o(.text.PRSM3_ParseReadRequest) refers to flash.o(.text.GetVariable) for GetVariable
    prsm3.o(.text.PRSM3_ParseReadRequest) refers to prsm3.o(.bss..L_MergedGlobals) for [Anonymous Symbol]
    prsm3.o(.text.PRSM3_ParseReadRequest) refers to variables.o(.data.variables) for variables
    prsm3.o(.ARM.exidx.text.PRSM3_ParseReadRequest) refers to prsm3.o(.text.PRSM3_ParseReadRequest) for [Anonymous Symbol]
    prsm3.o(.text.PRSM3_ReturnReply) refers to crc.o(.text.Do_CRC) for Do_CRC
    prsm3.o(.text.PRSM3_ReturnReply) refers to usart.o(.text.URT_Print) for URT_Print
    prsm3.o(.text.PRSM3_ReturnReply) refers to prsm3.o(.bss..L_MergedGlobals) for [Anonymous Symbol]
[...]
    ../clib/microlib/init/entry.s            0x00000000   Number         0  entry9a.o ABSOLUTE
    ../clib/microlib/init/entry.s            0x00000000   Number         0  entry9b.o ABSOLUTE
    ../clib/microlib/init/entry.s            0x00000000   Number         0  entry10a.o ABSOLUTE
    ../clib/microlib/init/entry.s            0x00000000   Number         0  entry10b.o ABSOLUTE
    ../clib/microlib/init/entry.s            0x00000000   Number         0  entry11a.o ABSOLUTE
    ../clib/microlib/init/entry.s            0x00000000   Number         0  entry11b.o ABSOLUTE
    ../clib/microlib/longlong.c              0x00000000   Number         0  llshl.o ABSOLUTE
    ../clib/microlib/longlong.c              0x00000000   Number         0  llushr.o ABSOLUTE
    ../clib/microlib/longlong.c              0x00000000   Number         0  llsshr.o ABSOLUTE
    ../clib/microlib/printf/printf.c         0x00000000   Number         0  printfb.o ABSOLUTE
    ../clib/microlib/printf/printf.c         0x00000000   Number         0  printf0.o ABSOLUTE
    ../clib/microlib/printf/printf.c         0x00000000   Number         0  printf1.o ABSOLUTE
    ../clib/microlib/printf/printf.c         0x00000000   Number         0  printf2.o ABSOLUTE
    ../clib/microlib/printf/printf.c         0x00000000   Number         0  printf3.o ABSOLUTE
    ../clib/microlib/printf/printf.c         0x00000000   Number         0  printf4.o ABSOLUTE
    ../clib/microlib/printf/printf.c         0x00000000   Number         0  printf5.o ABSOLUTE
    ../clib/microlib/printf/printf.c         0x00000000   Number         0  printf6.o ABSOLUTE
    ../clib/microlib/printf/printf.c         0x00000000   Number         0  printf7.o ABSOLUTE
    ../clib/microlib/printf/printf.c         0x00000000   Number         0  printf8.o ABSOLUTE
    ../clib/microlib/printf/printf.c         0x00000000   Number         0  printfa.o ABSOLUTE
    ../clib/microlib/printf/stubs.s          0x00000000   Number         0  printfstubs.o ABSOLUTE
    ../clib/microlib/stdio/fputc.c           0x00000000   Number         0  fputc.o ABSOLUTE
    ../clib/microlib/stdio/fputc.c           0x00000000   Number         0  fputc_h.o ABSOLUTE
    ../clib/microlib/stdio/semi.s            0x00000000   Number         0  semi.o ABSOLUTE
    ../clib/microlib/stdio/streams.c         0x00000000   Number         0  stdout.o ABSOLUTE
    ../clib/microlib/string/memcmp.c         0x00000000   Number         0  memcmp.o ABSOLUTE
    ../clib/microlib/string/memcpy.c         0x00000000   Number         0  memcpya.o ABSOLUTE
    ../clib/microlib/string/memcpy.c         0x00000000   Number         0  memcpyb.o ABSOLUTE
    ../clib/microlib/string/memset.c         0x00000000   Number         0  memseta.o ABSOLUTE
    ../clib/microlib/stubs.s                 0x00000000   Number         0  iusefp.o ABSOLUTE
    ../clib/microlib/stubs.s                 0x00000000   Number         0  iusesemip.o ABSOLUTE
    ../fplib/microlib/fpadd.c                0x00000000   Number         0  dadd.o ABSOLUTE
    ../fplib/microlib/fpdiv.c                0x00000000   Number         0  ddiv.o ABSOLUTE
    ../fplib/microlib/fpepilogue.c           0x00000000   Number         0  depilogue.o ABSOLUTE
    ../fplib/microlib/fpfix.c                0x00000000   Number         0  dfixul.o ABSOLUTE
    ../fplib/microlib/fpmul.c                0x00000000   Number         0  dmul.o ABSOLUTE
    MG32x02z_ADC_DRV.c                       0x00000000   Number         0  mg32x02z_adc_drv.o ABSOLUTE
    MG32x02z_APB_DRV.c                       0x00000000   Number         0  mg32x02z_apb_drv.o ABSOLUTE
    MG32x02z_CFG_DRV.c                       0x00000000   Number         0  mg32x02z_cfg_drv.o ABSOLUTE
    MG32x02z_CM0_DRV.c                       0x00000000   Number         0  mg32x02z_cm0_drv.o ABSOLUTE
    MG32x02z_CMP_DRV.c                       0x00000000   Number         0  mg32x02z_cmp_drv.o ABSOLUTE
    MG32x02z_CSC_DRV.c                       0x00000000   Number         0  mg32x02z_csc_drv.o ABSOLUTE
    MG32x02z_CSC_Init.c                      0x00000000   Number         0  mg32x02z_csc_init.o ABSOLUTE
    MG32x02z_ChipInit.c                      0x00000000   Number         0  mg32x02z_chipinit.o ABSOLUTE
    MG32x02z_DMA_DRV.c                       0x00000000   Number         0  mg32x02z_dma_drv.o ABSOLUTE
    MG32x02z_EXIC_DRV.c                      0x00000000   Number         0  mg32x02z_exic_drv.o ABSOLUTE
    MG32x02z_GPIO_DRV.c                      0x00000000   Number         0  mg32x02z_gpio_drv.o ABSOLUTE
    MG32x02z_GPL_DRV.c                       0x00000000   Number         0  mg32x02z_gpl_drv.o ABSOLUTE
    MG32x02z_I2C_DRV.c                       0x00000000   Number         0  mg32x02z_i2c_drv.o ABSOLUTE
    MG32x02z_IWDT_DRV.c                      0x00000000   Number         0  mg32x02z_iwdt_drv.o ABSOLUTE
    MG32x02z_MEM_DRV.c                       0x00000000   Number         0  mg32x02z_mem_drv.o ABSOLUTE
    MG32x02z_PW_DRV.c                        0x00000000   Number         0  mg32x02z_pw_drv.o ABSOLUTE
    MG32x02z_RST_DRV.c                       0x00000000   Number         0  mg32x02z_rst_drv.o ABSOLUTE
    MG32x02z_RTC_DRV.c                       0x00000000   Number         0  mg32x02z_rtc_drv.o ABSOLUTE
    MG32x02z_SPI_DRV.c                       0x00000000   Number         0  mg32x02z_spi_drv.o ABSOLUTE
    MG32x02z_SYS_DRV.c                       0x00000000   Number         0  mg32x02z_sys_drv.o ABSOLUTE
    MG32x02z_TM_DRV.c                        0x00000000   Number         0  mg32x02z_tm_drv.o ABSOLUTE
    MG32x02z_URT_DRV.c                       0x00000000   Number         0  mg32x02z_urt_drv.o ABSOLUTE
    MG32x02z_WWDT_DRV.c                      0x00000000   Number         0  mg32x02z_wwdt_drv.o ABSOLUTE
    MG32x02z__Common_DRV.c                   0x00000000   Number         0  mg32x02z__common_drv.o ABSOLUTE
    RTE/Device/MG32F02A032/startup_MG32x02z.s 0x00000000   Number         0  startup_mg32x02z.o ABSOLUTE
    buffer.c                                 0x00000000   Number         0  buffer.o ABSOLUTE
    cdrcmple.s                               0x00000000   Number         0  cdrcmple.o ABSOLUTE
    crc.c                                    0x00000000   Number         0  crc.o ABSOLUTE
    dc.s                                     0x00000000   Number         0  dc.o ABSOLUTE
    events.c                                 0x00000000   Number         0  events.o ABSOLUTE
    flash.c                                  0x00000000   Number         0  flash.o ABSOLUTE
    gpio.c                                   0x00000000   Number         0  gpio.o ABSOLUTE
    handlers.s                               0x00000000   Number         0  handlers.o ABSOLUTE
    iap.c                                    0x00000000   Number         0  iap.o ABSOLUTE
    ibutton.c                                0x00000000   Number         0  ibutton.o ABSOLUTE
    init.s                                   0x00000000   Number         0  init.o ABSOLUTE
    keys.c                                   0x00000000   Number         0  keys.o ABSOLUTE
    main.c                                   0x00000000   Number         0  main.o ABSOLUTE
    md5.c                                    0x00000000   Number         0  md5.o ABSOLUTE
    onewire.c                                0x00000000   Number         0  onewire.o ABSOLUTE
    prsm3.c                                  0x00000000   Number         0  prsm3.o ABSOLUTE
    skud_algo.c                              0x00000000   Number         0  skud_algo.o ABSOLUTE
    system_MG32x02z.c                        0x00000000   Number         0  system_mg32x02z.o ABSOLUTE
    tests.c                                  0x00000000   Number         0  tests.o ABSOLUTE
    timers.c                                 0x00000000   Number         0  timers.o ABSOLUTE
    usart.c                                  0x00000000   Number         0  usart.o ABSOLUTE
    variables.c                              0x00000000   Number         0  variables.o ABSOLUTE
    wdt.c                                    0x00000000   Number         0  wdt.o ABSOLUTE
    RESET                                    0x00000000   Section      192  startup_mg32x02z.o(RESET)
    .ARM.Collect$$$$00000000                 0x000000c0   Section        0  entry.o(.ARM.Collect$$$$00000000)
    .ARM.Collect$$$$00000001                 0x000000c0   Section        4  entry2.o(.ARM.Collect$$$$00000001)
    .ARM.Collect$$$$00000004                 0x000000c4   Section        4  entry5.o(.ARM.Collect$$$$00000004)
    .ARM.Collect$$$$00000008                 0x000000c8   Section        0  entry7b.o(.ARM.Collect$$$$00000008)
    .ARM.Collect$$$$0000000A                 0x000000c8   Section        0  entry8b.o(.ARM.Collect$$$$0000000A)
    .ARM.Collect$$$$0000000B                 0x000000c8   Section        8  entry9a.o(.ARM.Collect$$$$0000000B)
    __lit__00000000                          0x000000d0   Data           4  entry2.o(.ARM.Collect$$$$00002712)
    .ARM.Collect$$$$0000000D                 0x000000d0   Section        0  entry10a.o(.ARM.Collect$$$$0000000D)
    .ARM.Collect$$$$0000000F                 0x000000d0   Section        0  entry11a.o(.ARM.Collect$$$$0000000F)
    .ARM.Collect$$$$00002712                 0x000000d0   Section        4  entry2.o(.ARM.Collect$$$$00002712)
    .text                                    0x000000d4   Section       60  startup_mg32x02z.o(.text)
    .text                                    0x00000110   Section        0  uidiv.o(.text)
    .text                                    0x0000013c   Section        0  memcpya.o(.text)
    .text                                    0x00000160   Section        0  memseta.o(.text)
    .text                                    0x00000184   Section        0  memcmp.o(.text)
    .text                                    0x0000019e   Section        0  uldiv.o(.text)
    .text                                    0x00000200   Section       36  init.o(.text)
    .text                                    0x00000224   Section        0  semi.o(.text)
    .text                                    0x00000224   Section        0  llshl.o(.text)
    .text                                    0x00000244   Section        0  llushr.o(.text)
    .text                                    0x00000266   Section        0  iusesemip.o(.text)
    .text                                    0x00000266   Section        0  __dczerorl.o(.text)
    [Anonymous Symbol]                       0x000002a0   Section        0  flash.o(.text.ActivateKey)
    [Anonymous Symbol]                       0x00000340   Section        0  flash.o(.text.AddKey)
    __arm_cp.1_0                             0x00000460   Number         4  flash.o(.text.AddKey)
    __arm_cp.1_1                             0x00000464   Number         4  flash.o(.text.AddKey)
    __arm_cp.1_2                             0x00000468   Number         4  flash.o(.text.AddKey)
    __arm_cp.1_3                             0x0000046c   Number         4  flash.o(.text.AddKey)
    __arm_cp.1_4                             0x00000470   Number         4  flash.o(.text.AddKey)
    [Anonymous Symbol]                       0x00000474   Section        0  crc.o(.text.CRCisWrong)
    __arm_cp.1_0                             0x00000498   Number         4  crc.o(.text.CRCisWrong)
    [Anonymous Symbol]                       0x0000049c   Section        0  mg32x02z_csc_drv.o(.text.CSC_ClearFlag)
    [Anonymous Symbol]                       0x000004a4   Section        0  mg32x02z_csc_drv.o(.text.CSC_GetClockSourceState)
    __arm_cp.24_0                            0x000004b4   Number         4  mg32x02z_csc_drv.o(.text.CSC_GetClockSourceState)
    [Anonymous Symbol]                       0x000004b8   Section        0  mg32x02z_csc_drv.o(.text.CSC_IHRCO_Cmd)
    [Anonymous Symbol]                       0x000004d0   Section        0  mg32x02z_csc_init.o(.text.CSC_Init)
    __arm_cp.3_1                             0x00000714   Number         4  mg32x02z_csc_init.o(.text.CSC_Init)
    __arm_cp.3_2                             0x00000718   Number         4  mg32x02z_csc_init.o(.text.CSC_Init)
    __arm_cp.3_3                             0x0000071c   Number         4  mg32x02z_csc_init.o(.text.CSC_Init)
    __arm_cp.3_4                             0x00000720   Number         4  mg32x02z_csc_init.o(.text.CSC_Init)
    __arm_cp.3_5                             0x00000724   Number         4  mg32x02z_csc_init.o(.text.CSC_Init)
    __arm_cp.3_6                             0x00000728   Number         4  mg32x02z_csc_init.o(.text.CSC_Init)
    __arm_cp.3_7                             0x0000072c   Number         4  mg32x02z_csc_init.o(.text.CSC_Init)
    __arm_cp.3_8                             0x00000730   Number         4  mg32x02z_csc_init.o(.text.CSC_Init)
    __arm_cp.3_9                             0x00000734   Number         4  mg32x02z_csc_init.o(.text.CSC_Init)
    __arm_cp.3_10                            0x00000738   Number         4  mg32x02z_csc_init.o(.text.CSC_Init)
    [Anonymous Symbol]                       0x0000073c   Section        0  mg32x02z_chipinit.o(.text.ChipInit)
    __arm_cp.0_0                             0x0000074c   Number         4  mg32x02z_chipinit.o(.text.ChipInit)
    [Anonymous Symbol]                       0x00000750   Section        0  ibutton.o(.text.DS1990A_GetKeyID)
    __arm_cp.0_0                             0x000007b0   Number         4  ibutton.o(.text.DS1990A_GetKeyID)
    [Anonymous Symbol]                       0x000007b4   Section        0  flash.o(.text.DoCommand)
    __arm_cp.12_0                            0x00000928   Number         4  flash.o(.text.DoCommand)
    __arm_cp.12_1                            0x0000092c   Number         4  flash.o(.text.DoCommand)
    [Anonymous Symbol]                       0x00000930   Section        0  crc.o(.text.Do_CRC)
    __arm_cp.0_0                             0x0000094c   Number         4  crc.o(.text.Do_CRC)
    [Anonymous Symbol]                       0x00000950   Section        0  flash.o(.text.FlashFirstInit)
    __arm_cp.2_0                             0x00000c10   Number         4  flash.o(.text.FlashFirstInit)
    __arm_cp.2_1                             0x00000c14   Number         4  flash.o(.text.FlashFirstInit)
    __arm_cp.2_2                             0x00000c18   Number         4  flash.o(.text.FlashFirstInit)
    __arm_cp.2_3                             0x00000c1c   Number         4  flash.o(.text.FlashFirstInit)
    __arm_cp.2_4                             0x00000c20   Number         4  flash.o(.text.FlashFirstInit)
    __arm_cp.2_5                             0x00000c24   Number         4  flash.o(.text.FlashFirstInit)
    __arm_cp.2_6                             0x00000c28   Number         4  flash.o(.text.FlashFirstInit)
    [Anonymous Symbol]                       0x00000c2c   Section        0  gpio.o(.text.GPIO_Config)
    __arm_cp.5_0                             0x00000ea0   Number         4  gpio.o(.text.GPIO_Config)
    __arm_cp.5_1                             0x00000ea4   Number         4  gpio.o(.text.GPIO_Config)
    __arm_cp.5_2                             0x00000ea8   Number         4  gpio.o(.text.GPIO_Config)
    [Anonymous Symbol]                       0x00000eac   Section        0  mg32x02z_gpio_drv.o(.text.GPIO_PinFunction_Select)
    __arm_cp.8_0                             0x00000ec0   Number         4  mg32x02z_gpio_drv.o(.text.GPIO_PinFunction_Select)
    [Anonymous Symbol]                       0x00000ec4   Section        0  mg32x02z_gpio_drv.o(.text.GPIO_PinHighSpeedMode_Cmd)
    [Anonymous Symbol]                       0x00000ed4   Section        0  mg32x02z_gpio_drv.o(.text.GPIO_PinInFilterDivider_Select)
    [Anonymous Symbol]                       0x00000ee6   Section        0  mg32x02z_gpio_drv.o(.text.GPIO_PinInverse_Cmd)
    [Anonymous Symbol]                       0x00000ef6   Section        0  mg32x02z_gpio_drv.o(.text.GPIO_PinMode_Select)
    [Anonymous Symbol]                       0x00000f08   Section        0  mg32x02z_gpio_drv.o(.text.GPIO_PinOutputDrive_Select)
    [Anonymous Symbol]                       0x00000f1a   Section        0  mg32x02z_gpio_drv.o(.text.GPIO_PinPUResister_Cmd)
    [Anonymous Symbol]                       0x00000f2c   Section        0  flash.o(.text.GetVariable)
    __arm_cp.4_0                             0x00000f40   Number         4  flash.o(.text.GetVariable)
    [Anonymous Symbol]                       0x00000f44   Section        0  skud_algo.o(.text.HandleEvent)
    __arm_cp.18_0                            0x00000f7c   Number         4  skud_algo.o(.text.HandleEvent)
    __arm_cp.18_1                            0x00000f80   Number         4  skud_algo.o(.text.HandleEvent)
    [Anonymous Symbol]                       0x00000f84   Section        0  system_mg32x02z.o(.text.HardFault_Handler_C)
    __arm_cp.2_0                             0x00000ff8   Number         4  system_mg32x02z.o(.text.HardFault_Handler_C)
    __arm_cp.2_1                             0x00000ffc   Number         4  system_mg32x02z.o(.text.HardFault_Handler_C)
    __arm_cp.2_2                             0x00001000   Number         4  system_mg32x02z.o(.text.HardFault_Handler_C)
    __arm_cp.2_3                             0x00001004   Number         4  system_mg32x02z.o(.text.HardFault_Handler_C)
    [Anonymous Symbol]                       0x00001098   Section        0  iap.o(.text.IAP_CopyFromIAPToRAM)
    [Anonymous Symbol]                       0x000010b0   Section        0  iap.o(.text.IAP_Erase_OnePage)
    [Anonymous Symbol]                       0x00001140   Section        0  iap.o(.text.IAP_Init)
    __arm_cp.0_0                             0x00001174   Number         4  iap.o(.text.IAP_Init)
    [Anonymous Symbol]                       0x00001178   Section        0  iap.o(.text.IAP_IsEqualToRAM)
    [Anonymous Symbol]                       0x0000118c   Section        0  iap.o(.text.IAP_Multiple_Write)
    [Anonymous Symbol]                       0x00001250   Section        0  iap.o(.text.IAP_ReadByte)
    [Anonymous Symbol]                       0x0000125c   Section        0  iap.o(.text.IAP_ReadWord)
    [Anonymous Symbol]                       0x0000126a   Section        0  iap.o(.text.IAP_WriteMultipleWord)
    [Anonymous Symbol]                       0x00001284   Section        0  iap.o(.text.IAP_WriteSingleWord)
    __arm_cp.6_0                             0x00001320   Number         4  iap.o(.text.IAP_WriteSingleWord)
    __arm_cp.6_1                             0x00001324   Number         4  iap.o(.text.IAP_WriteSingleWord)
    __arm_cp.6_2                             0x00001328   Number         4  iap.o(.text.IAP_WriteSingleWord)
    __arm_cp.6_3                             0x0000132c   Number         4  iap.o(.text.IAP_WriteSingleWord)
    [Anonymous Symbol]                       0x00001330   Section        0  mg32x02z_iwdt_drv.o(.text.IWDT_Cmd)
    __arm_cp.4_0                             0x00001348   Number         4  mg32x02z_iwdt_drv.o(.text.IWDT_Cmd)
    [Anonymous Symbol]                       0x0000134c   Section        0  mg32x02z_iwdt_drv.o(.text.IWDT_Divider_Select)
    __arm_cp.0_0                             0x00001360   Number         4  mg32x02z_iwdt_drv.o(.text.IWDT_Divider_Select)
    [Anonymous Symbol]                       0x00001364   Section        0  mg32x02z_iwdt_drv.o(.text.IWDT_RefreshCounter)
    __arm_cp.2_0                             0x0000136c   Number         4  mg32x02z_iwdt_drv.o(.text.IWDT_RefreshCounter)
    __arm_cp.2_1                             0x00001370   Number         4  mg32x02z_iwdt_drv.o(.text.IWDT_RefreshCounter)
    [Anonymous Symbol]                       0x00001374   Section        0  skud_algo.o(.text.IsKeyActive)
    __arm_cp.19_0                            0x000013c4   Number         4  skud_algo.o(.text.IsKeyActive)
    __arm_cp.19_1                            0x000013c8   Number         4  skud_algo.o(.text.IsKeyActive)
    __arm_cp.19_2                            0x000013cc   Number         4  skud_algo.o(.text.IsKeyActive)
    [Anonymous Symbol]                       0x000013d0   Section        0  md5.o(.text.MD5_Final)
    [Anonymous Symbol]                       0x00001490   Section        0  md5.o(.text.MD5_MakeHash)
    __arm_cp.4_0                             0x000014f4   Number         4  md5.o(.text.MD5_MakeHash)
    __arm_cp.4_1                             0x000014f8   Number         4  md5.o(.text.MD5_MakeHash)
    __arm_cp.4_2                             0x000014fc   Number         4  md5.o(.text.MD5_MakeHash)
    __arm_cp.4_3                             0x00001500   Number         4  md5.o(.text.MD5_MakeHash)
    [Anonymous Symbol]                       0x00001504   Section        0  mg32x02z_mem_drv.o(.text.MEM_SetIAPSize)
    __arm_cp.23_0                            0x00001578   Number         4  mg32x02z_mem_drv.o(.text.MEM_SetIAPSize)
    [Anonymous Symbol]                       0x0000157c   Section        0  onewire.o(.text.OneWire_Read)
    [Anonymous Symbol]                       0x00001618   Section        0  onewire.o(.text.OneWire_SetDirection)
    [Anonymous Symbol]                       0x00001624   Section        0  onewire.o(.text.OneWire_Start)
    [Anonymous Symbol]                       0x00001674   Section        0  onewire.o(.text.OneWire_Write)
    __arm_cp.2_0                             0x00001720   Number         4  onewire.o(.text.OneWire_Write)
    __arm_cp.2_1                             0x00001724   Number         4  onewire.o(.text.OneWire_Write)
    [Anonymous Symbol]                       0x00001728   Section        0  prsm3.o(.text.PRSM3_AddNewByte)
    __arm_cp.0_1                             0x00001778   Number         4  prsm3.o(.text.PRSM3_AddNewByte)
    [Anonymous Symbol]                       0x0000177c   Section        0  prsm3.o(.text.PRSM3_ParseMessage)
    __arm_cp.1_1                             0x000017fc   Number         4  prsm3.o(.text.PRSM3_ParseMessage)
    [Anonymous Symbol]                       0x00001800   Section        0  prsm3.o(.text.PRSM3_ParseReadRequest)
    [Anonymous Symbol]                       0x000019e0   Section        0  prsm3.o(.text.PRSM3_ParseWriteRequest24)
    [Anonymous Symbol]                       0x00001a6c   Section        0  prsm3.o(.text.PRSM3_ParseWriteRequest9)
    __arm_cp.2_0                             0x00001b08   Number         4  prsm3.o(.text.PRSM3_ParseWriteRequest9)
    [Anonymous Symbol]                       0x00001b0c   Section        0  prsm3.o(.text.PRSM3_clearBuffer)
    __arm_cp.7_0                             0x00001b1c   Number         4  prsm3.o(.text.PRSM3_clearBuffer)
    __arm_cp.7_1                             0x00001b20   Number         4  prsm3.o(.text.PRSM3_clearBuffer)
    [Anonymous Symbol]                       0x00001b24   Section        0  mg32x02z__common_drv.o(.text.ProtectModuleReg)
    [Anonymous Symbol]                       0x00001b2c   Section        0  mg32x02z_rst_drv.o(.text.RST_CRstSource_Config)
    __arm_cp.3_0                             0x00001b40   Number         4  mg32x02z_rst_drv.o(.text.RST_CRstSource_Config)
    [Anonymous Symbol]                       0x00001b44   Section        0  flash.o(.text.SetVariable)
    __arm_cp.5_0                             0x00001bbc   Number         4  flash.o(.text.SetVariable)
    [Anonymous Symbol]                       0x00001bc0   Section        0  flash.o(.text.SetVariablePack)
    __arm_cp.9_0                             0x00001eb0   Number         4  flash.o(.text.SetVariablePack)
    __arm_cp.9_1                             0x00001eb4   Number         4  flash.o(.text.SetVariablePack)
    __arm_cp.9_2                             0x00001eb8   Number         4  flash.o(.text.SetVariablePack)
    [Anonymous Symbol]                       0x00001ebc   Section        0  system_mg32x02z.o(.text.SystemInit)
    __arm_cp.1_0                             0x00001ec4   Number         4  system_mg32x02z.o(.text.SystemInit)
    __arm_cp.1_1                             0x00001ec8   Number         4  system_mg32x02z.o(.text.SystemInit)
    [Anonymous Symbol]                       0x00001ecc   Section        0  timers.o(.text.TIM00_Callback)
    __arm_cp.0_0                             0x00001f48   Number         4  timers.o(.text.TIM00_Callback)
    __arm_cp.0_1                             0x00001f4c   Number         4  timers.o(.text.TIM00_Callback)
    __arm_cp.0_2                             0x00001f50   Number         4  timers.o(.text.TIM00_Callback)
    __arm_cp.0_3                             0x00001f54   Number         4  timers.o(.text.TIM00_Callback)
    __arm_cp.0_4                             0x00001f58   Number         4  timers.o(.text.TIM00_Callback)
    [Anonymous Symbol]                       0x00001f5c   Section        0  timers.o(.text.TIM_Config)
    __arm_cp.5_1                             0x00002070   Number         4  timers.o(.text.TIM_Config)
    __arm_cp.5_5                             0x00002074   Number         4  timers.o(.text.TIM_Config)
    __arm_cp.5_6                             0x00002078   Number         4  timers.o(.text.TIM_Config)
    [Anonymous Symbol]                       0x0000207c   Section        0  timers.o(.text.TM0x_IRQHandler)
    __arm_cp.6_0                             0x000020c4   Number         4  timers.o(.text.TM0x_IRQHandler)
    __arm_cp.6_1                             0x000020c8   Number         4  timers.o(.text.TM0x_IRQHandler)
    __arm_cp.6_2                             0x000020cc   Number         4  timers.o(.text.TM0x_IRQHandler)
    __arm_cp.6_3                             0x000020d0   Number         4  timers.o(.text.TM0x_IRQHandler)
    [Anonymous Symbol]                       0x000020d4   Section        0  timers.o(.text.TM10_IRQHandler)
    __arm_cp.7_0                             0x00002108   Number         4  timers.o(.text.TM10_IRQHandler)
    __arm_cp.7_1                             0x0000210c   Number         4  timers.o(.text.TM10_IRQHandler)
    [Anonymous Symbol]                       0x00002110   Section        0  timers.o(.text.TM1x_IRQHandler)
    __arm_cp.8_0                             0x00002140   Number         4  timers.o(.text.TM1x_IRQHandler)
    [Anonymous Symbol]                       0x00002144   Section        0  timers.o(.text.TM3x_IRQHandler)
    __arm_cp.9_0                             0x000021c4   Number         4  timers.o(.text.TM3x_IRQHandler)
    __arm_cp.9_1                             0x000021c8   Number         4  timers.o(.text.TM3x_IRQHandler)
    __arm_cp.9_2                             0x000021cc   Number         4  timers.o(.text.TM3x_IRQHandler)
    __arm_cp.9_3                             0x000021d0   Number         4  timers.o(.text.TM3x_IRQHandler)
    __arm_cp.9_4                             0x000021d4   Number         4  timers.o(.text.TM3x_IRQHandler)
    __arm_cp.9_5                             0x000021d8   Number         4  timers.o(.text.TM3x_IRQHandler)
    __arm_cp.9_6                             0x000021dc   Number         4  timers.o(.text.TM3x_IRQHandler)
    __arm_cp.9_7                             0x000021e0   Number         4  timers.o(.text.TM3x_IRQHandler)
    __arm_cp.9_8                             0x000021e4   Number         4  timers.o(.text.TM3x_IRQHandler)
    [Anonymous Symbol]                       0x000021e8   Section        0  mg32x02z_tm_drv.o(.text.TM_ClearFlag)
    [Anonymous Symbol]                       0x000021ec   Section        0  mg32x02z_tm_drv.o(.text.TM_ITEA_Cmd)
    [Anonymous Symbol]                       0x000021fa   Section        0  mg32x02z_tm_drv.o(.text.TM_IT_Config)
    [Anonymous Symbol]                       0x0000220e   Section        0  mg32x02z_tm_drv.o(.text.TM_TimeBaseStruct_Init)
    [Anonymous Symbol]                       0x00002222   Section        0  mg32x02z_tm_drv.o(.text.TM_TimeBase_Init)
    [Anonymous Symbol]                       0x000022a8   Section        0  mg32x02z_tm_drv.o(.text.TM_Timer_Cmd)
    [Anonymous Symbol]                       0x000022c0   Section        0  usart.o(.text.URT0_IRQHandler)
    __arm_cp.8_0                             0x000022f0   Number         4  usart.o(.text.URT0_IRQHandler)
    [Anonymous Symbol]                       0x000022f4   Section        0  mg32x02z_urt_drv.o(.text.URT_ClearITFlag)
    [Anonymous Symbol]                       0x000022fc   Section        0  mg32x02z_urt_drv.o(.text.URT_Cmd)
    [Anonymous Symbol]                       0x00002308   Section        0  mg32x02z_urt_drv.o(.text.URT_GetITAllFlagStatus)
    [Anonymous Symbol]                       0x00002310   Section        0  mg32x02z_urt_drv.o(.text.URT_GetITStatus)
    [Anonymous Symbol]                       0x00002314   Section        0  mg32x02z_urt_drv.o(.text.URT_GetRXData)
    [Anonymous Symbol]                       0x00002318   Section        0  mg32x02z_urt_drv.o(.text.URT_ITEA_Cmd)
    [Anonymous Symbol]                       0x00002324   Section        0  mg32x02z_urt_drv.o(.text.URT_IT_Config)
    [Anonymous Symbol]                       0x00002330   Section        0  usart.o(.text.URT_Print)
    [Anonymous Symbol]                       0x00002364   Section        0  mg32x02z_urt_drv.o(.text.URT_SetTXData)
    [Anonymous Symbol]                       0x00002398   Section        0  usart.o(.text.USART_Config)
    __arm_cp.7_0                             0x000023fc   Number         4  usart.o(.text.USART_Config)
    __arm_cp.7_1                             0x00002400   Number         4  usart.o(.text.USART_Config)
    __arm_cp.7_2                             0x00002404   Number         4  usart.o(.text.USART_Config)
    __arm_cp.7_3                             0x00002408   Number         4  usart.o(.text.USART_Config)
    __arm_cp.7_4                             0x0000240c   Number         4  usart.o(.text.USART_Config)
    __arm_cp.7_5                             0x00002410   Number         4  usart.o(.text.USART_Config)
    [Anonymous Symbol]                       0x00002414   Section        0  mg32x02z__common_drv.o(.text.UnProtectModuleReg)
    __arm_cp.7_0                             0x0000241c   Number         4  mg32x02z__common_drv.o(.text.UnProtectModuleReg)
    [Anonymous Symbol]                       0x00002420   Section        0  wdt.o(.text.WDT_Config)
    __arm_cp.0_0                             0x0000243c   Number         4  wdt.o(.text.WDT_Config)
    [Anonymous Symbol]                       0x00002440   Section        0  md5.o(.text.body)
    __arm_cp.0_64                            0x00002a2c   Number         4  md5.o(.text.body)
    __arm_cp.0_65                            0x00002a30   Number         4  md5.o(.text.body)
    __arm_cp.0_66                            0x00002a34   Number         4  md5.o(.text.body)
    __arm_cp.0_67                            0x00002a38   Number         4  md5.o(.text.body)
    __arm_cp.0_68                            0x00002a3c   Number         4  md5.o(.text.body)
    __arm_cp.0_69                            0x00002a40   Number         4  md5.o(.text.body)
    __arm_cp.0_70                            0x00002a44   Number         4  md5.o(.text.body)
    __arm_cp.0_71                            0x00002a48   Number         4  md5.o(.text.body)
    __arm_cp.0_72                            0x00002a4c   Number         4  md5.o(.text.body)
    __arm_cp.0_73                            0x00002a50   Number         4  md5.o(.text.body)
    __arm_cp.0_74                            0x00002a54   Number         4  md5.o(.text.body)
    __arm_cp.0_75                            0x00002a58   Number         4  md5.o(.text.body)
    __arm_cp.0_76                            0x00002a5c   Number         4  md5.o(.text.body)
    __arm_cp.0_77                            0x00002a60   Number         4  md5.o(.text.body)
    __arm_cp.0_78                            0x00002a64   Number         4  md5.o(.text.body)
    __arm_cp.0_79                            0x00002a68   Number         4  md5.o(.text.body)
    __arm_cp.0_80                            0x00002a6c   Number         4  md5.o(.text.body)
    __arm_cp.0_81                            0x00002a70   Number         4  md5.o(.text.body)
    __arm_cp.0_82                            0x00002a74   Number         4  md5.o(.text.body)
    __arm_cp.0_83                            0x00002a78   Number         4  md5.o(.text.body)
    __arm_cp.0_84                            0x00002a7c   Number         4  md5.o(.text.body)
    __arm_cp.0_85                            0x00002a80   Number         4  md5.o(.text.body)
    __arm_cp.0_86                            0x00002a84   Number         4  md5.o(.text.body)
    __arm_cp.0_87                            0x00002a88   Number         4  md5.o(.text.body)
    __arm_cp.0_24                            0x00002c80   Number         4  md5.o(.text.body)
    __arm_cp.0_25                            0x00002c84   Number         4  md5.o(.text.body)
    __arm_cp.0_26                            0x00002c88   Number         4  md5.o(.text.body)
    __arm_cp.0_27                            0x00002c8c   Number         4  md5.o(.text.body)
    __arm_cp.0_28                            0x00002c90   Number         4  md5.o(.text.body)
    __arm_cp.0_29                            0x00002c94   Number         4  md5.o(.text.body)
    __arm_cp.0_30                            0x00002c98   Number         4  md5.o(.text.body)
    __arm_cp.0_31                            0x00002c9c   Number         4  md5.o(.text.body)
    __arm_cp.0_32                            0x00002ca0   Number         4  md5.o(.text.body)
    __arm_cp.0_33                            0x00002ca4   Number         4  md5.o(.text.body)
    __arm_cp.0_34                            0x00002ca8   Number         4  md5.o(.text.body)
    __arm_cp.0_35                            0x00002cac   Number         4  md5.o(.text.body)
    __arm_cp.0_36                            0x00002cb0   Number         4  md5.o(.text.body)
    __arm_cp.0_37                            0x00002cb4   Number         4  md5.o(.text.body)
    __arm_cp.0_38                            0x00002cb8   Number         4  md5.o(.text.body)
    __arm_cp.0_39                            0x00002cbc   Number         4  md5.o(.text.body)
    __arm_cp.0_40                            0x00002cc0   Number         4  md5.o(.text.body)
    __arm_cp.0_41                            0x00002cc4   Number         4  md5.o(.text.body)
    __arm_cp.0_42                            0x00002cc8   Number         4  md5.o(.text.body)
    __arm_cp.0_43                            0x00002ccc   Number         4  md5.o(.text.body)
    __arm_cp.0_44                            0x00002cd0   Number         4  md5.o(.text.body)
    __arm_cp.0_45                            0x00002cd4   Number         4  md5.o(.text.body)
    __arm_cp.0_46                            0x00002cd8   Number         4  md5.o(.text.body)
    __arm_cp.0_47                            0x00002cdc   Number         4  md5.o(.text.body)
    __arm_cp.0_48                            0x00002ce0   Number         4  md5.o(.text.body)
    __arm_cp.0_49                            0x00002ce4   Number         4  md5.o(.text.body)
    __arm_cp.0_50                            0x00002ce8   Number         4  md5.o(.text.body)
    __arm_cp.0_51                            0x00002cec   Number         4  md5.o(.text.body)
    __arm_cp.0_52                            0x00002cf0   Number         4  md5.o(.text.body)
    __arm_cp.0_53                            0x00002cf4   Number         4  md5.o(.text.body)
    __arm_cp.0_54                            0x00002cf8   Number         4  md5.o(.text.body)
    __arm_cp.0_55                            0x00002cfc   Number         4  md5.o(.text.body)
    __arm_cp.0_56                            0x00002d00   Number         4  md5.o(.text.body)
    __arm_cp.0_57                            0x00002d04   Number         4  md5.o(.text.body)
    __arm_cp.0_58                            0x00002d08   Number         4  md5.o(.text.body)
    __arm_cp.0_59                            0x00002d0c   Number         4  md5.o(.text.body)
    __arm_cp.0_60                            0x00002d10   Number         4  md5.o(.text.body)
    __arm_cp.0_61                            0x00002d14   Number         4  md5.o(.text.body)
    __arm_cp.0_62                            0x00002d18   Number         4  md5.o(.text.body)
    __arm_cp.0_63                            0x00002d1c   Number         4  md5.o(.text.body)
    [Anonymous Symbol]                       0x00002d20   Section        0  buffer.o(.text.getEvent)
    [Anonymous Symbol]                       0x00002d4c   Section        0  skud_algo.o(.text.hAccessToSleep)
    __arm_cp.11_0                            0x00002d54   Number         4  skud_algo.o(.text.hAccessToSleep)
    [Anonymous Symbol]                       0x00002d58   Section        0  skud_algo.o(.text.hDoorClosedNoAccess)
    [Anonymous Symbol]                       0x00002d78   Section        0  skud_algo.o(.text.hDoorOpenedNoAccess)
    [Anonymous Symbol]                       0x00002d98   Section        0  skud_algo.o(.text.hIndicationStop)
    __arm_cp.17_1                            0x00002db0   Number         4  skud_algo.o(.text.hIndicationStop)
    [Anonymous Symbol]                       0x00002db4   Section        0  skud_algo.o(.text.hReadingKeyResume)
    [Anonymous Symbol]                       0x00002de8   Section        0  skud_algo.o(.text.hReadingKeySuspend)
    [Anonymous Symbol]                       0x00002e1c   Section        0  skud_algo.o(.text.hSendAlarmEvent)
    [Anonymous Symbol]                       0x00002e20   Section        0  skud_algo.o(.text.hSleepToWaiting)
    [Anonymous Symbol]                       0x00002e5c   Section        0  skud_algo.o(.text.hWaitingToAccess)
    __arm_cp.10_0                            0x00002ea8   Number         4  skud_algo.o(.text.hWaitingToAccess)
    __arm_cp.10_1                            0x00002eac   Number         4  skud_algo.o(.text.hWaitingToAccess)
    __arm_cp.10_2                            0x00002eb0   Number         4  skud_algo.o(.text.hWaitingToAccess)
    __arm_cp.10_3                            0x00002eb4   Number         4  skud_algo.o(.text.hWaitingToAccess)
    __arm_cp.10_4                            0x00002eb8   Number         4  skud_algo.o(.text.hWaitingToAccess)
    __arm_cp.10_5                            0x00002ebc   Number         4  skud_algo.o(.text.hWaitingToAccess)
    [Anonymous Symbol]                       0x00002ec0   Section        0  main.o(.text.main)
    __arm_cp.0_0                             0x00002f08   Number         4  main.o(.text.main)
    [Anonymous Symbol]                       0x00002f0c   Section        0  buffer.o(.text.putEvent)
    __arm_cp.5_0                             0x00002f44   Number         4  buffer.o(.text.putEvent)
    [Anonymous Symbol]                       0x00002f48   Section        0  wdt.o(.text.wdt_enable)
    __arm_cp.1_0                             0x00002f68   Number         4  wdt.o(.text.wdt_enable)
    [Anonymous Symbol]                       0x00002f6c   Section        0  wdt.o(.text.wdt_reset)
    i.__0printf$5                            0x00002f74   Section        0  printf5.o(i.__0printf$5)
    i.__scatterload_copy                     0x00002f94   Section       14  handlers.o(i.__scatterload_copy)
    i.__scatterload_null                     0x00002fa2   Section        2  handlers.o(i.__scatterload_null)
    i.__scatterload_zeroinit                 0x00002fa4   Section       14  handlers.o(i.__scatterload_zeroinit)
    _printf_core                             0x00002fb5   Thumb Code   688  printf5.o(i._printf_core)
    i._printf_core                           0x00002fb4   Section        0  printf5.o(i._printf_core)
    i.fputc                                  0x00003290   Section        0  fputc.o(i.fputc)
    CRC_Table                                0x000032a2   Data         256  crc.o(.rodata.CRC_Table)
    [Anonymous Symbol]                       0x000032a2   Section        0  crc.o(.rodata.CRC_Table)
    .L.str.1                                 0x000033a2   Data          14  system_mg32x02z.o(.rodata.str1.1)
    [Anonymous Symbol]                       0x000033a2   Section        0  system_mg32x02z.o(.rodata.str1.1)
    .L.str.2                                 0x000033b0   Data          14  system_mg32x02z.o(.rodata.str1.1)
    .L.str                                   0x000033be   Data          23  system_mg32x02z.o(.rodata.str1.1)
    .data                                    0x20000000   Section        4  stdout.o(.data)
    [Anonymous Symbol]                       0x20000004   Section        0  skud_algo.o(.data..L_MergedGlobals)
    [Anonymous Symbol]                       0x20000160   Section        0  prsm3.o(.bss..L_MergedGlobals)
    HardFault_Handler_C.stacked_r0           0x2000018c   Data           4  system_mg32x02z.o(.bss..L_MergedGlobals)
    [Anonymous Symbol]                       0x2000018c   Section        0  system_mg32x02z.o(.bss..L_MergedGlobals)
    HardFault_Handler_C.stacked_r1           0x20000190   Data           4  system_mg32x02z.o(.bss..L_MergedGlobals)
    HardFault_Handler_C.stacked_r2           0x20000194   Data           4  system_mg32x02z.o(.bss..L_MergedGlobals)
    HardFault_Handler_C.stacked_r3           0x20000198   Data           4  system_mg32x02z.o(.bss..L_MergedGlobals)
    HardFault_Handler_C.stacked_r12          0x2000019c   Data           4  system_mg32x02z.o(.bss..L_MergedGlobals)
    HardFault_Handler_C.stacked_lr           0x200001a0   Data           4  system_mg32x02z.o(.bss..L_MergedGlobals)
    HardFault_Handler_C.stacked_pc           0x200001a4   Data           4  system_mg32x02z.o(.bss..L_MergedGlobals)
    HardFault_Handler_C.stacked_psr          0x200001a8   Data           4  system_mg32x02z.o(.bss..L_MergedGlobals)
    [Anonymous Symbol]                       0x200001ac   Section        0  skud_algo.o(.bss..L_MergedGlobals.1)
    STACK                                    0x200005d8   Section     1024  startup_mg32x02z.o(STACK)

    Global Symbols

    Symbol Name                              Value     Ov Type        Size  Object(Section)

    BuildAttributes$$THM_ISAv3M$S$PE$A:L22$X:L11$S22$IEEE1$IW$~IW$USESV6$~STKCKD$USESV7$~SHL$OTIME$ROPI$EBA8$MICROLIB$REQ8$PRES8$EABIv2 0x00000000   Number         0  anon$$obj.o ABSOLUTE
    __Vectors                                0x00000000   Data           4  startup_mg32x02z.o(RESET)
    _printf_a                                0x00000000   Number         0  printfstubs.o ABSOLUTE
    _printf_c                                0x00000000   Number         0  printfstubs.o ABSOLUTE
    _printf_charcount                        0x00000000   Number         0  printfstubs.o ABSOLUTE
    _printf_d                                0x00000000   Number         0  printfstubs.o ABSOLUTE
    _printf_e                                0x00000000   Number         0  printfstubs.o ABSOLUTE
    _printf_f                                0x00000000   Number         0  printfstubs.o ABSOLUTE
    _printf_flags                            0x00000000   Number         0  printfstubs.o ABSOLUTE
    _printf_fp_dec                           0x00000000   Number         0  printfstubs.o ABSOLUTE
    _printf_fp_hex                           0x00000000   Number         0  printfstubs.o ABSOLUTE
    _printf_g                                0x00000000   Number         0  printfstubs.o ABSOLUTE
    _printf_i                                0x00000000   Number         0  printfstubs.o ABSOLUTE
    _printf_int_dec                          0x00000000   Number         0  printfstubs.o ABSOLUTE
    _printf_l                                0x00000000   Number         0  printfstubs.o ABSOLUTE
    _printf_lc                               0x00000000   Number         0  printfstubs.o ABSOLUTE
    _printf_ll                               0x00000000   Number         0  printfstubs.o ABSOLUTE
    _printf_lld                              0x00000000   Number         0  printfstubs.o ABSOLUTE
    _printf_lli                              0x00000000   Number         0  printfstubs.o ABSOLUTE
    _printf_llo                              0x00000000   Number         0  printfstubs.o ABSOLUTE
    _printf_llu                              0x00000000   Number         0  printfstubs.o ABSOLUTE
    _printf_llx                              0x00000000   Number         0  printfstubs.o ABSOLUTE
    _printf_longlong_dec                     0x00000000   Number         0  printfstubs.o ABSOLUTE
    _printf_longlong_hex                     0x00000000   Number         0  printfstubs.o ABSOLUTE
    _printf_longlong_oct                     0x00000000   Number         0  printfstubs.o ABSOLUTE
    _printf_ls                               0x00000000   Number         0  printfstubs.o ABSOLUTE
    _printf_mbtowc                           0x00000000   Number         0  printfstubs.o ABSOLUTE
    _printf_n                                0x00000000   Number         0  printfstubs.o ABSOLUTE
    _printf_o                                0x00000000   Number         0  printfstubs.o ABSOLUTE
    _printf_p                                0x00000000   Number         0  printfstubs.o ABSOLUTE
    _printf_percent                          0x00000000   Number         0  printfstubs.o ABSOLUTE
    _printf_pre_padding                      0x00000000   Number         0  printfstubs.o ABSOLUTE
    _printf_return_value                     0x00000000   Number         0  printfstubs.o ABSOLUTE
    _printf_s                                0x00000000   Number         0  printfstubs.o ABSOLUTE
    _printf_sizespec                         0x00000000   Number         0  printfstubs.o ABSOLUTE
    _printf_str                              0x00000000   Number         0  printfstubs.o ABSOLUTE
    _printf_truncate_signed                  0x00000000   Number         0  printfstubs.o ABSOLUTE
    _printf_truncate_unsigned                0x00000000   Number         0  printfstubs.o ABSOLUTE
    _printf_u                                0x00000000   Number         0  printfstubs.o ABSOLUTE
    _printf_wc                               0x00000000   Number         0  printfstubs.o ABSOLUTE
    _printf_wctomb                           0x00000000   Number         0  printfstubs.o ABSOLUTE
    _printf_widthprec                        0x00000000   Number         0  printfstubs.o ABSOLUTE
    _printf_x                                0x00000000   Number         0  printfstubs.o ABSOLUTE
    __cpp_initialize__aeabi_                  - Undefined Weak Reference
    __cxa_finalize                            - Undefined Weak Reference
    _clock_init                               - Undefined Weak Reference
    _microlib_exit                            - Undefined Weak Reference
    __Vectors_End                            0x000000c0   Data           0  startup_mg32x02z.o(RESET)
    __Vectors_Size                           0x000000c0   Number         0  startup_mg32x02z.o ABSOLUTE
    __main                                   0x000000c1   Thumb Code     0  entry.o(.ARM.Collect$$$$00000000)
    _main_stk                                0x000000c1   Thumb Code     0  entry2.o(.ARM.Collect$$$$00000001)
    _main_scatterload                        0x000000c5   Thumb Code     0  entry5.o(.ARM.Collect$$$$00000004)
    __main_after_scatterload                 0x000000c9   Thumb Code     0  entry5.o(.ARM.Collect$$$$00000004)
    _main_clock                              0x000000c9   Thumb Code     0  entry7b.o(.ARM.Collect$$$$00000008)
    _main_cpp_init                           0x000000c9   Thumb Code     0  entry8b.o(.ARM.Collect$$$$0000000A)
    _main_init                               0x000000c9   Thumb Code     0  entry9a.o(.ARM.Collect$$$$0000000B)
    __rt_final_cpp                           0x000000d1   Thumb Code     0  entry10a.o(.ARM.Collect$$$$0000000D)
    __rt_final_exit                          0x000000d1   Thumb Code     0  entry11a.o(.ARM.Collect$$$$0000000F)
    MG32x02z_IEC60730_MANAGER                0x000000d5   Thumb Code     0  startup_mg32x02z.o(.text)
    ReInitial_Stack                          0x000000d5   Thumb Code     6  startup_mg32x02z.o(.text)
    Reset_Handler                            0x000000db   Thumb Code     8  startup_mg32x02z.o(.text)
    NMI_Handler                              0x000000e3   Thumb Code     2  startup_mg32x02z.o(.text)
    HardFault_Handler                        0x000000e5   Thumb Code    24  startup_mg32x02z.o(.text)
    SVC_Handler                              0x000000fd   Thumb Code     2  startup_mg32x02z.o(.text)
    PendSV_Handler                           0x000000ff   Thumb Code     2  startup_mg32x02z.o(.text)
    SysTick_Handler                          0x00000101   Thumb Code     2  startup_mg32x02z.o(.text)
    ADC_IRQHandler                           0x00000103   Thumb Code     0  startup_mg32x02z.o(.text)
    APX_IRQHandler                           0x00000103   Thumb Code     0  startup_mg32x02z.o(.text)
    COMP_IRQHandler                          0x00000103   Thumb Code     0  startup_mg32x02z.o(.text)
    DAC_IRQHandler                           0x00000103   Thumb Code     0  startup_mg32x02z.o(.text)
    DMA_IRQHandler                           0x00000103   Thumb Code     0  startup_mg32x02z.o(.text)
    EXINT0_IRQHandler                        0x00000103   Thumb Code     0  startup_mg32x02z.o(.text)
    EXINT1_IRQHandler                        0x00000103   Thumb Code     0  startup_mg32x02z.o(.text)
    EXINT2_IRQHandler                        0x00000103   Thumb Code     0  startup_mg32x02z.o(.text)
    EXINT3_IRQHandler                        0x00000103   Thumb Code     0  startup_mg32x02z.o(.text)
    I2C0_IRQHandler                          0x00000103   Thumb Code     0  startup_mg32x02z.o(.text)
    I2Cx_IRQHandler                          0x00000103   Thumb Code     0  startup_mg32x02z.o(.text)
    SPI0_IRQHandler                          0x00000103   Thumb Code     0  startup_mg32x02z.o(.text)
    SPIx_IRQHandler                          0x00000103   Thumb Code     0  startup_mg32x02z.o(.text)
    SYS_IRQHandler                           0x00000103   Thumb Code     0  startup_mg32x02z.o(.text)
    TM20_IRQHandler                          0x00000103   Thumb Code     0  startup_mg32x02z.o(.text)
    TM2x_IRQHandler                          0x00000103   Thumb Code     0  startup_mg32x02z.o(.text)
    URT123_IRQHandler                        0x00000103   Thumb Code     0  startup_mg32x02z.o(.text)
    URT4x_IRQHandler                         0x00000103   Thumb Code     0  startup_mg32x02z.o(.text)
    USB_IRQHandler                           0x00000103   Thumb Code     0  startup_mg32x02z.o(.text)
    WWDT_IRQHandler                          0x00000103   Thumb Code     0  startup_mg32x02z.o(.text)
    __aeabi_uidiv                            0x00000111   Thumb Code     0  uidiv.o(.text)
    __aeabi_uidivmod                         0x00000111   Thumb Code    44  uidiv.o(.text)
    __aeabi_memcpy                           0x0000013d   Thumb Code    36  memcpya.o(.text)
    __aeabi_memcpy4                          0x0000013d   Thumb Code     0  memcpya.o(.text)
    __aeabi_memcpy8                          0x0000013d   Thumb Code     0  memcpya.o(.text)
    __aeabi_memset                           0x00000161   Thumb Code    14  memseta.o(.text)
    __aeabi_memset4                          0x00000161   Thumb Code     0  memseta.o(.text)
    __aeabi_memset8                          0x00000161   Thumb Code     0  memseta.o(.text)
    __aeabi_memclr                           0x0000016f   Thumb Code     4  memseta.o(.text)
    __aeabi_memclr4                          0x0000016f   Thumb Code     0  memseta.o(.text)
    __aeabi_memclr8                          0x0000016f   Thumb Code     0  memseta.o(.text)
    _memset$wrapper                          0x00000173   Thumb Code    18  memseta.o(.text)
    memcmp                                   0x00000185   Thumb Code    26  memcmp.o(.text)
    __aeabi_uldivmod                         0x0000019f   Thumb Code    96  uldiv.o(.text)
    __scatterload                            0x00000201   Thumb Code    28  init.o(.text)
    __scatterload_rt2                        0x00000201   Thumb Code     0  init.o(.text)
    __aeabi_llsl                             0x00000225   Thumb Code    32  llshl.o(.text)
    __semihosting_library_function           0x00000225   Thumb Code     0  semi.o(.text)
    _ll_shift_l                              0x00000225   Thumb Code     0  llshl.o(.text)
    __aeabi_llsr                             0x00000245   Thumb Code    34  llushr.o(.text)
    _ll_ushift_r                             0x00000245   Thumb Code     0  llushr.o(.text)
    __I$use$semihosting$fputc                0x00000267   Thumb Code     0  iusesemip.o(.text)
    __decompress                             0x00000267   Thumb Code     0  __dczerorl.o(.text)
    __decompress0                            0x00000267   Thumb Code    58  __dczerorl.o(.text)
    ActivateKey                              0x000002a1   Thumb Code   160  flash.o(.text.ActivateKey)
    AddKey                                   0x00000341   Thumb Code   308  flash.o(.text.AddKey)
    CRCisWrong                               0x00000475   Thumb Code    40  crc.o(.text.CRCisWrong)
    CSC_ClearFlag                            0x0000049d   Thumb Code     8  mg32x02z_csc_drv.o(.text.CSC_ClearFlag)
    CSC_GetClockSourceState                  0x000004a5   Thumb Code    20  mg32x02z_csc_drv.o(.text.CSC_GetClockSourceState)
    CSC_IHRCO_Cmd                            0x000004b9   Thumb Code    24  mg32x02z_csc_drv.o(.text.CSC_IHRCO_Cmd)
    CSC_Init                                 0x000004d1   Thumb Code   620  mg32x02z_csc_init.o(.text.CSC_Init)
    ChipInit                                 0x0000073d   Thumb Code    20  mg32x02z_chipinit.o(.text.ChipInit)
    DS1990A_GetKeyID                         0x00000751   Thumb Code   100  ibutton.o(.text.DS1990A_GetKeyID)
    DoCommand                                0x000007b5   Thumb Code   380  flash.o(.text.DoCommand)
    Do_CRC                                   0x00000931   Thumb Code    32  crc.o(.text.Do_CRC)
    FlashFirstInit                           0x00000951   Thumb Code   732  flash.o(.text.FlashFirstInit)
    GPIO_Config                              0x00000c2d   Thumb Code   640  gpio.o(.text.GPIO_Config)
    GPIO_PinFunction_Select                  0x00000ead   Thumb Code    24  mg32x02z_gpio_drv.o(.text.GPIO_PinFunction_Select)
    GPIO_PinHighSpeedMode_Cmd                0x00000ec5   Thumb Code    16  mg32x02z_gpio_drv.o(.text.GPIO_PinHighSpeedMode_Cmd)
    GPIO_PinInFilterDivider_Select           0x00000ed5   Thumb Code    18  mg32x02z_gpio_drv.o(.text.GPIO_PinInFilterDivider_Select)
    GPIO_PinInverse_Cmd                      0x00000ee7   Thumb Code    16  mg32x02z_gpio_drv.o(.text.GPIO_PinInverse_Cmd)
    GPIO_PinMode_Select                      0x00000ef7   Thumb Code    18  mg32x02z_gpio_drv.o(.text.GPIO_PinMode_Select)
    GPIO_PinOutputDrive_Select               0x00000f09   Thumb Code    18  mg32x02z_gpio_drv.o(.text.GPIO_PinOutputDrive_Select)
    GPIO_PinPUResister_Cmd                   0x00000f1b   Thumb Code    16  mg32x02z_gpio_drv.o(.text.GPIO_PinPUResister_Cmd)
    GetVariable                              0x00000f2d   Thumb Code    24  flash.o(.text.GetVariable)
    HandleEvent                              0x00000f45   Thumb Code    64  skud_algo.o(.text.HandleEvent)
    HardFault_Handler_C                      0x00000f85   Thumb Code   276  system_mg32x02z.o(.text.HardFault_Handler_C)
    IAP_CopyFromIAPToRAM                     0x00001099   Thumb Code    22  iap.o(.text.IAP_CopyFromIAPToRAM)
    IAP_Erase_OnePage                        0x000010b1   Thumb Code   144  iap.o(.text.IAP_Erase_OnePage)
    IAP_Init                                 0x00001141   Thumb Code    56  iap.o(.text.IAP_Init)
    IAP_IsEqualToRAM                         0x00001179   Thumb Code    18  iap.o(.text.IAP_IsEqualToRAM)
    IAP_Multiple_Write                       0x0000118d   Thumb Code   196  iap.o(.text.IAP_Multiple_Write)
    IAP_ReadByte                             0x00001251   Thumb Code    12  iap.o(.text.IAP_ReadByte)
    IAP_ReadWord                             0x0000125d   Thumb Code    14  iap.o(.text.IAP_ReadWord)
    IAP_WriteMultipleWord                    0x0000126b   Thumb Code    24  iap.o(.text.IAP_WriteMultipleWord)
    IAP_WriteSingleWord                      0x00001285   Thumb Code   172  iap.o(.text.IAP_WriteSingleWord)
    IWDT_Cmd                                 0x00001331   Thumb Code    28  mg32x02z_iwdt_drv.o(.text.IWDT_Cmd)
    IWDT_Divider_Select                      0x0000134d   Thumb Code    24  mg32x02z_iwdt_drv.o(.text.IWDT_Divider_Select)
    IWDT_RefreshCounter                      0x00001365   Thumb Code    16  mg32x02z_iwdt_drv.o(.text.IWDT_RefreshCounter)
    IsKeyActive                              0x00001375   Thumb Code    92  skud_algo.o(.text.IsKeyActive)
    MD5_Final                                0x000013d1   Thumb Code   190  md5.o(.text.MD5_Final)
    MD5_MakeHash                             0x00001491   Thumb Code   116  md5.o(.text.MD5_MakeHash)
    MEM_SetIAPSize                           0x00001505   Thumb Code   120  mg32x02z_mem_drv.o(.text.MEM_SetIAPSize)
    OneWire_Read                             0x0000157d   Thumb Code   156  onewire.o(.text.OneWire_Read)
    OneWire_SetDirection                     0x00001619   Thumb Code    12  onewire.o(.text.OneWire_SetDirection)
    OneWire_Start                            0x00001625   Thumb Code    80  onewire.o(.text.OneWire_Start)
    OneWire_Write                            0x00001675   Thumb Code   180  onewire.o(.text.OneWire_Write)
    PRSM3_AddNewByte                         0x00001729   Thumb Code    84  prsm3.o(.text.PRSM3_AddNewByte)
    PRSM3_ParseMessage                       0x0000177d   Thumb Code   132  prsm3.o(.text.PRSM3_ParseMessage)
    PRSM3_ParseReadRequest                   0x00001801   Thumb Code   480  prsm3.o(.text.PRSM3_ParseReadRequest)
    PRSM3_ParseWriteRequest24                0x000019e1   Thumb Code   140  prsm3.o(.text.PRSM3_ParseWriteRequest24)
    PRSM3_ParseWriteRequest9                 0x00001a6d   Thumb Code   160  prsm3.o(.text.PRSM3_ParseWriteRequest9)
    PRSM3_clearBuffer                        0x00001b0d   Thumb Code    24  prsm3.o(.text.PRSM3_clearBuffer)
    ProtectModuleReg                         0x00001b25   Thumb Code     8  mg32x02z__common_drv.o(.text.ProtectModuleReg)
    RST_CRstSource_Config                    0x00001b2d   Thumb Code    24  mg32x02z_rst_drv.o(.text.RST_CRstSource_Config)
    SetVariable                              0x00001b45   Thumb Code   124  flash.o(.text.SetVariable)
    SetVariablePack                          0x00001bc1   Thumb Code   764  flash.o(.text.SetVariablePack)
    SystemInit                               0x00001ebd   Thumb Code    16  system_mg32x02z.o(.text.SystemInit)
    TIM00_Callback                           0x00001ecd   Thumb Code   144  timers.o(.text.TIM00_Callback)
    TIM_Config                               0x00001f5d   Thumb Code   288  timers.o(.text.TIM_Config)
    TM0x_IRQHandler                          0x0000207d   Thumb Code    88  timers.o(.text.TM0x_IRQHandler)
    TM10_IRQHandler                          0x000020d5   Thumb Code    60  timers.o(.text.TM10_IRQHandler)
    TM1x_IRQHandler                          0x00002111   Thumb Code    52  timers.o(.text.TM1x_IRQHandler)
    TM3x_IRQHandler                          0x00002145   Thumb Code   164  timers.o(.text.TM3x_IRQHandler)
    TM_ClearFlag                             0x000021e9   Thumb Code     4  mg32x02z_tm_drv.o(.text.TM_ClearFlag)
    TM_ITEA_Cmd                              0x000021ed   Thumb Code    14  mg32x02z_tm_drv.o(.text.TM_ITEA_Cmd)
    TM_IT_Config                             0x000021fb   Thumb Code    20  mg32x02z_tm_drv.o(.text.TM_IT_Config)
    TM_TimeBaseStruct_Init                   0x0000220f   Thumb Code    20  mg32x02z_tm_drv.o(.text.TM_TimeBaseStruct_Init)
    TM_TimeBase_Init                         0x00002223   Thumb Code   134  mg32x02z_tm_drv.o(.text.TM_TimeBase_Init)
    TM_Timer_Cmd                             0x000022a9   Thumb Code    22  mg32x02z_tm_drv.o(.text.TM_Timer_Cmd)
    URT0_IRQHandler                          0x000022c1   Thumb Code    52  usart.o(.text.URT0_IRQHandler)
    URT_ClearITFlag                          0x000022f5   Thumb Code     8  mg32x02z_urt_drv.o(.text.URT_ClearITFlag)
    URT_Cmd                                  0x000022fd   Thumb Code    12  mg32x02z_urt_drv.o(.text.URT_Cmd)
    URT_GetITAllFlagStatus                   0x00002309   Thumb Code     8  mg32x02z_urt_drv.o(.text.URT_GetITAllFlagStatus)
    URT_GetITStatus                          0x00002311   Thumb Code     4  mg32x02z_urt_drv.o(.text.URT_GetITStatus)
    URT_GetRXData                            0x00002315   Thumb Code     4  mg32x02z_urt_drv.o(.text.URT_GetRXData)
    URT_ITEA_Cmd                             0x00002319   Thumb Code    12  mg32x02z_urt_drv.o(.text.URT_ITEA_Cmd)
    URT_IT_Config                            0x00002325   Thumb Code    12  mg32x02z_urt_drv.o(.text.URT_IT_Config)
    URT_Print                                0x00002331   Thumb Code    52  usart.o(.text.URT_Print)
    URT_SetTXData                            0x00002365   Thumb Code    50  mg32x02z_urt_drv.o(.text.URT_SetTXData)
    USART_Config                             0x00002399   Thumb Code   124  usart.o(.text.USART_Config)
    UnProtectModuleReg                       0x00002415   Thumb Code    12  mg32x02z__common_drv.o(.text.UnProtectModuleReg)
    WDT_Config                               0x00002421   Thumb Code    32  wdt.o(.text.WDT_Config)
    body                                     0x00002441   Thumb Code  2272  md5.o(.text.body)
    getEvent                                 0x00002d21   Thumb Code    44  buffer.o(.text.getEvent)
    hAccessToSleep                           0x00002d4d   Thumb Code    12  skud_algo.o(.text.hAccessToSleep)
    hDoorClosedNoAccess                      0x00002d59   Thumb Code    32  skud_algo.o(.text.hDoorClosedNoAccess)
    hDoorOpenedNoAccess                      0x00002d79   Thumb Code    32  skud_algo.o(.text.hDoorOpenedNoAccess)
    hIndicationStop                          0x00002d99   Thumb Code    28  skud_algo.o(.text.hIndicationStop)
    hReadingKeyResume                        0x00002db5   Thumb Code    52  skud_algo.o(.text.hReadingKeyResume)
    hReadingKeySuspend                       0x00002de9   Thumb Code    52  skud_algo.o(.text.hReadingKeySuspend)
    hSendAlarmEvent                          0x00002e1d   Thumb Code     2  skud_algo.o(.text.hSendAlarmEvent)
    hSleepToWaiting                          0x00002e21   Thumb Code    60  skud_algo.o(.text.hSleepToWaiting)
    hWaitingToAccess                         0x00002e5d   Thumb Code   100  skud_algo.o(.text.hWaitingToAccess)
    main                                     0x00002ec1   Thumb Code    76  main.o(.text.main)
    putEvent                                 0x00002f0d   Thumb Code    60  buffer.o(.text.putEvent)
    wdt_enable                               0x00002f49   Thumb Code    36  wdt.o(.text.wdt_enable)
    wdt_reset                                0x00002f6d   Thumb Code     8  wdt.o(.text.wdt_reset)
    __0printf$5                              0x00002f75   Thumb Code    24  printf5.o(i.__0printf$5)
    __1printf$5                              0x00002f75   Thumb Code     0  printf5.o(i.__0printf$5)
    __2printf                                0x00002f75   Thumb Code     0  printf5.o(i.__0printf$5)
    __scatterload_copy                       0x00002f95   Thumb Code    14  handlers.o(i.__scatterload_copy)
    __scatterload_null                       0x00002fa3   Thumb Code     2  handlers.o(i.__scatterload_null)
    __scatterload_zeroinit                   0x00002fa5   Thumb Code    14  handlers.o(i.__scatterload_zeroinit)
    fputc                                    0x00003291   Thumb Code    18  fputc.o(i.fputc)
    Region$$Table$$Base                      0x000033d8   Number         0  anon$$obj.o(Region$$Table)
    Region$$Table$$Limit                     0x000033f8   Number         0  anon$$obj.o(Region$$Table)
    __stdout                                 0x20000000   Data           4  stdout.o(.data)
    indicSpeed                               0x20000004   Data           1  skud_algo.o(.data..L_MergedGlobals)
    indicationPhase                          0x20000005   Data           1  skud_algo.o(.data..L_MergedGlobals)
    indicTimeCnt                             0x20000008   Data           4  skud_algo.o(.data..L_MergedGlobals)
    indicTimeMax                             0x2000000c   Data           4  skud_algo.o(.data..L_MergedGlobals)
    ActiveKeys                               0x20000010   Data           6  variables.o(.data.ActiveKeys)
    BuzzerOffTime                            0x20000016   Data           6  variables.o(.data.BuzzerOffTime)
    FSMTable                                 0x2000001c   Data         168  skud_algo.o(.data.FSMTable)
    FlashResourse                            0x200000c4   Data           6  variables.o(.data.FlashResourse)
    FreeAccess                               0x200000ca   Data           6  variables.o(.data.FreeAccess)
    GerkonFiltTime                           0x200000d0   Data           6  variables.o(.data.GerkonFiltTime)
    MasterSlave                              0x200000d6   Data           6  variables.o(.data.MasterSlave)
    MessageLenArr                            0x200000dc   Data           4  prsm3.o(.data.MessageLenArr)
    ReactivateAlarmTime                      0x200000e0   Data           6  variables.o(.data.ReactivateAlarmTime)
    SendAlarmTime                            0x200000e6   Data           6  variables.o(.data.SendAlarmTime)
    SendOfflineEvents                        0x200000ec   Data           6  variables.o(.data.SendOfflineEvents)
    SystemCoreClock                          0x200000f4   Data           4  system_mg32x02z.o(.data.SystemCoreClock)
    TotalKeys                                0x200000f8   Data           6  variables.o(.data.TotalKeys)
    alarmTimeoutMax                          0x20000100   Data           4  skud_algo.o(.data.alarmTimeoutMax)
    eBuf                                     0x20000104   Data           8  buffer.o(.data.eBuf)
    eventAccess                              0x2000010c   Data           6  events.o(.data.eventAccess)
    eventAlarm                               0x20000112   Data           6  events.o(.data.eventAlarm)
    events                                   0x20000118   Data          12  events.o(.data.events)
    gerkonFilterMax                          0x20000124   Data           1  skud_algo.o(.data.gerkonFilterMax)
    indicWaitMax                             0x20000125   Data           1  skud_algo.o(.data.indicWaitMax)
    key1                                     0x20000126   Data          16  keys.o(.data.key1)
    protectionDelayMax                       0x20000136   Data           2  skud_algo.o(.data.protectionDelayMax)
    variables                                0x20000138   Data          40  variables.o(.data.variables)
    iptr                                     0x20000160   Data           1  prsm3.o(.bss..L_MergedGlobals)
    DecryptedMessageLen                      0x20000161   Data           1  prsm3.o(.bss..L_MergedGlobals)
    CommandSize                              0x20000162   Data           1  prsm3.o(.bss..L_MergedGlobals)
    usUsart                                  0x20000163   Data           1  prsm3.o(.bss..L_MergedGlobals)
    parsingStatus                            0x20000164   Data           1  prsm3.o(.bss..L_MergedGlobals)
    operStatus                               0x20000168   Data           4  prsm3.o(.bss..L_MergedGlobals)
    RecBytes                                 0x2000016c   Data          30  prsm3.o(.bss..L_MergedGlobals)
    indicWaitCnt                             0x200001ac   Data           1  skud_algo.o(.bss..L_MergedGlobals.1)
    gerkonState                              0x200001ad   Data           1  skud_algo.o(.bss..L_MergedGlobals.1)
    alarmTimeoutCnt                          0x200001b0   Data           4  skud_algo.o(.bss..L_MergedGlobals.1)
    KeyEncrypted                             0x200001b4   Data          16  keys.o(.bss.KeyEncrypted)
    KeyRaw                                   0x200001c4   Data           8  keys.o(.bss.KeyRaw)
    buzzerMuted                              0x200001cc   Data           1  skud_algo.o(.bss.buzzerMuted)
    currentState                             0x200001cd   Data           1  skud_algo.o(.bss.currentState)
    eventDoor                                0x200001ce   Data           6  events.o(.bss.eventDoor)
    fpage                                    0x200001d4   Data        1024  flash.o(.bss.fpage)
    gerkonFilterCnt                          0x200005d4   Data           1  skud_algo.o(.bss.gerkonFilterCnt)
    oldGerkonState                           0x200005d5   Data           1  skud_algo.o(.bss.oldGerkonState)
    protectionDelayCnt                       0x200005d6   Data           2  skud_algo.o(.bss.protectionDelayCnt)
    __initial_sp                             0x200009d8   Data           0  startup_mg32x02z.o(STACK)



==============================================================================

Memory Map of the image

  Image Entry point : 0x000000db

  Load Region LR_1 (Base: 0x00000000, Size: 0x00003558, Max: 0xffffffff, ABSOLUTE, COMPRESSED[0x000034b0])

    Execution Region ER_RO (Exec base: 0x00000000, Load base: 0x00000000, Size: 0x000033f8, Max: 0xffffffff, ABSOLUTE)

    Exec Addr    Load Addr    Size         Type   Attr      Idx    E Section Name        Object

    0x00000000   0x00000000   0x000000c0   Data   RO          410    RESET               startup_mg32x02z.o
    0x000000c0   0x000000c0   0x00000000   Code   RO         2060  * .ARM.Collect$$$$00000000  mc_p.l(entry.o)
    0x000000c0   0x000000c0   0x00000004   Code   RO         2334    .ARM.Collect$$$$00000001  mc_p.l(entry2.o)
    0x000000c4   0x000000c4   0x00000004   Code   RO         2337    .ARM.Collect$$$$00000004  mc_p.l(entry5.o)
    0x000000c8   0x000000c8   0x00000000   Code   RO         2339    .ARM.Collect$$$$00000008  mc_p.l(entry7b.o)
    0x000000c8   0x000000c8   0x00000000   Code   RO         2341    .ARM.Collect$$$$0000000A  mc_p.l(entry8b.o)
    0x000000c8   0x000000c8   0x00000008   Code   RO         2342    .ARM.Collect$$$$0000000B  mc_p.l(entry9a.o)
    0x000000d0   0x000000d0   0x00000000   Code   RO         2344    .ARM.Collect$$$$0000000D  mc_p.l(entry10a.o)
    0x000000d0   0x000000d0   0x00000000   Code   RO         2346    .ARM.Collect$$$$0000000F  mc_p.l(entry11a.o)
    0x000000d0   0x000000d0   0x00000004   Code   RO         2335    .ARM.Collect$$$$00002712  mc_p.l(entry2.o)
    0x000000d4   0x000000d4   0x0000003c   Code   RO          411  * .text               startup_mg32x02z.o
    0x00000110   0x00000110   0x0000002c   Code   RO         2063    .text               mc_p.l(uidiv.o)
    0x0000013c   0x0000013c   0x00000024   Code   RO         2065    .text               mc_p.l(memcpya.o)
    0x00000160   0x00000160   0x00000024   Code   RO         2067    .text               mc_p.l(memseta.o)
    0x00000184   0x00000184   0x0000001a   Code   RO         2069    .text               mc_p.l(memcmp.o)
    0x0000019e   0x0000019e   0x00000060   Code   RO         2353    .text               mc_p.l(uldiv.o)
    0x000001fe   0x000001fe   0x00000002   PAD
    0x00000200   0x00000200   0x00000024   Code   RO         2366    .text               mc_p.l(init.o)
    0x00000224   0x00000224   0x00000000   Code   RO         2368    .text               mc_p.l(semi.o)
    0x00000224   0x00000224   0x00000020   Code   RO         2369    .text               mc_p.l(llshl.o)
    0x00000244   0x00000244   0x00000022   Code   RO         2371    .text               mc_p.l(llushr.o)
    0x00000266   0x00000266   0x00000000   Code   RO         2375    .text               mc_p.l(iusesemip.o)
    0x00000266   0x00000266   0x0000003a   Code   RO         2388    .text               mc_p.l(__dczerorl.o)
    0x000002a0   0x000002a0   0x000000a0   Code   RO          293    .text.ActivateKey   flash.o
    0x00000340   0x00000340   0x00000134   Code   RO          275    .text.AddKey        flash.o
    0x00000474   0x00000474   0x00000028   Code   RO           66    .text.CRCisWrong    crc.o
    0x0000049c   0x0000049c   0x00000008   Code   RO          770    .text.CSC_ClearFlag  mg32x02z_csc_drv.o
    0x000004a4   0x000004a4   0x00000014   Code   RO          760    .text.CSC_GetClockSourceState  mg32x02z_csc_drv.o
    0x000004b8   0x000004b8   0x00000018   Code   RO          712    .text.CSC_IHRCO_Cmd  mg32x02z_csc_drv.o
    0x000004d0   0x000004d0   0x0000026c   Code   RO          391    .text.CSC_Init      mg32x02z_csc_init.o
    0x0000073c   0x0000073c   0x00000014   Code   RO          401    .text.ChipInit      mg32x02z_chipinit.o
    0x00000750   0x00000750   0x00000064   Code   RO          333    .text.DS1990A_GetKeyID  ibutton.o
    0x000007b4   0x000007b4   0x0000017c   Code   RO          297    .text.DoCommand     flash.o
    0x00000930   0x00000930   0x00000020   Code   RO           64    .text.Do_CRC        crc.o
    0x00000950   0x00000950   0x000002dc   Code   RO          277    .text.FlashFirstInit  flash.o
    0x00000c2c   0x00000c2c   0x00000280   Code   RO          113    .text.GPIO_Config   gpio.o
    0x00000eac   0x00000eac   0x00000018   Code   RO          920    .text.GPIO_PinFunction_Select  mg32x02z_gpio_drv.o
    0x00000ec4   0x00000ec4   0x00000010   Code   RO          910    .text.GPIO_PinHighSpeedMode_Cmd  mg32x02z_gpio_drv.o
    0x00000ed4   0x00000ed4   0x00000012   Code   RO          918    .text.GPIO_PinInFilterDivider_Select  mg32x02z_gpio_drv.o
    0x00000ee6   0x00000ee6   0x00000010   Code   RO          914    .text.GPIO_PinInverse_Cmd  mg32x02z_gpio_drv.o
    0x00000ef6   0x00000ef6   0x00000012   Code   RO          908    .text.GPIO_PinMode_Select  mg32x02z_gpio_drv.o
    0x00000f08   0x00000f08   0x00000012   Code   RO          916    .text.GPIO_PinOutputDrive_Select  mg32x02z_gpio_drv.o
    0x00000f1a   0x00000f1a   0x00000010   Code   RO          912    .text.GPIO_PinPUResister_Cmd  mg32x02z_gpio_drv.o
    0x00000f2a   0x00000f2a   0x00000002   PAD
    0x00000f2c   0x00000f2c   0x00000018   Code   RO          281    .text.GetVariable   flash.o
    0x00000f44   0x00000f44   0x00000040   Code   RO          249    .text.HandleEvent   skud_algo.o
    0x00000f84   0x00000f84   0x00000114   Code   RO          422    .text.HardFault_Handler_C  system_mg32x02z.o
    0x00001098   0x00001098   0x00000016   Code   RO          159    .text.IAP_CopyFromIAPToRAM  iap.o
    0x000010ae   0x000010ae   0x00000002   PAD
    0x000010b0   0x000010b0   0x00000090   Code   RO          141    .text.IAP_Erase_OnePage  iap.o
    0x00001140   0x00001140   0x00000038   Code   RO          139    .text.IAP_Init      iap.o
    0x00001178   0x00001178   0x00000012   Code   RO          161    .text.IAP_IsEqualToRAM  iap.o
    0x0000118a   0x0000118a   0x00000002   PAD
    0x0000118c   0x0000118c   0x000000c4   Code   RO          157    .text.IAP_Multiple_Write  iap.o
    0x00001250   0x00001250   0x0000000c   Code   RO          147    .text.IAP_ReadByte  iap.o
    0x0000125c   0x0000125c   0x0000000e   Code   RO          149    .text.IAP_ReadWord  iap.o
    0x0000126a   0x0000126a   0x00000018   Code   RO          155    .text.IAP_WriteMultipleWord  iap.o
    0x00001282   0x00001282   0x00000002   PAD
    0x00001284   0x00001284   0x000000ac   Code   RO          151    .text.IAP_WriteSingleWord  iap.o
    0x00001330   0x00001330   0x0000001c   Code   RO         1066    .text.IWDT_Cmd      mg32x02z_iwdt_drv.o
    0x0000134c   0x0000134c   0x00000018   Code   RO         1058    .text.IWDT_Divider_Select  mg32x02z_iwdt_drv.o
    0x00001364   0x00001364   0x00000010   Code   RO         1062    .text.IWDT_RefreshCounter  mg32x02z_iwdt_drv.o
    0x00001374   0x00001374   0x0000005c   Code   RO          251    .text.IsKeyActive   skud_algo.o
    0x000013d0   0x000013d0   0x000000be   Code   RO          348    .text.MD5_Final     md5.o
    0x0000148e   0x0000148e   0x00000002   PAD
    0x00001490   0x00001490   0x00000074   Code   RO          350    .text.MD5_MakeHash  md5.o
    0x00001504   0x00001504   0x00000078   Code   RO         1130    .text.MEM_SetIAPSize  mg32x02z_mem_drv.o
    0x0000157c   0x0000157c   0x0000009c   Code   RO          177    .text.OneWire_Read  onewire.o
    0x00001618   0x00001618   0x0000000c   Code   RO          171    .text.OneWire_SetDirection  onewire.o
    0x00001624   0x00001624   0x00000050   Code   RO          173    .text.OneWire_Start  onewire.o
    0x00001674   0x00001674   0x000000b4   Code   RO          175    .text.OneWire_Write  onewire.o
    0x00001728   0x00001728   0x00000054   Code   RO           11    .text.PRSM3_AddNewByte  prsm3.o
    0x0000177c   0x0000177c   0x00000084   Code   RO           13    .text.PRSM3_ParseMessage  prsm3.o
    0x00001800   0x00001800   0x000001e0   Code   RO           19    .text.PRSM3_ParseReadRequest  prsm3.o
    0x000019e0   0x000019e0   0x0000008c   Code   RO           17    .text.PRSM3_ParseWriteRequest24  prsm3.o
    0x00001a6c   0x00001a6c   0x000000a0   Code   RO           15    .text.PRSM3_ParseWriteRequest9  prsm3.o
    0x00001b0c   0x00001b0c   0x00000018   Code   RO           25    .text.PRSM3_clearBuffer  prsm3.o
    0x00001b24   0x00001b24   0x00000008   Code   RO         2046    .text.ProtectModuleReg  mg32x02z__common_drv.o
    0x00001b2c   0x00001b2c   0x00000018   Code   RO         1218    .text.RST_CRstSource_Config  mg32x02z_rst_drv.o
    0x00001b44   0x00001b44   0x0000007c   Code   RO          283    .text.SetVariable   flash.o
    0x00001bc0   0x00001bc0   0x000002fc   Code   RO          291    .text.SetVariablePack  flash.o
    0x00001ebc   0x00001ebc   0x00000010   Code   RO          420    .text.SystemInit    system_mg32x02z.o
    0x00001ecc   0x00001ecc   0x00000090   Code   RO           37    .text.TIM00_Callback  timers.o
    0x00001f5c   0x00001f5c   0x00000120   Code   RO           47    .text.TIM_Config    timers.o
    0x0000207c   0x0000207c   0x00000058   Code   RO           49    .text.TM0x_IRQHandler  timers.o
    0x000020d4   0x000020d4   0x0000003c   Code   RO           51    .text.TM10_IRQHandler  timers.o
    0x00002110   0x00002110   0x00000034   Code   RO           53    .text.TM1x_IRQHandler  timers.o
    0x00002144   0x00002144   0x000000a4   Code   RO           55    .text.TM3x_IRQHandler  timers.o
    0x000021e8   0x000021e8   0x00000004   Code   RO         1740    .text.TM_ClearFlag  mg32x02z_tm_drv.o
    0x000021ec   0x000021ec   0x0000000e   Code   RO         1734    .text.TM_ITEA_Cmd   mg32x02z_tm_drv.o
    0x000021fa   0x000021fa   0x00000014   Code   RO         1732    .text.TM_IT_Config  mg32x02z_tm_drv.o
    0x0000220e   0x0000220e   0x00000014   Code   RO         1432    .text.TM_TimeBaseStruct_Init  mg32x02z_tm_drv.o
    0x00002222   0x00002222   0x00000086   Code   RO         1434    .text.TM_TimeBase_Init  mg32x02z_tm_drv.o
    0x000022a8   0x000022a8   0x00000016   Code   RO         1470    .text.TM_Timer_Cmd  mg32x02z_tm_drv.o
    0x000022be   0x000022be   0x00000002   PAD
    0x000022c0   0x000022c0   0x00000034   Code   RO           93    .text.URT0_IRQHandler  usart.o
    0x000022f4   0x000022f4   0x00000008   Code   RO         1774    .text.URT_ClearITFlag  mg32x02z_urt_drv.o
    0x000022fc   0x000022fc   0x0000000c   Code   RO         1810    .text.URT_Cmd       mg32x02z_urt_drv.o
    0x00002308   0x00002308   0x00000008   Code   RO         1770    .text.URT_GetITAllFlagStatus  mg32x02z_urt_drv.o
    0x00002310   0x00002310   0x00000004   Code   RO         1766    .text.URT_GetITStatus  mg32x02z_urt_drv.o
    0x00002314   0x00002314   0x00000004   Code   RO         1888    .text.URT_GetRXData  mg32x02z_urt_drv.o
    0x00002318   0x00002318   0x0000000c   Code   RO         1768    .text.URT_ITEA_Cmd  mg32x02z_urt_drv.o
    0x00002324   0x00002324   0x0000000c   Code   RO         1764    .text.URT_IT_Config  mg32x02z_urt_drv.o
    0x00002330   0x00002330   0x00000034   Code   RO           85    .text.URT_Print     usart.o
    0x00002364   0x00002364   0x00000032   Code   RO         1924    .text.URT_SetTXData  mg32x02z_urt_drv.o
    0x00002396   0x00002396   0x00000002   PAD
    0x00002398   0x00002398   0x0000007c   Code   RO           91    .text.USART_Config  usart.o
    0x00002414   0x00002414   0x0000000c   Code   RO         2048    .text.UnProtectModuleReg  mg32x02z__common_drv.o
    0x00002420   0x00002420   0x00000020   Code   RO          123    .text.WDT_Config    wdt.o
    0x00002440   0x00002440   0x000008e0   Code   RO          342    .text.body          md5.o
    0x00002d20   0x00002d20   0x0000002c   Code   RO          372    .text.getEvent      buffer.o
    0x00002d4c   0x00002d4c   0x0000000c   Code   RO          235    .text.hAccessToSleep  skud_algo.o
    0x00002d58   0x00002d58   0x00000020   Code   RO          241    .text.hDoorClosedNoAccess  skud_algo.o
    0x00002d78   0x00002d78   0x00000020   Code   RO          243    .text.hDoorOpenedNoAccess  skud_algo.o
    0x00002d98   0x00002d98   0x0000001c   Code   RO          247    .text.hIndicationStop  skud_algo.o
    0x00002db4   0x00002db4   0x00000034   Code   RO          239    .text.hReadingKeyResume  skud_algo.o
    0x00002de8   0x00002de8   0x00000034   Code   RO          237    .text.hReadingKeySuspend  skud_algo.o
    0x00002e1c   0x00002e1c   0x00000002   Code   RO          245    .text.hSendAlarmEvent  skud_algo.o
    0x00002e1e   0x00002e1e   0x00000002   PAD
    0x00002e20   0x00002e20   0x0000003c   Code   RO          231    .text.hSleepToWaiting  skud_algo.o
    0x00002e5c   0x00002e5c   0x00000064   Code   RO          233    .text.hWaitingToAccess  skud_algo.o
    0x00002ec0   0x00002ec0   0x0000004c   Code   RO            2    .text.main          main.o
    0x00002f0c   0x00002f0c   0x0000003c   Code   RO          374    .text.putEvent      buffer.o
    0x00002f48   0x00002f48   0x00000024   Code   RO          125    .text.wdt_enable    wdt.o
    0x00002f6c   0x00002f6c   0x00000008   Code   RO          127    .text.wdt_reset     wdt.o
    0x00002f74   0x00002f74   0x00000020   Code   RO         2206    i.__0printf$5       mc_p.l(printf5.o)
    0x00002f94   0x00002f94   0x0000000e   Code   RO         2382    i.__scatterload_copy  mc_p.l(handlers.o)
    0x00002fa2   0x00002fa2   0x00000002   Code   RO         2383    i.__scatterload_null  mc_p.l(handlers.o)
    0x00002fa4   0x00002fa4   0x0000000e   Code   RO         2384    i.__scatterload_zeroinit  mc_p.l(handlers.o)
    0x00002fb2   0x00002fb2   0x00000002   PAD
    0x00002fb4   0x00002fb4   0x000002dc   Code   RO         2213    i._printf_core      mc_p.l(printf5.o)
    0x00003290   0x00003290   0x00000012   Code   RO         2348    i.fputc             mc_p.l(fputc.o)
    0x000032a2   0x000032a2   0x00000100   Data   RO           68    .rodata.CRC_Table   crc.o
    0x000033a2   0x000033a2   0x00000033   Data   RO          425    .rodata.str1.1      system_mg32x02z.o
    0x000033d5   0x000033d5   0x00000003   PAD
    0x000033d8   0x000033d8   0x00000020   Data   RO         2381    Region$$Table       anon$$obj.o


    Execution Region ER_RW (Exec base: 0x20000000, Load base: 0x000033f8, Size: 0x00000160, Max: 0xffffffff, ABSOLUTE, COMPRESSED[0x000000b8])

    Exec Addr    Load Addr    Size         Type   Attr      Idx    E Section Name        Object

    0x20000000   COMPRESSED   0x00000004   Data   RW         2352    .data               mc_p.l(stdout.o)
    0x20000004   COMPRESSED   0x0000000c   Data   RW          263    .data..L_MergedGlobals  skud_algo.o
    0x20000010   COMPRESSED   0x00000006   Data   RW          325    .data.ActiveKeys    variables.o
    0x20000016   COMPRESSED   0x00000006   Data   RW          320    .data.BuzzerOffTime  variables.o
    0x2000001c   COMPRESSED   0x000000a8   Data   RW          262    .data.FSMTable      skud_algo.o
    0x200000c4   COMPRESSED   0x00000006   Data   RW          326    .data.FlashResourse  variables.o
    0x200000ca   COMPRESSED   0x00000006   Data   RW          322    .data.FreeAccess    variables.o
    0x200000d0   COMPRESSED   0x00000006   Data   RW          317    .data.GerkonFiltTime  variables.o
    0x200000d6   COMPRESSED   0x00000006   Data   RW          323    .data.MasterSlave   variables.o
    0x200000dc   COMPRESSED   0x00000004   Data   RW           27    .data.MessageLenArr  prsm3.o
    0x200000e0   COMPRESSED   0x00000006   Data   RW          319    .data.ReactivateAlarmTime  variables.o
    0x200000e6   COMPRESSED   0x00000006   Data   RW          318    .data.SendAlarmTime  variables.o
    0x200000ec   COMPRESSED   0x00000006   Data   RW          321    .data.SendOfflineEvents  variables.o
    0x200000f2   COMPRESSED   0x00000002   PAD
    0x200000f4   COMPRESSED   0x00000004   Data   RW          424    .data.SystemCoreClock  system_mg32x02z.o
    0x200000f8   COMPRESSED   0x00000006   Data   RW          324    .data.TotalKeys     variables.o
    0x200000fe   COMPRESSED   0x00000002   PAD
    0x20000100   COMPRESSED   0x00000004   Data   RW          256    .data.alarmTimeoutMax  skud_algo.o
    0x20000104   COMPRESSED   0x00000008   Data   RW          376    .data.eBuf          buffer.o
    0x2000010c   COMPRESSED   0x00000006   Data   RW          309    .data.eventAccess   events.o
    0x20000112   COMPRESSED   0x00000006   Data   RW          310    .data.eventAlarm    events.o
    0x20000118   COMPRESSED   0x0000000c   Data   RW          311    .data.events        events.o
    0x20000124   COMPRESSED   0x00000001   Data   RW          258    .data.gerkonFilterMax  skud_algo.o
    0x20000125   COMPRESSED   0x00000001   Data   RW          254    .data.indicWaitMax  skud_algo.o
    0x20000126   COMPRESSED   0x00000010   Data   RW          191    .data.key1          keys.o
    0x20000136   COMPRESSED   0x00000002   Data   RW          261    .data.protectionDelayMax  skud_algo.o
    0x20000138   COMPRESSED   0x00000028   Data   RW          327    .data.variables     variables.o


    Execution Region ER_ZI (Exec base: 0x20000160, Load base: 0x000034b0, Size: 0x00000878, Max: 0xffffffff, ABSOLUTE)

    Exec Addr    Load Addr    Size         Type   Attr      Idx    E Section Name        Object

    0x20000160        -       0x0000002a   Zero   RW           28    .bss..L_MergedGlobals  prsm3.o
    0x2000018a   0x000034b0   0x00000002   PAD
    0x2000018c        -       0x00000020   Zero   RW          426    .bss..L_MergedGlobals  system_mg32x02z.o
    0x200001ac        -       0x00000008   Zero   RW          264    .bss..L_MergedGlobals.1  skud_algo.o
    0x200001b4        -       0x00000010   Zero   RW          203    .bss.KeyEncrypted   keys.o
    0x200001c4        -       0x00000008   Zero   RW          204    .bss.KeyRaw         keys.o
    0x200001cc        -       0x00000001   Zero   RW          255    .bss.buzzerMuted    skud_algo.o
    0x200001cd        -       0x00000001   Zero   RW          253    .bss.currentState   skud_algo.o
    0x200001ce        -       0x00000006   Zero   RW          308    .bss.eventDoor      events.o
    0x200001d4        -       0x00000400   Zero   RW          299    .bss.fpage          flash.o
    0x200005d4        -       0x00000001   Zero   RW          257    .bss.gerkonFilterCnt  skud_algo.o
    0x200005d5        -       0x00000001   Zero   RW          259    .bss.oldGerkonState  skud_algo.o
    0x200005d6        -       0x00000002   Zero   RW          260    .bss.protectionDelayCnt  skud_algo.o
    0x200005d8        -       0x00000400   Zero   RW          408    STACK               startup_mg32x02z.o


==============================================================================

Image component sizes


      Code (inc. data)   RO Data    RW Data    ZI Data      Debug   Object Name

       104          4          0          8          0       2008   buffer.o
        72          8        256          0          0       1514   crc.o
         0          0          0         24          6        739   events.o
      2492         76          0          0       1024      11134   flash.o
       640         12          0          0          0       3692   gpio.o
       658         20          0          0          0      11338   iap.o
       100          4          0          0          0        733   ibutton.o
         0          0          0         16         24       1358   keys.o
        76          4          0          0          0      13903   main.o
      2578        272          0          0          0       7718   md5.o
        20          4          0          0          0       5035   mg32x02z__common_drv.o
        20          4          0          0          0       1374   mg32x02z_chipinit.o
        52          4          0          0          0      16959   mg32x02z_csc_drv.o
       620         40          0          0          0       8848   mg32x02z_csc_init.o
       126          4          0          0          0       8886   mg32x02z_gpio_drv.o
        68         16          0          0          0       4279   mg32x02z_iwdt_drv.o
       120          4          0          0          0      13823   mg32x02z_mem_drv.o
        24          4          0          0          0       6533   mg32x02z_rst_drv.o
       214          0          0          0          0      37841   mg32x02z_tm_drv.o
       110          4          0          0          0      31038   mg32x02z_urt_drv.o
       428          8          0          0          0       3887   onewire.o
      1020         20          0          4         42      17054   prsm3.o
       526         52          0        188         14      12028   skud_algo.o
        60         12        192          0       1024        668   startup_mg32x02z.o
       292        168         51          4         32       1389   system_mg32x02z.o
       796         96          0          0          0      19541   timers.o
       228         28          0          0          0      10417   usart.o
         0          0          0        100          0        969   variables.o
        76          8          0          0          0       1657   wdt.o

    ----------------------------------------------------------------------
     11536        876        534        348       2168     256363   Object Totals
         0          0         32          0          0          0   (incl. Generated)
        16          0          3          4          2          0   (incl. Padding)

    ----------------------------------------------------------------------

      Code (inc. data)   RO Data    RW Data    ZI Data      Debug   Library Member Name

        58          0          0          0          0          0   __dczerorl.o
         0          0          0          0          0          0   entry.o
         0          0          0          0          0          0   entry10a.o
         0          0          0          0          0          0   entry11a.o
         8          4          0          0          0          0   entry2.o
         4          0          0          0          0          0   entry5.o
         0          0          0          0          0          0   entry7b.o
         0          0          0          0          0          0   entry8b.o
         8          4          0          0          0          0   entry9a.o
        18          0          0          0          0         72   fputc.o
        30          0          0          0          0          0   handlers.o
        36          8          0          0          0         68   init.o
         0          0          0          0          0          0   iusesemip.o
        32          0          0          0          0         68   llshl.o
        34          0          0          0          0         68   llushr.o
        26          0          0          0          0         72   memcmp.o
        36          0          0          0          0         60   memcpya.o
        36          0          0          0          0        100   memseta.o
       764         52          0          0          0        168   printf5.o
         0          0          0          0          0          0   semi.o
         0          0          0          4          0          0   stdout.o
        44          0          0          0          0         72   uidiv.o
        96          0          0          0          0         84   uldiv.o

    ----------------------------------------------------------------------
      1234         68          0          4          0        832   Library Totals
         4          0          0          0          0          0   (incl. Padding)

    ----------------------------------------------------------------------

      Code (inc. data)   RO Data    RW Data    ZI Data      Debug   Library Name

      1230         68          0          4          0        832   mc_p.l

    ----------------------------------------------------------------------
      1234         68          0          4          0        832   Library Totals

    ----------------------------------------------------------------------

==============================================================================


      Code (inc. data)   RO Data    RW Data    ZI Data      Debug   

     12770        944        534        352       2168     256683   Grand Totals
     12770        944        534        184       2168     256683   ELF Image Totals (compressed)
     12770        944        534        184          0          0   ROM Totals

==============================================================================

    Total RO  Size (Code + RO Data)                13304 (  12.99kB)
    Total RW  Size (RW Data + ZI Data)              2520 (   2.46kB)
    Total ROM Size (Code + RO Data + RW Data)      13488 (  13.17kB)

==============================================================================

