Component: Arm Compiler for Embedded 6.19 Tool: armlink [5e73cb00]

==============================================================================

Section Cross References

    main.o(.text.main) refers to mg32x02z_chipinit.o(.text.ChipInit) for ChipInit
    main.o(.text.main) refers to flash.o(.text.FlashFirstInit) for FlashFirstInit
    main.o(.text.main) refers to gpio.o(.text.GPIO_Config) for GPIO_Config
    main.o(.text.main) refers to timers.o(.text.TIM_Config) for TIM_Config
    main.o(.text.main) refers to usart.o(.text.USART_Config) for USART_Config
    main.o(.text.main) refers to wdt.o(.text.WDT_Config) for WDT_Config
    main.o(.text.main) refers to mg32x02z_urt_drv.o(.text.URT_Cmd) for URT_Cmd
    main.o(.text.main) refers to mg32x02z_tm_drv.o(.text.TM_Timer_Cmd) for TM_Timer_Cmd
    main.o(.text.main) refers to wdt.o(.text.wdt_enable) for wdt_enable
    main.o(.text.main) refers to skud_algo.o(.text.HandleEvent) for HandleEvent
    main.o(.text.main) refers to wdt.o(.text.wdt_reset) for wdt_reset
    main.o(.ARM.exidx.text.main) refers to main.o(.text.main) for [Anonymous Symbol]
    bus.o(.text.Bus_AddNewByte) refers to mg32x02z_urt_drv.o(.text.URT_GetRXData) for URT_GetRXData
    bus.o(.text.Bus_AddNewByte) refers to buffer.o(.text.putEvent) for putEvent
    bus.o(.text.Bus_AddNewByte) refers to bus.o(.bss.usUsart) for usUsart
    bus.o(.text.Bus_AddNewByte) refers to bus.o(.bss.parsingStatus) for parsingStatus
    bus.o(.text.Bus_AddNewByte) refers to bus.o(.bss.iptr) for iptr
    bus.o(.text.Bus_AddNewByte) refers to bus.o(.bss.RecBytes) for RecBytes
    bus.o(.text.Bus_AddNewByte) refers to bus.o(.data.MessageLenArr) for MessageLenArr
    bus.o(.text.Bus_AddNewByte) refers to bus.o(.bss.MessLen) for MessLen
    bus.o(.ARM.exidx.text.Bus_AddNewByte) refers to bus.o(.text.Bus_AddNewByte) for [Anonymous Symbol]
    bus.o(.text.Bus_ParseMessage) refers to bus.o(.text.Bus_ParseWriteRequest9) for Bus_ParseWriteRequest9
    bus.o(.text.Bus_ParseMessage) refers to bus.o(.text.Bus_ParseReadRequest) for Bus_ParseReadRequest
    bus.o(.text.Bus_ParseMessage) refers to bus.o(.text.Bus_ParseWriteRequest24) for Bus_ParseWriteRequest24
    bus.o(.text.Bus_ParseMessage) refers to crc.o(.text.Do_CRC) for Do_CRC
    bus.o(.text.Bus_ParseMessage) refers to usart.o(.text.URT_Print) for URT_Print
    bus.o(.text.Bus_ParseMessage) refers to bus.o(.bss.iptr) for iptr
    bus.o(.text.Bus_ParseMessage) refers to bus.o(.bss.CommandSize) for CommandSize
    bus.o(.text.Bus_ParseMessage) refers to bus.o(.bss.RecBytes) for RecBytes
    bus.o(.ARM.exidx.text.Bus_ParseMessage) refers to bus.o(.text.Bus_ParseMessage) for [Anonymous Symbol]
    bus.o(.text.Bus_ParseWriteRequest9) refers to crc.o(.text.CRCisWrong) for CRCisWrong
    bus.o(.text.Bus_ParseWriteRequest9) refers to crc.o(.text.Do_CRC) for Do_CRC
    bus.o(.text.Bus_ParseWriteRequest9) refers to usart.o(.text.URT_Print) for URT_Print
    bus.o(.text.Bus_ParseWriteRequest9) refers to flash.o(.text.ActivateKey) for ActivateKey
    bus.o(.text.Bus_ParseWriteRequest9) refers to flash.o(.text.DoCommand) for DoCommand
    bus.o(.text.Bus_ParseWriteRequest9) refers to flash.o(.text.SetVariable) for SetVariable
    bus.o(.text.Bus_ParseWriteRequest9) refers to bus.o(.bss.CommandSize) for CommandSize
    bus.o(.text.Bus_ParseWriteRequest9) refers to bus.o(.bss.RecBytes) for RecBytes
    bus.o(.text.Bus_ParseWriteRequest9) refers to bus.o(.bss.operStatus) for operStatus
    bus.o(.ARM.exidx.text.Bus_ParseWriteRequest9) refers to bus.o(.text.Bus_ParseWriteRequest9) for [Anonymous Symbol]
    bus.o(.text.Bus_ParseWriteRequest24) refers to crc.o(.text.CRCisWrong) for CRCisWrong
    bus.o(.text.Bus_ParseWriteRequest24) refers to crc.o(.text.Do_CRC) for Do_CRC
    bus.o(.text.Bus_ParseWriteRequest24) refers to usart.o(.text.URT_Print) for URT_Print
    bus.o(.text.Bus_ParseWriteRequest24) refers to flash.o(.text.AddKey) for AddKey
    bus.o(.text.Bus_ParseWriteRequest24) refers to flash.o(.text.SetVariablePack) for SetVariablePack
    bus.o(.text.Bus_ParseWriteRequest24) refers to bus.o(.bss.CommandSize) for CommandSize
    bus.o(.text.Bus_ParseWriteRequest24) refers to bus.o(.bss.RecBytes) for RecBytes
    bus.o(.text.Bus_ParseWriteRequest24) refers to bus.o(.bss.operStatus) for operStatus
    bus.o(.ARM.exidx.text.Bus_ParseWriteRequest24) refers to bus.o(.text.Bus_ParseWriteRequest24) for [Anonymous Symbol]
    bus.o(.text.Bus_ParseReadRequest) refers to crc.o(.text.CRCisWrong) for CRCisWrong
    bus.o(.text.Bus_ParseReadRequest) refers to flash.o(.text.GetVariable) for GetVariable
    bus.o(.text.Bus_ParseReadRequest) refers to crc.o(.text.Do_CRC) for Do_CRC
    bus.o(.text.Bus_ParseReadRequest) refers to usart.o(.text.URT_Print) for URT_Print
    bus.o(.text.Bus_ParseReadRequest) refers to bus.o(.bss.CommandSize) for CommandSize
    bus.o(.text.Bus_ParseReadRequest) refers to bus.o(.bss.RecBytes) for RecBytes
[...]
    ../fplib/microlib/fpmul.c                0x00000000   Number         0  dmul.o ABSOLUTE
    MG32x02z_ADC_DRV.c                       0x00000000   Number         0  mg32x02z_adc_drv.o ABSOLUTE
    MG32x02z_APB_DRV.c                       0x00000000   Number         0  mg32x02z_apb_drv.o ABSOLUTE
    MG32x02z_CFG_DRV.c                       0x00000000   Number         0  mg32x02z_cfg_drv.o ABSOLUTE
    MG32x02z_CM0_DRV.c                       0x00000000   Number         0  mg32x02z_cm0_drv.o ABSOLUTE
    MG32x02z_CMP_DRV.c                       0x00000000   Number         0  mg32x02z_cmp_drv.o ABSOLUTE
    MG32x02z_CSC_DRV.c                       0x00000000   Number         0  mg32x02z_csc_drv.o ABSOLUTE
    MG32x02z_CSC_Init.c                      0x00000000   Number         0  mg32x02z_csc_init.o ABSOLUTE
    MG32x02z_ChipInit.c                      0x00000000   Number         0  mg32x02z_chipinit.o ABSOLUTE
    MG32x02z_DMA_DRV.c                       0x00000000   Number         0  mg32x02z_dma_drv.o ABSOLUTE
    MG32x02z_EXIC_DRV.c                      0x00000000   Number         0  mg32x02z_exic_drv.o ABSOLUTE
    MG32x02z_GPIO_DRV.c                      0x00000000   Number         0  mg32x02z_gpio_drv.o ABSOLUTE
    MG32x02z_GPL_DRV.c                       0x00000000   Number         0  mg32x02z_gpl_drv.o ABSOLUTE
    MG32x02z_I2C_DRV.c                       0x00000000   Number         0  mg32x02z_i2c_drv.o ABSOLUTE
    MG32x02z_IWDT_DRV.c                      0x00000000   Number         0  mg32x02z_iwdt_drv.o ABSOLUTE
    MG32x02z_MEM_DRV.c                       0x00000000   Number         0  mg32x02z_mem_drv.o ABSOLUTE
    MG32x02z_PW_DRV.c                        0x00000000   Number         0  mg32x02z_pw_drv.o ABSOLUTE
    MG32x02z_RST_DRV.c                       0x00000000   Number         0  mg32x02z_rst_drv.o ABSOLUTE
    MG32x02z_RTC_DRV.c                       0x00000000   Number         0  mg32x02z_rtc_drv.o ABSOLUTE
    MG32x02z_SPI_DRV.c                       0x00000000   Number         0  mg32x02z_spi_drv.o ABSOLUTE
    MG32x02z_SYS_DRV.c                       0x00000000   Number         0  mg32x02z_sys_drv.o ABSOLUTE
    MG32x02z_TM_DRV.c                        0x00000000   Number         0  mg32x02z_tm_drv.o ABSOLUTE
    MG32x02z_URT_DRV.c                       0x00000000   Number         0  mg32x02z_urt_drv.o ABSOLUTE
    MG32x02z_WWDT_DRV.c                      0x00000000   Number         0  mg32x02z_wwdt_drv.o ABSOLUTE
    MG32x02z__Common_DRV.c                   0x00000000   Number         0  mg32x02z__common_drv.o ABSOLUTE
    RTE/Device/MG32F02A032/startup_MG32x02z.s 0x00000000   Number         0  startup_mg32x02z.o ABSOLUTE
    buffer.c                                 0x00000000   Number         0  buffer.o ABSOLUTE
    bus.c                                    0x00000000   Number         0  bus.o ABSOLUTE
    cdrcmple.s                               0x00000000   Number         0  cdrcmple.o ABSOLUTE
    crc.c                                    0x00000000   Number         0  crc.o ABSOLUTE
    dc.s                                     0x00000000   Number         0  dc.o ABSOLUTE
    events.c                                 0x00000000   Number         0  events.o ABSOLUTE
    flash.c                                  0x00000000   Number         0  flash.o ABSOLUTE
    gpio.c                                   0x00000000   Number         0  gpio.o ABSOLUTE
    handlers.s                               0x00000000   Number         0  handlers.o ABSOLUTE
    iap.c                                    0x00000000   Number         0  iap.o ABSOLUTE
    ibutton.c                                0x00000000   Number         0  ibutton.o ABSOLUTE
    init.s                                   0x00000000   Number         0  init.o ABSOLUTE
    keys.c                                   0x00000000   Number         0  keys.o ABSOLUTE
    main.c                                   0x00000000   Number         0  main.o ABSOLUTE
    md5.c                                    0x00000000   Number         0  md5.o ABSOLUTE
    onewire.c                                0x00000000   Number         0  onewire.o ABSOLUTE
    skud_algo.c                              0x00000000   Number         0  skud_algo.o ABSOLUTE
    system_MG32x02z.c                        0x00000000   Number         0  system_mg32x02z.o ABSOLUTE
    tests.c                                  0x00000000   Number         0  tests.o ABSOLUTE
    timers.c                                 0x00000000   Number         0  timers.o ABSOLUTE
    usart.c                                  0x00000000   Number         0  usart.o ABSOLUTE
    variables.c                              0x00000000   Number         0  variables.o ABSOLUTE
    wdt.c                                    0x00000000   Number         0  wdt.o ABSOLUTE
    RESET                                    0x00000000   Section      192  startup_mg32x02z.o(RESET)
    .ARM.Collect$$$$00000000                 0x000000c0   Section        0  entry.o(.ARM.Collect$$$$00000000)
    .ARM.Collect$$$$00000001                 0x000000c0   Section        4  entry2.o(.ARM.Collect$$$$00000001)
    .ARM.Collect$$$$00000004                 0x000000c4   Section        4  entry5.o(.ARM.Collect$$$$00000004)
    .ARM.Collect$$$$00000008                 0x000000c8   Section        0  entry7b.o(.ARM.Collect$$$$00000008)
    .ARM.Collect$$$$0000000A                 0x000000c8   Section        0  entry8b.o(.ARM.Collect$$$$0000000A)
    .ARM.Collect$$$$0000000B                 0x000000c8   Section        8  entry9a.o(.ARM.Collect$$$$0000000B)
    __lit__00000000                          0x000000d0   Data           4  entry2.o(.ARM.Collect$$$$00002712)
    .ARM.Collect$$$$0000000D                 0x000000d0   Section        0  entry10a.o(.ARM.Collect$$$$0000000D)
    .ARM.Collect$$$$0000000F                 0x000000d0   Section        0  entry11a.o(.ARM.Collect$$$$0000000F)
    .ARM.Collect$$$$00002712                 0x000000d0   Section        4  entry2.o(.ARM.Collect$$$$00002712)
    .text                                    0x000000d4   Section       60  startup_mg32x02z.o(.text)
    .text                                    0x00000110   Section        0  memcpya.o(.text)
    .text                                    0x00000134   Section        0  memseta.o(.text)
    .text                                    0x00000158   Section        0  memcmp.o(.text)
    .text                                    0x00000172   Section        0  uidiv_div0.o(.text)
    .text                                    0x000001b0   Section        0  uldiv.o(.text)
    .text                                    0x00000210   Section       36  init.o(.text)
    .text                                    0x00000234   Section        0  semi.o(.text)
    .text                                    0x00000234   Section        0  llshl.o(.text)
    .text                                    0x00000254   Section        0  llushr.o(.text)
    .text                                    0x00000276   Section        0  iusesemip.o(.text)
    .text                                    0x00000276   Section        0  __dczerorl.o(.text)
    [Anonymous Symbol]                       0x000002b0   Section        0  flash.o(.text.ActivateKey)
    [Anonymous Symbol]                       0x00000350   Section        0  flash.o(.text.AddKey)
    __arm_cp.1_0                             0x0000046c   Number         4  flash.o(.text.AddKey)
    __arm_cp.1_1                             0x00000470   Number         4  flash.o(.text.AddKey)
    __arm_cp.1_2                             0x00000474   Number         4  flash.o(.text.AddKey)
    __arm_cp.1_3                             0x00000478   Number         4  flash.o(.text.AddKey)
    __arm_cp.1_4                             0x0000047c   Number         4  flash.o(.text.AddKey)
    [Anonymous Symbol]                       0x00000480   Section        0  bus.o(.text.Bus_AddNewByte)
    __arm_cp.0_4                             0x000004dc   Number         4  bus.o(.text.Bus_AddNewByte)
    [Anonymous Symbol]                       0x000004e0   Section        0  bus.o(.text.Bus_ClearBuffer)
    __arm_cp.7_0                             0x000004f8   Number         4  bus.o(.text.Bus_ClearBuffer)
    __arm_cp.7_2                             0x000004fc   Number         4  bus.o(.text.Bus_ClearBuffer)
    __arm_cp.7_3                             0x00000500   Number         4  bus.o(.text.Bus_ClearBuffer)
    [Anonymous Symbol]                       0x00000504   Section        0  bus.o(.text.Bus_ParseMessage)
    __arm_cp.1_0                             0x00000568   Number         4  bus.o(.text.Bus_ParseMessage)
    [Anonymous Symbol]                       0x0000056c   Section        0  bus.o(.text.Bus_ParseReadRequest)
    __arm_cp.4_2                             0x00000620   Number         4  bus.o(.text.Bus_ParseReadRequest)
    [Anonymous Symbol]                       0x00000624   Section        0  bus.o(.text.Bus_ParseWriteRequest24)
    [Anonymous Symbol]                       0x000006ac   Section        0  bus.o(.text.Bus_ParseWriteRequest9)
    __arm_cp.2_0                             0x00000748   Number         4  bus.o(.text.Bus_ParseWriteRequest9)
    __arm_cp.2_1                             0x0000074c   Number         4  bus.o(.text.Bus_ParseWriteRequest9)
    __arm_cp.2_2                             0x00000750   Number         4  bus.o(.text.Bus_ParseWriteRequest9)
    __arm_cp.2_3                             0x00000754   Number         4  bus.o(.text.Bus_ParseWriteRequest9)
    [Anonymous Symbol]                       0x00000758   Section        0  crc.o(.text.CRCisWrong)
    __arm_cp.1_0                             0x0000077c   Number         4  crc.o(.text.CRCisWrong)
    [Anonymous Symbol]                       0x00000780   Section        0  mg32x02z_csc_drv.o(.text.CSC_ClearFlag)
    [Anonymous Symbol]                       0x00000788   Section        0  mg32x02z_csc_drv.o(.text.CSC_GetClockSourceState)
    __arm_cp.24_0                            0x00000794   Number         4  mg32x02z_csc_drv.o(.text.CSC_GetClockSourceState)
    [Anonymous Symbol]                       0x00000798   Section        0  mg32x02z_csc_drv.o(.text.CSC_IHRCO_Cmd)
    [Anonymous Symbol]                       0x000007ac   Section        0  mg32x02z_csc_init.o(.text.CSC_Init)
    __arm_cp.3_1                             0x00000a04   Number         4  mg32x02z_csc_init.o(.text.CSC_Init)
    __arm_cp.3_2                             0x00000a08   Number         4  mg32x02z_csc_init.o(.text.CSC_Init)
    __arm_cp.3_3                             0x00000a0c   Number         4  mg32x02z_csc_init.o(.text.CSC_Init)
    __arm_cp.3_4                             0x00000a10   Number         4  mg32x02z_csc_init.o(.text.CSC_Init)
    __arm_cp.3_5                             0x00000a14   Number         4  mg32x02z_csc_init.o(.text.CSC_Init)
    __arm_cp.3_6                             0x00000a18   Number         4  mg32x02z_csc_init.o(.text.CSC_Init)
    __arm_cp.3_7                             0x00000a1c   Number         4  mg32x02z_csc_init.o(.text.CSC_Init)
    __arm_cp.3_8                             0x00000a20   Number         4  mg32x02z_csc_init.o(.text.CSC_Init)
    [Anonymous Symbol]                       0x00000a24   Section        0  mg32x02z_chipinit.o(.text.ChipInit)
    __arm_cp.0_0                             0x00000a34   Number         4  mg32x02z_chipinit.o(.text.ChipInit)
    [Anonymous Symbol]                       0x00000a38   Section        0  ibutton.o(.text.DS1990A_GetKeyID)
    __arm_cp.0_0                             0x00000a74   Number         4  ibutton.o(.text.DS1990A_GetKeyID)
    [Anonymous Symbol]                       0x00000a78   Section        0  flash.o(.text.DoCommand)
    __arm_cp.12_1                            0x00000b7c   Number         4  flash.o(.text.DoCommand)
    [Anonymous Symbol]                       0x00000b80   Section        0  crc.o(.text.Do_CRC)
    __arm_cp.0_0                             0x00000b9c   Number         4  crc.o(.text.Do_CRC)
    [Anonymous Symbol]                       0x00000ba0   Section        0  flash.o(.text.FlashFirstInit)
    __arm_cp.2_0                             0x00000d0c   Number         4  flash.o(.text.FlashFirstInit)
    __arm_cp.2_1                             0x00000d10   Number         4  flash.o(.text.FlashFirstInit)
    __arm_cp.2_2                             0x00000d14   Number         4  flash.o(.text.FlashFirstInit)
    __arm_cp.2_3                             0x00000d18   Number         4  flash.o(.text.FlashFirstInit)
    __arm_cp.2_4                             0x00000d1c   Number         4  flash.o(.text.FlashFirstInit)
    __arm_cp.2_5                             0x00000d20   Number         4  flash.o(.text.FlashFirstInit)
    __arm_cp.2_6                             0x00000d24   Number         4  flash.o(.text.FlashFirstInit)
    [Anonymous Symbol]                       0x00000d28   Section        0  gpio.o(.text.GPIO_Config)
    __arm_cp.5_0                             0x00000f9c   Number         4  gpio.o(.text.GPIO_Config)
    __arm_cp.5_1                             0x00000fa0   Number         4  gpio.o(.text.GPIO_Config)
    __arm_cp.5_2                             0x00000fa4   Number         4  gpio.o(.text.GPIO_Config)
    [Anonymous Symbol]                       0x00000fa8   Section        0  mg32x02z_gpio_drv.o(.text.GPIO_PinFunction_Select)
    __arm_cp.8_0                             0x00000fbc   Number         4  mg32x02z_gpio_drv.o(.text.GPIO_PinFunction_Select)
    [Anonymous Symbol]                       0x00000fc0   Section        0  mg32x02z_gpio_drv.o(.text.GPIO_PinHighSpeedMode_Cmd)
    [Anonymous Symbol]                       0x00000fd0   Section        0  mg32x02z_gpio_drv.o(.text.GPIO_PinInFilterDivider_Select)
    [Anonymous Symbol]                       0x00000fe2   Section        0  mg32x02z_gpio_drv.o(.text.GPIO_PinInverse_Cmd)
    [Anonymous Symbol]                       0x00000ff0   Section        0  mg32x02z_gpio_drv.o(.text.GPIO_PinMode_Select)
    [Anonymous Symbol]                       0x00001002   Section        0  mg32x02z_gpio_drv.o(.text.GPIO_PinOutputDrive_Select)
    [Anonymous Symbol]                       0x00001014   Section        0  mg32x02z_gpio_drv.o(.text.GPIO_PinPUResister_Cmd)
    [Anonymous Symbol]                       0x00001024   Section        0  flash.o(.text.GetVariable)
    __arm_cp.4_0                             0x00001038   Number         4  flash.o(.text.GetVariable)
    [Anonymous Symbol]                       0x0000103c   Section        0  skud_algo.o(.text.HandleEvent)
    __arm_cp.19_0                            0x0000106c   Number         4  skud_algo.o(.text.HandleEvent)
    __arm_cp.19_1                            0x00001070   Number         4  skud_algo.o(.text.HandleEvent)
    [Anonymous Symbol]                       0x00001074   Section        0  system_mg32x02z.o(.text.HardFault_Handler_C)
    __arm_cp.2_0                             0x00001100   Number         4  system_mg32x02z.o(.text.HardFault_Handler_C)
    __arm_cp.2_1                             0x00001104   Number         4  system_mg32x02z.o(.text.HardFault_Handler_C)
    __arm_cp.2_2                             0x00001108   Number         4  system_mg32x02z.o(.text.HardFault_Handler_C)
    __arm_cp.2_3                             0x0000110c   Number         4  system_mg32x02z.o(.text.HardFault_Handler_C)
    __arm_cp.2_4                             0x00001110   Number         4  system_mg32x02z.o(.text.HardFault_Handler_C)
    __arm_cp.2_5                             0x00001114   Number         4  system_mg32x02z.o(.text.HardFault_Handler_C)
    __arm_cp.2_6                             0x00001118   Number         4  system_mg32x02z.o(.text.HardFault_Handler_C)
    __arm_cp.2_7                             0x0000111c   Number         4  system_mg32x02z.o(.text.HardFault_Handler_C)
    __arm_cp.2_8                             0x00001120   Number         4  system_mg32x02z.o(.text.HardFault_Handler_C)
    __arm_cp.2_9                             0x00001124   Number         4  system_mg32x02z.o(.text.HardFault_Handler_C)
    __arm_cp.2_10                            0x00001128   Number         4  system_mg32x02z.o(.text.HardFault_Handler_C)
    [Anonymous Symbol]                       0x000011bc   Section        0  iap.o(.text.IAP_CopyFromIAPToRAM)
    [Anonymous Symbol]                       0x000011d4   Section        0  iap.o(.text.IAP_Erase_OnePage)
    [Anonymous Symbol]                       0x00001258   Section        0  iap.o(.text.IAP_Init)
    __arm_cp.0_0                             0x0000128c   Number         4  iap.o(.text.IAP_Init)
    [Anonymous Symbol]                       0x00001290   Section        0  iap.o(.text.IAP_IsEqualToRAM)
    [Anonymous Symbol]                       0x000012a4   Section        0  iap.o(.text.IAP_Multiple_Write)
    __arm_cp.9_3                             0x00001360   Number         4  iap.o(.text.IAP_Multiple_Write)
    [Anonymous Symbol]                       0x00001364   Section        0  iap.o(.text.IAP_ReadByte)
    [Anonymous Symbol]                       0x00001370   Section        0  iap.o(.text.IAP_ReadWord)
    [Anonymous Symbol]                       0x0000137e   Section        0  iap.o(.text.IAP_WriteMultipleWord)
    [Anonymous Symbol]                       0x00001398   Section        0  iap.o(.text.IAP_WriteSingleWord)
    __arm_cp.6_0                             0x0000142c   Number         4  iap.o(.text.IAP_WriteSingleWord)
    __arm_cp.6_1                             0x00001430   Number         4  iap.o(.text.IAP_WriteSingleWord)
    __arm_cp.6_2                             0x00001434   Number         4  iap.o(.text.IAP_WriteSingleWord)
    [Anonymous Symbol]                       0x00001438   Section        0  mg32x02z_iwdt_drv.o(.text.IWDT_Cmd)
    __arm_cp.4_0                             0x0000144c   Number         4  mg32x02z_iwdt_drv.o(.text.IWDT_Cmd)
    [Anonymous Symbol]                       0x00001450   Section        0  mg32x02z_iwdt_drv.o(.text.IWDT_Divider_Select)
    __arm_cp.0_0                             0x00001460   Number         4  mg32x02z_iwdt_drv.o(.text.IWDT_Divider_Select)
    [Anonymous Symbol]                       0x00001464   Section        0  mg32x02z_iwdt_drv.o(.text.IWDT_RefreshCounter)
    __arm_cp.2_0                             0x0000146c   Number         4  mg32x02z_iwdt_drv.o(.text.IWDT_RefreshCounter)
    __arm_cp.2_1                             0x00001470   Number         4  mg32x02z_iwdt_drv.o(.text.IWDT_RefreshCounter)
    [Anonymous Symbol]                       0x00001474   Section        0  skud_algo.o(.text.IsKeyActive)
    __arm_cp.20_0                            0x000014d0   Number         4  skud_algo.o(.text.IsKeyActive)
    __arm_cp.20_1                            0x000014d4   Number         4  skud_algo.o(.text.IsKeyActive)
    __arm_cp.20_2                            0x000014d8   Number         4  skud_algo.o(.text.IsKeyActive)
    [Anonymous Symbol]                       0x000014dc   Section        0  md5.o(.text.MD5_Final)
    [Anonymous Symbol]                       0x0000159c   Section        0  md5.o(.text.MD5_MakeHash)
    __arm_cp.4_0                             0x00001608   Number         4  md5.o(.text.MD5_MakeHash)
    __arm_cp.4_1                             0x0000160c   Number         4  md5.o(.text.MD5_MakeHash)
    __arm_cp.4_2                             0x00001610   Number         4  md5.o(.text.MD5_MakeHash)
    __arm_cp.4_3                             0x00001614   Number         4  md5.o(.text.MD5_MakeHash)
    [Anonymous Symbol]                       0x00001618   Section        0  mg32x02z_mem_drv.o(.text.MEM_SetIAPSize)
    __arm_cp.23_0                            0x00001680   Number         4  mg32x02z_mem_drv.o(.text.MEM_SetIAPSize)
    [Anonymous Symbol]                       0x00001684   Section        0  onewire.o(.text.OneWire_Read)
    [Anonymous Symbol]                       0x000016dc   Section        0  onewire.o(.text.OneWire_SetDirection)
    [Anonymous Symbol]                       0x000016e8   Section        0  onewire.o(.text.OneWire_Start)
    [Anonymous Symbol]                       0x00001738   Section        0  onewire.o(.text.OneWire_Write)
    __arm_cp.2_0                             0x000017a4   Number         4  onewire.o(.text.OneWire_Write)
    __arm_cp.2_1                             0x000017a8   Number         4  onewire.o(.text.OneWire_Write)
    [Anonymous Symbol]                       0x000017ac   Section        0  mg32x02z__common_drv.o(.text.ProtectModuleReg)
    [Anonymous Symbol]                       0x000017b4   Section        0  mg32x02z_rst_drv.o(.text.RST_CRstSource_Config)
    __arm_cp.3_0                             0x000017c8   Number         4  mg32x02z_rst_drv.o(.text.RST_CRstSource_Config)
    [Anonymous Symbol]                       0x000017cc   Section        0  flash.o(.text.SetVariable)
    [Anonymous Symbol]                       0x00001840   Section        0  flash.o(.text.SetVariablePack)
    __arm_cp.9_0                             0x00001928   Number         4  flash.o(.text.SetVariablePack)
    __arm_cp.9_1                             0x0000192c   Number         4  flash.o(.text.SetVariablePack)
    __arm_cp.9_2                             0x00001930   Number         4  flash.o(.text.SetVariablePack)
    [Anonymous Symbol]                       0x00001934   Section        0  system_mg32x02z.o(.text.SystemInit)
    __arm_cp.1_0                             0x0000193c   Number         4  system_mg32x02z.o(.text.SystemInit)
    __arm_cp.1_1                             0x00001940   Number         4  system_mg32x02z.o(.text.SystemInit)
    [Anonymous Symbol]                       0x00001944   Section        0  timers.o(.text.TIM00_Callback)
    __arm_cp.0_0                             0x000019bc   Number         4  timers.o(.text.TIM00_Callback)
    __arm_cp.0_1                             0x000019c0   Number         4  timers.o(.text.TIM00_Callback)
    __arm_cp.0_2                             0x000019c4   Number         4  timers.o(.text.TIM00_Callback)
    __arm_cp.0_3                             0x000019c8   Number         4  timers.o(.text.TIM00_Callback)
    __arm_cp.0_4                             0x000019cc   Number         4  timers.o(.text.TIM00_Callback)
    __arm_cp.0_5                             0x000019d0   Number         4  timers.o(.text.TIM00_Callback)
    [Anonymous Symbol]                       0x000019d4   Section        0  timers.o(.text.TIM_Config)
    __arm_cp.5_1                             0x00001ae0   Number         4  timers.o(.text.TIM_Config)
    __arm_cp.5_5                             0x00001ae4   Number         4  timers.o(.text.TIM_Config)
    __arm_cp.5_6                             0x00001ae8   Number         4  timers.o(.text.TIM_Config)
    [Anonymous Symbol]                       0x00001aec   Section        0  timers.o(.text.TM0x_IRQHandler)
    __arm_cp.6_0                             0x00001b34   Number         4  timers.o(.text.TM0x_IRQHandler)
    __arm_cp.6_1                             0x00001b38   Number         4  timers.o(.text.TM0x_IRQHandler)
    __arm_cp.6_2                             0x00001b3c   Number         4  timers.o(.text.TM0x_IRQHandler)
    __arm_cp.6_3                             0x00001b40   Number         4  timers.o(.text.TM0x_IRQHandler)
    [Anonymous Symbol]                       0x00001b44   Section        0  timers.o(.text.TM10_IRQHandler)
    __arm_cp.7_0                             0x00001b78   Number         4  timers.o(.text.TM10_IRQHandler)
    __arm_cp.7_1                             0x00001b7c   Number         4  timers.o(.text.TM10_IRQHandler)
    [Anonymous Symbol]                       0x00001b80   Section        0  timers.o(.text.TM1x_IRQHandler)
    __arm_cp.8_0                             0x00001bb0   Number         4  timers.o(.text.TM1x_IRQHandler)
    [Anonymous Symbol]                       0x00001bb4   Section        0  timers.o(.text.TM3x_IRQHandler)
    __arm_cp.9_0                             0x00001c24   Number         4  timers.o(.text.TM3x_IRQHandler)
    __arm_cp.9_1                             0x00001c28   Number         4  timers.o(.text.TM3x_IRQHandler)
    __arm_cp.9_2                             0x00001c2c   Number         4  timers.o(.text.TM3x_IRQHandler)
    __arm_cp.9_3                             0x00001c30   Number         4  timers.o(.text.TM3x_IRQHandler)
    __arm_cp.9_4                             0x00001c34   Number         4  timers.o(.text.TM3x_IRQHandler)
    __arm_cp.9_5                             0x00001c38   Number         4  timers.o(.text.TM3x_IRQHandler)
    __arm_cp.9_6                             0x00001c3c   Number         4  timers.o(.text.TM3x_IRQHandler)
    __arm_cp.9_7                             0x00001c40   Number         4  timers.o(.text.TM3x_IRQHandler)
    __arm_cp.9_8                             0x00001c44   Number         4  timers.o(.text.TM3x_IRQHandler)
    [Anonymous Symbol]                       0x00001c48   Section        0  mg32x02z_tm_drv.o(.text.TM_ClearFlag)
    [Anonymous Symbol]                       0x00001c4c   Section        0  mg32x02z_tm_drv.o(.text.TM_ITEA_Cmd)
    [Anonymous Symbol]                       0x00001c5c   Section        0  mg32x02z_tm_drv.o(.text.TM_IT_Config)
    [Anonymous Symbol]                       0x00001c70   Section        0  mg32x02z_tm_drv.o(.text.TM_TimeBaseStruct_Init)
    [Anonymous Symbol]                       0x00001c84   Section        0  mg32x02z_tm_drv.o(.text.TM_TimeBase_Init)
    [Anonymous Symbol]                       0x00001cfe   Section        0  mg32x02z_tm_drv.o(.text.TM_Timer_Cmd)
    [Anonymous Symbol]                       0x00001d14   Section        0  usart.o(.text.URT0_IRQHandler)
    [Anonymous Symbol]                       0x00001d26   Section        0  mg32x02z_urt_drv.o(.text.URT_ClearITFlag)
    [Anonymous Symbol]                       0x00001d2e   Section        0  mg32x02z_urt_drv.o(.text.URT_Cmd)
    [Anonymous Symbol]                       0x00001d3a   Section        0  mg32x02z_urt_drv.o(.text.URT_GetRXData)
    [Anonymous Symbol]                       0x00001d3e   Section        0  mg32x02z_urt_drv.o(.text.URT_ITEA_Cmd)
    [Anonymous Symbol]                       0x00001d4a   Section        0  mg32x02z_urt_drv.o(.text.URT_IT_Config)
    [Anonymous Symbol]                       0x00001d56   Section        0  usart.o(.text.URT_Print)
    [Anonymous Symbol]                       0x00001d8c   Section        0  mg32x02z_urt_drv.o(.text.URT_SetTXData)
    [Anonymous Symbol]                       0x00001dc0   Section        0  usart.o(.text.USART_Config)
    __arm_cp.7_0                             0x00001e24   Number         4  usart.o(.text.USART_Config)
    __arm_cp.7_1                             0x00001e28   Number         4  usart.o(.text.USART_Config)
    __arm_cp.7_2                             0x00001e2c   Number         4  usart.o(.text.USART_Config)
    __arm_cp.7_3                             0x00001e30   Number         4  usart.o(.text.USART_Config)
    __arm_cp.7_4                             0x00001e34   Number         4  usart.o(.text.USART_Config)
    __arm_cp.7_5                             0x00001e38   Number         4  usart.o(.text.USART_Config)
    [Anonymous Symbol]                       0x00001e3c   Section        0  mg32x02z__common_drv.o(.text.UnProtectModuleReg)
    __arm_cp.7_0                             0x00001e44   Number         4  mg32x02z__common_drv.o(.text.UnProtectModuleReg)
    [Anonymous Symbol]                       0x00001e48   Section        0  wdt.o(.text.WDT_Config)
    __arm_cp.0_0                             0x00001e64   Number         4  wdt.o(.text.WDT_Config)
    [Anonymous Symbol]                       0x00001e68   Section        0  md5.o(.text.body)
    __arm_cp.0_64                            0x00002454   Number         4  md5.o(.text.body)
    __arm_cp.0_65                            0x00002458   Number         4  md5.o(.text.body)
    __arm_cp.0_66                            0x0000245c   Number         4  md5.o(.text.body)
    __arm_cp.0_67                            0x00002460   Number         4  md5.o(.text.body)
    __arm_cp.0_68                            0x00002464   Number         4  md5.o(.text.body)
    __arm_cp.0_69                            0x00002468   Number         4  md5.o(.text.body)
    __arm_cp.0_70                            0x0000246c   Number         4  md5.o(.text.body)
    __arm_cp.0_71                            0x00002470   Number         4  md5.o(.text.body)
    __arm_cp.0_72                            0x00002474   Number         4  md5.o(.text.body)
    __arm_cp.0_73                            0x00002478   Number         4  md5.o(.text.body)
    __arm_cp.0_74                            0x0000247c   Number         4  md5.o(.text.body)
    __arm_cp.0_75                            0x00002480   Number         4  md5.o(.text.body)
    __arm_cp.0_76                            0x00002484   Number         4  md5.o(.text.body)
    __arm_cp.0_77                            0x00002488   Number         4  md5.o(.text.body)
    __arm_cp.0_78                            0x0000248c   Number         4  md5.o(.text.body)
    __arm_cp.0_79                            0x00002490   Number         4  md5.o(.text.body)
    __arm_cp.0_80                            0x00002494   Number         4  md5.o(.text.body)
    __arm_cp.0_81                            0x00002498   Number         4  md5.o(.text.body)
    __arm_cp.0_82                            0x0000249c   Number         4  md5.o(.text.body)
    __arm_cp.0_83                            0x000024a0   Number         4  md5.o(.text.body)
    __arm_cp.0_84                            0x000024a4   Number         4  md5.o(.text.body)
    __arm_cp.0_85                            0x000024a8   Number         4  md5.o(.text.body)
    __arm_cp.0_86                            0x000024ac   Number         4  md5.o(.text.body)
    __arm_cp.0_87                            0x000024b0   Number         4  md5.o(.text.body)
    __arm_cp.0_24                            0x000026a8   Number         4  md5.o(.text.body)
    __arm_cp.0_25                            0x000026ac   Number         4  md5.o(.text.body)
    __arm_cp.0_26                            0x000026b0   Number         4  md5.o(.text.body)
    __arm_cp.0_27                            0x000026b4   Number         4  md5.o(.text.body)
    __arm_cp.0_28                            0x000026b8   Number         4  md5.o(.text.body)
    __arm_cp.0_29                            0x000026bc   Number         4  md5.o(.text.body)
    __arm_cp.0_30                            0x000026c0   Number         4  md5.o(.text.body)
    __arm_cp.0_31                            0x000026c4   Number         4  md5.o(.text.body)
    __arm_cp.0_32                            0x000026c8   Number         4  md5.o(.text.body)
    __arm_cp.0_33                            0x000026cc   Number         4  md5.o(.text.body)
    __arm_cp.0_34                            0x000026d0   Number         4  md5.o(.text.body)
    __arm_cp.0_35                            0x000026d4   Number         4  md5.o(.text.body)
    __arm_cp.0_36                            0x000026d8   Number         4  md5.o(.text.body)
    __arm_cp.0_37                            0x000026dc   Number         4  md5.o(.text.body)
    __arm_cp.0_38                            0x000026e0   Number         4  md5.o(.text.body)
    __arm_cp.0_39                            0x000026e4   Number         4  md5.o(.text.body)
    __arm_cp.0_40                            0x000026e8   Number         4  md5.o(.text.body)
    __arm_cp.0_41                            0x000026ec   Number         4  md5.o(.text.body)
    __arm_cp.0_42                            0x000026f0   Number         4  md5.o(.text.body)
    __arm_cp.0_43                            0x000026f4   Number         4  md5.o(.text.body)
    __arm_cp.0_44                            0x000026f8   Number         4  md5.o(.text.body)
    __arm_cp.0_45                            0x000026fc   Number         4  md5.o(.text.body)
    __arm_cp.0_46                            0x00002700   Number         4  md5.o(.text.body)
    __arm_cp.0_47                            0x00002704   Number         4  md5.o(.text.body)
    __arm_cp.0_48                            0x00002708   Number         4  md5.o(.text.body)
    __arm_cp.0_49                            0x0000270c   Number         4  md5.o(.text.body)
    __arm_cp.0_50                            0x00002710   Number         4  md5.o(.text.body)
    __arm_cp.0_51                            0x00002714   Number         4  md5.o(.text.body)
    __arm_cp.0_52                            0x00002718   Number         4  md5.o(.text.body)
    __arm_cp.0_53                            0x0000271c   Number         4  md5.o(.text.body)
    __arm_cp.0_54                            0x00002720   Number         4  md5.o(.text.body)
    __arm_cp.0_55                            0x00002724   Number         4  md5.o(.text.body)
    __arm_cp.0_56                            0x00002728   Number         4  md5.o(.text.body)
    __arm_cp.0_57                            0x0000272c   Number         4  md5.o(.text.body)
    __arm_cp.0_58                            0x00002730   Number         4  md5.o(.text.body)
    __arm_cp.0_59                            0x00002734   Number         4  md5.o(.text.body)
    __arm_cp.0_60                            0x00002738   Number         4  md5.o(.text.body)
    __arm_cp.0_61                            0x0000273c   Number         4  md5.o(.text.body)
    __arm_cp.0_62                            0x00002740   Number         4  md5.o(.text.body)
    __arm_cp.0_63                            0x00002744   Number         4  md5.o(.text.body)
    [Anonymous Symbol]                       0x00002748   Section        0  buffer.o(.text.getEvent)
    [Anonymous Symbol]                       0x0000276c   Section        0  skud_algo.o(.text.hAccessToSleep)
    __arm_cp.11_0                            0x00002774   Number         4  skud_algo.o(.text.hAccessToSleep)
    [Anonymous Symbol]                       0x00002778   Section        0  skud_algo.o(.text.hDoorClosedNoAccess)
    [Anonymous Symbol]                       0x00002798   Section        0  skud_algo.o(.text.hDoorOpenedNoAccess)
    [Anonymous Symbol]                       0x000027b8   Section        0  skud_algo.o(.text.hIndicationStop)
    [Anonymous Symbol]                       0x000027d0   Section        0  skud_algo.o(.text.hParseBusMessage)
    [Anonymous Symbol]                       0x000027d8   Section        0  skud_algo.o(.text.hReadingKeyResume)
    __arm_cp.13_0                            0x00002814   Number         4  skud_algo.o(.text.hReadingKeyResume)
    [Anonymous Symbol]                       0x00002818   Section        0  skud_algo.o(.text.hReadingKeySuspend)
    [Anonymous Symbol]                       0x00002850   Section        0  skud_algo.o(.text.hSendAlarmEvent)
    __arm_cp.16_0                            0x00002860   Number         4  skud_algo.o(.text.hSendAlarmEvent)
    [Anonymous Symbol]                       0x00002864   Section        0  skud_algo.o(.text.hSleepToWaiting)
    [Anonymous Symbol]                       0x000028a4   Section        0  skud_algo.o(.text.hWaitingToAccess)
    __arm_cp.10_0                            0x000028f8   Number         4  skud_algo.o(.text.hWaitingToAccess)
    __arm_cp.10_1                            0x000028fc   Number         4  skud_algo.o(.text.hWaitingToAccess)
    __arm_cp.10_2                            0x00002900   Number         4  skud_algo.o(.text.hWaitingToAccess)
    __arm_cp.10_3                            0x00002904   Number         4  skud_algo.o(.text.hWaitingToAccess)
    __arm_cp.10_4                            0x00002908   Number         4  skud_algo.o(.text.hWaitingToAccess)
    __arm_cp.10_5                            0x0000290c   Number         4  skud_algo.o(.text.hWaitingToAccess)
    __arm_cp.10_6                            0x00002910   Number         4  skud_algo.o(.text.hWaitingToAccess)
    __arm_cp.10_7                            0x00002914   Number         4  skud_algo.o(.text.hWaitingToAccess)
    __arm_cp.10_8                            0x00002918   Number         4  skud_algo.o(.text.hWaitingToAccess)
    __arm_cp.10_9                            0x0000291c   Number         4  skud_algo.o(.text.hWaitingToAccess)
    [Anonymous Symbol]                       0x00002920   Section        0  main.o(.text.main)
    __arm_cp.0_0                             0x00002968   Number         4  main.o(.text.main)
    [Anonymous Symbol]                       0x0000296c   Section        0  buffer.o(.text.putEvent)
    __arm_cp.5_0                             0x00002998   Number         4  buffer.o(.text.putEvent)
    [Anonymous Symbol]                       0x0000299c   Section        0  wdt.o(.text.wdt_enable)
    __arm_cp.1_0                             0x000029bc   Number         4  wdt.o(.text.wdt_enable)
    [Anonymous Symbol]                       0x000029c0   Section        0  wdt.o(.text.wdt_reset)
    i.__0printf$5                            0x000029c8   Section        0  printf5.o(i.__0printf$5)
    i.__scatterload_copy                     0x000029e8   Section       14  handlers.o(i.__scatterload_copy)
    i.__scatterload_null                     0x000029f6   Section        2  handlers.o(i.__scatterload_null)
    i.__scatterload_zeroinit                 0x000029f8   Section       14  handlers.o(i.__scatterload_zeroinit)
    _printf_core                             0x00002a09   Thumb Code   688  printf5.o(i._printf_core)
    i._printf_core                           0x00002a08   Section        0  printf5.o(i._printf_core)
    i.fputc                                  0x00002ce4   Section        0  fputc.o(i.fputc)
    CRC_Table                                0x00002cf6   Data         256  crc.o(.rodata.CRC_Table)
    [Anonymous Symbol]                       0x00002cf6   Section        0  crc.o(.rodata.CRC_Table)
    [Anonymous Symbol]                       0x00002df6   Section        0  system_mg32x02z.o(.rodata.str1.1)
    .data                                    0x20000000   Section        4  stdout.o(.data)
    HardFault_Handler_C.stacked_lr           0x20000174   Data           4  system_mg32x02z.o(.bss.HardFault_Handler_C.stacked_lr)
    [Anonymous Symbol]                       0x20000174   Section        0  system_mg32x02z.o(.bss.HardFault_Handler_C.stacked_lr)
    HardFault_Handler_C.stacked_pc           0x20000178   Data           4  system_mg32x02z.o(.bss.HardFault_Handler_C.stacked_pc)
    [Anonymous Symbol]                       0x20000178   Section        0  system_mg32x02z.o(.bss.HardFault_Handler_C.stacked_pc)
    HardFault_Handler_C.stacked_psr          0x2000017c   Data           4  system_mg32x02z.o(.bss.HardFault_Handler_C.stacked_psr)
    [Anonymous Symbol]                       0x2000017c   Section        0  system_mg32x02z.o(.bss.HardFault_Handler_C.stacked_psr)
    HardFault_Handler_C.stacked_r0           0x20000180   Data           4  system_mg32x02z.o(.bss.HardFault_Handler_C.stacked_r0)
    [Anonymous Symbol]                       0x20000180   Section        0  system_mg32x02z.o(.bss.HardFault_Handler_C.stacked_r0)
    HardFault_Handler_C.stacked_r1           0x20000184   Data           4  system_mg32x02z.o(.bss.HardFault_Handler_C.stacked_r1)
    [Anonymous Symbol]                       0x20000184   Section        0  system_mg32x02z.o(.bss.HardFault_Handler_C.stacked_r1)
    HardFault_Handler_C.stacked_r12          0x20000188   Data           4  system_mg32x02z.o(.bss.HardFault_Handler_C.stacked_r12)
    [Anonymous Symbol]                       0x20000188   Section        0  system_mg32x02z.o(.bss.HardFault_Handler_C.stacked_r12)
    HardFault_Handler_C.stacked_r2           0x2000018c   Data           4  system_mg32x02z.o(.bss.HardFault_Handler_C.stacked_r2)
    [Anonymous Symbol]                       0x2000018c   Section        0  system_mg32x02z.o(.bss.HardFault_Handler_C.stacked_r2)
    HardFault_Handler_C.stacked_r3           0x20000190   Data           4  system_mg32x02z.o(.bss.HardFault_Handler_C.stacked_r3)
    [Anonymous Symbol]                       0x20000190   Section        0  system_mg32x02z.o(.bss.HardFault_Handler_C.stacked_r3)
    STACK                                    0x200005f0   Section     1024  startup_mg32x02z.o(STACK)

    Global Symbols

    Symbol Name                              Value     Ov Type        Size  Object(Section)

    BuildAttributes$$THM_ISAv3M$S$PE$A:L22$X:L11$S22$IEEE1$IW$~IW$USESV6$~STKCKD$USESV7$~SHL$OTIME$ROPI$EBA8$MICROLIB$REQ8$PRES8$EABIv2 0x00000000   Number         0  anon$$obj.o ABSOLUTE
    __Vectors                                0x00000000   Data           4  startup_mg32x02z.o(RESET)
    _printf_a                                0x00000000   Number         0  printfstubs.o ABSOLUTE
    _printf_c                                0x00000000   Number         0  printfstubs.o ABSOLUTE
    _printf_charcount                        0x00000000   Number         0  printfstubs.o ABSOLUTE
    _printf_d                                0x00000000   Number         0  printfstubs.o ABSOLUTE
    _printf_e                                0x00000000   Number         0  printfstubs.o ABSOLUTE
    _printf_f                                0x00000000   Number         0  printfstubs.o ABSOLUTE
    _printf_flags                            0x00000000   Number         0  printfstubs.o ABSOLUTE
    _printf_fp_dec                           0x00000000   Number         0  printfstubs.o ABSOLUTE
    _printf_fp_hex                           0x00000000   Number         0  printfstubs.o ABSOLUTE
    _printf_g                                0x00000000   Number         0  printfstubs.o ABSOLUTE
    _printf_i                                0x00000000   Number         0  printfstubs.o ABSOLUTE
    _printf_int_dec                          0x00000000   Number         0  printfstubs.o ABSOLUTE
    _printf_l                                0x00000000   Number         0  printfstubs.o ABSOLUTE
    _printf_lc                               0x00000000   Number         0  printfstubs.o ABSOLUTE
    _printf_ll                               0x00000000   Number         0  printfstubs.o ABSOLUTE
    _printf_lld                              0x00000000   Number         0  printfstubs.o ABSOLUTE
    _printf_lli                              0x00000000   Number         0  printfstubs.o ABSOLUTE
    _printf_llo                              0x00000000   Number         0  printfstubs.o ABSOLUTE
    _printf_llu                              0x00000000   Number         0  printfstubs.o ABSOLUTE
    _printf_llx                              0x00000000   Number         0  printfstubs.o ABSOLUTE
    _printf_longlong_dec                     0x00000000   Number         0  printfstubs.o ABSOLUTE
    _printf_longlong_hex                     0x00000000   Number         0  printfstubs.o ABSOLUTE
    _printf_longlong_oct                     0x00000000   Number         0  printfstubs.o ABSOLUTE
    _printf_ls                               0x00000000   Number         0  printfstubs.o ABSOLUTE
    _printf_mbtowc                           0x00000000   Number         0  printfstubs.o ABSOLUTE
    _printf_n                                0x00000000   Number         0  printfstubs.o ABSOLUTE
    _printf_o                                0x00000000   Number         0  printfstubs.o ABSOLUTE
    _printf_p                                0x00000000   Number         0  printfstubs.o ABSOLUTE
    _printf_percent                          0x00000000   Number         0  printfstubs.o ABSOLUTE
    _printf_pre_padding                      0x00000000   Number         0  printfstubs.o ABSOLUTE
    _printf_return_value                     0x00000000   Number         0  printfstubs.o ABSOLUTE
    _printf_s                                0x00000000   Number         0  printfstubs.o ABSOLUTE
    _printf_sizespec                         0x00000000   Number         0  printfstubs.o ABSOLUTE
    _printf_str                              0x00000000   Number         0  printfstubs.o ABSOLUTE
    _printf_truncate_signed                  0x00000000   Number         0  printfstubs.o ABSOLUTE
    _printf_truncate_unsigned                0x00000000   Number         0  printfstubs.o ABSOLUTE
    _printf_u                                0x00000000   Number         0  printfstubs.o ABSOLUTE
    _printf_wc                               0x00000000   Number         0  printfstubs.o ABSOLUTE
    _printf_wctomb                           0x00000000   Number         0  printfstubs.o ABSOLUTE
    _printf_widthprec                        0x00000000   Number         0  printfstubs.o ABSOLUTE
    _printf_x                                0x00000000   Number         0  printfstubs.o ABSOLUTE
    __cpp_initialize__aeabi_                  - Undefined Weak Reference
    __cxa_finalize                            - Undefined Weak Reference
    _clock_init                               - Undefined Weak Reference
    _microlib_exit                            - Undefined Weak Reference
    __Vectors_End                            0x000000c0   Data           0  startup_mg32x02z.o(RESET)
    __Vectors_Size                           0x000000c0   Number         0  startup_mg32x02z.o ABSOLUTE
    __main                                   0x000000c1   Thumb Code     0  entry.o(.ARM.Collect$$$$00000000)
    _main_stk                                0x000000c1   Thumb Code     0  entry2.o(.ARM.Collect$$$$00000001)
    _main_scatterload                        0x000000c5   Thumb Code     0  entry5.o(.ARM.Collect$$$$00000004)
    __main_after_scatterload                 0x000000c9   Thumb Code     0  entry5.o(.ARM.Collect$$$$00000004)
    _main_clock                              0x000000c9   Thumb Code     0  entry7b.o(.ARM.Collect$$$$00000008)
    _main_cpp_init                           0x000000c9   Thumb Code     0  entry8b.o(.ARM.Collect$$$$0000000A)
    _main_init                               0x000000c9   Thumb Code     0  entry9a.o(.ARM.Collect$$$$0000000B)
    __rt_final_cpp                           0x000000d1   Thumb Code     0  entry10a.o(.ARM.Collect$$$$0000000D)
    __rt_final_exit                          0x000000d1   Thumb Code     0  entry11a.o(.ARM.Collect$$$$0000000F)
    MG32x02z_IEC60730_MANAGER                0x000000d5   Thumb Code     0  startup_mg32x02z.o(.text)
    ReInitial_Stack                          0x000000d5   Thumb Code     6  startup_mg32x02z.o(.text)
    Reset_Handler                            0x000000db   Thumb Code     8  startup_mg32x02z.o(.text)
    NMI_Handler                              0x000000e3   Thumb Code     2  startup_mg32x02z.o(.text)
    HardFault_Handler                        0x000000e5   Thumb Code    24  startup_mg32x02z.o(.text)
    SVC_Handler                              0x000000fd   Thumb Code     2  startup_mg32x02z.o(.text)
    PendSV_Handler                           0x000000ff   Thumb Code     2  startup_mg32x02z.o(.text)
    SysTick_Handler                          0x00000101   Thumb Code     2  startup_mg32x02z.o(.text)
    ADC_IRQHandler                           0x00000103   Thumb Code     0  startup_mg32x02z.o(.text)
    APX_IRQHandler                           0x00000103   Thumb Code     0  startup_mg32x02z.o(.text)
    COMP_IRQHandler                          0x00000103   Thumb Code     0  startup_mg32x02z.o(.text)
    DAC_IRQHandler                           0x00000103   Thumb Code     0  startup_mg32x02z.o(.text)
    DMA_IRQHandler                           0x00000103   Thumb Code     0  startup_mg32x02z.o(.text)
    EXINT0_IRQHandler                        0x00000103   Thumb Code     0  startup_mg32x02z.o(.text)
    EXINT1_IRQHandler                        0x00000103   Thumb Code     0  startup_mg32x02z.o(.text)
    EXINT2_IRQHandler                        0x00000103   Thumb Code     0  startup_mg32x02z.o(.text)
    EXINT3_IRQHandler                        0x00000103   Thumb Code     0  startup_mg32x02z.o(.text)
    I2C0_IRQHandler                          0x00000103   Thumb Code     0  startup_mg32x02z.o(.text)
    I2Cx_IRQHandler                          0x00000103   Thumb Code     0  startup_mg32x02z.o(.text)
    SPI0_IRQHandler                          0x00000103   Thumb Code     0  startup_mg32x02z.o(.text)
    SPIx_IRQHandler                          0x00000103   Thumb Code     0  startup_mg32x02z.o(.text)
    SYS_IRQHandler                           0x00000103   Thumb Code     0  startup_mg32x02z.o(.text)
    TM20_IRQHandler                          0x00000103   Thumb Code     0  startup_mg32x02z.o(.text)
    TM2x_IRQHandler                          0x00000103   Thumb Code     0  startup_mg32x02z.o(.text)
    URT123_IRQHandler                        0x00000103   Thumb Code     0  startup_mg32x02z.o(.text)
    URT4x_IRQHandler                         0x00000103   Thumb Code     0  startup_mg32x02z.o(.text)
    USB_IRQHandler                           0x00000103   Thumb Code     0  startup_mg32x02z.o(.text)
    WWDT_IRQHandler                          0x00000103   Thumb Code     0  startup_mg32x02z.o(.text)
    __aeabi_memcpy                           0x00000111   Thumb Code    36  memcpya.o(.text)
    __aeabi_memcpy4                          0x00000111   Thumb Code     0  memcpya.o(.text)
    __aeabi_memcpy8                          0x00000111   Thumb Code     0  memcpya.o(.text)
    __aeabi_memset                           0x00000135   Thumb Code    14  memseta.o(.text)
    __aeabi_memset4                          0x00000135   Thumb Code     0  memseta.o(.text)
    __aeabi_memset8                          0x00000135   Thumb Code     0  memseta.o(.text)
    __aeabi_memclr                           0x00000143   Thumb Code     4  memseta.o(.text)
    __aeabi_memclr4                          0x00000143   Thumb Code     0  memseta.o(.text)
    __aeabi_memclr8                          0x00000143   Thumb Code     0  memseta.o(.text)
    _memset$wrapper                          0x00000147   Thumb Code    18  memseta.o(.text)
    memcmp                                   0x00000159   Thumb Code    26  memcmp.o(.text)
    __aeabi_uidiv                            0x00000173   Thumb Code     0  uidiv_div0.o(.text)
    __aeabi_uidivmod                         0x00000173   Thumb Code    62  uidiv_div0.o(.text)
    __aeabi_uldivmod                         0x000001b1   Thumb Code    96  uldiv.o(.text)
    __scatterload                            0x00000211   Thumb Code    28  init.o(.text)
    __scatterload_rt2                        0x00000211   Thumb Code     0  init.o(.text)
    __aeabi_llsl                             0x00000235   Thumb Code    32  llshl.o(.text)
    __semihosting_library_function           0x00000235   Thumb Code     0  semi.o(.text)
    _ll_shift_l                              0x00000235   Thumb Code     0  llshl.o(.text)
    __aeabi_llsr                             0x00000255   Thumb Code    34  llushr.o(.text)
    _ll_ushift_r                             0x00000255   Thumb Code     0  llushr.o(.text)
    __I$use$semihosting$fputc                0x00000277   Thumb Code     0  iusesemip.o(.text)
    __decompress                             0x00000277   Thumb Code     0  __dczerorl.o(.text)
    __decompress0                            0x00000277   Thumb Code    58  __dczerorl.o(.text)
    ActivateKey                              0x000002b1   Thumb Code   160  flash.o(.text.ActivateKey)
    AddKey                                   0x00000351   Thumb Code   284  flash.o(.text.AddKey)
    Bus_AddNewByte                           0x00000481   Thumb Code    92  bus.o(.text.Bus_AddNewByte)
    Bus_ClearBuffer                          0x000004e1   Thumb Code    24  bus.o(.text.Bus_ClearBuffer)
    Bus_ParseMessage                         0x00000505   Thumb Code   100  bus.o(.text.Bus_ParseMessage)
    Bus_ParseReadRequest                     0x0000056d   Thumb Code   180  bus.o(.text.Bus_ParseReadRequest)
    Bus_ParseWriteRequest24                  0x00000625   Thumb Code   136  bus.o(.text.Bus_ParseWriteRequest24)
    Bus_ParseWriteRequest9                   0x000006ad   Thumb Code   156  bus.o(.text.Bus_ParseWriteRequest9)
    CRCisWrong                               0x00000759   Thumb Code    36  crc.o(.text.CRCisWrong)
    CSC_ClearFlag                            0x00000781   Thumb Code     8  mg32x02z_csc_drv.o(.text.CSC_ClearFlag)
    CSC_GetClockSourceState                  0x00000789   Thumb Code    12  mg32x02z_csc_drv.o(.text.CSC_GetClockSourceState)
    CSC_IHRCO_Cmd                            0x00000799   Thumb Code    20  mg32x02z_csc_drv.o(.text.CSC_IHRCO_Cmd)
    CSC_Init                                 0x000007ad   Thumb Code   600  mg32x02z_csc_init.o(.text.CSC_Init)
    ChipInit                                 0x00000a25   Thumb Code    16  mg32x02z_chipinit.o(.text.ChipInit)
    DS1990A_GetKeyID                         0x00000a39   Thumb Code    60  ibutton.o(.text.DS1990A_GetKeyID)
    DoCommand                                0x00000a79   Thumb Code   260  flash.o(.text.DoCommand)
    Do_CRC                                   0x00000b81   Thumb Code    28  crc.o(.text.Do_CRC)
    FlashFirstInit                           0x00000ba1   Thumb Code   364  flash.o(.text.FlashFirstInit)
    GPIO_Config                              0x00000d29   Thumb Code   628  gpio.o(.text.GPIO_Config)
    GPIO_PinFunction_Select                  0x00000fa9   Thumb Code    20  mg32x02z_gpio_drv.o(.text.GPIO_PinFunction_Select)
    GPIO_PinHighSpeedMode_Cmd                0x00000fc1   Thumb Code    16  mg32x02z_gpio_drv.o(.text.GPIO_PinHighSpeedMode_Cmd)
    GPIO_PinInFilterDivider_Select           0x00000fd1   Thumb Code    18  mg32x02z_gpio_drv.o(.text.GPIO_PinInFilterDivider_Select)
    GPIO_PinInverse_Cmd                      0x00000fe3   Thumb Code    14  mg32x02z_gpio_drv.o(.text.GPIO_PinInverse_Cmd)
    GPIO_PinMode_Select                      0x00000ff1   Thumb Code    18  mg32x02z_gpio_drv.o(.text.GPIO_PinMode_Select)
    GPIO_PinOutputDrive_Select               0x00001003   Thumb Code    18  mg32x02z_gpio_drv.o(.text.GPIO_PinOutputDrive_Select)
    GPIO_PinPUResister_Cmd                   0x00001015   Thumb Code    16  mg32x02z_gpio_drv.o(.text.GPIO_PinPUResister_Cmd)
    GetVariable                              0x00001025   Thumb Code    20  flash.o(.text.GetVariable)
    HandleEvent                              0x0000103d   Thumb Code    48  skud_algo.o(.text.HandleEvent)
    HardFault_Handler_C                      0x00001075   Thumb Code   140  system_mg32x02z.o(.text.HardFault_Handler_C)
    IAP_CopyFromIAPToRAM                     0x000011bd   Thumb Code    22  iap.o(.text.IAP_CopyFromIAPToRAM)
    IAP_Erase_OnePage                        0x000011d5   Thumb Code   132  iap.o(.text.IAP_Erase_OnePage)
    IAP_Init                                 0x00001259   Thumb Code    52  iap.o(.text.IAP_Init)
    IAP_IsEqualToRAM                         0x00001291   Thumb Code    18  iap.o(.text.IAP_IsEqualToRAM)
    IAP_Multiple_Write                       0x000012a5   Thumb Code   188  iap.o(.text.IAP_Multiple_Write)
    IAP_ReadByte                             0x00001365   Thumb Code    12  iap.o(.text.IAP_ReadByte)
    IAP_ReadWord                             0x00001371   Thumb Code    14  iap.o(.text.IAP_ReadWord)
    IAP_WriteMultipleWord                    0x0000137f   Thumb Code    24  iap.o(.text.IAP_WriteMultipleWord)
    IAP_WriteSingleWord                      0x00001399   Thumb Code   148  iap.o(.text.IAP_WriteSingleWord)
    IWDT_Cmd                                 0x00001439   Thumb Code    20  mg32x02z_iwdt_drv.o(.text.IWDT_Cmd)
    IWDT_Divider_Select                      0x00001451   Thumb Code    16  mg32x02z_iwdt_drv.o(.text.IWDT_Divider_Select)
    IWDT_RefreshCounter                      0x00001465   Thumb Code     8  mg32x02z_iwdt_drv.o(.text.IWDT_RefreshCounter)
    IsKeyActive                              0x00001475   Thumb Code    92  skud_algo.o(.text.IsKeyActive)
    MD5_Final                                0x000014dd   Thumb Code   190  md5.o(.text.MD5_Final)
    MD5_MakeHash                             0x0000159d   Thumb Code   108  md5.o(.text.MD5_MakeHash)
    MEM_SetIAPSize                           0x00001619   Thumb Code   104  mg32x02z_mem_drv.o(.text.MEM_SetIAPSize)
    OneWire_Read                             0x00001685   Thumb Code    88  onewire.o(.text.OneWire_Read)
    OneWire_SetDirection                     0x000016dd   Thumb Code    12  onewire.o(.text.OneWire_SetDirection)
    OneWire_Start                            0x000016e9   Thumb Code    80  onewire.o(.text.OneWire_Start)
    OneWire_Write                            0x00001739   Thumb Code   108  onewire.o(.text.OneWire_Write)
    ProtectModuleReg                         0x000017ad   Thumb Code     8  mg32x02z__common_drv.o(.text.ProtectModuleReg)
    RST_CRstSource_Config                    0x000017b5   Thumb Code    20  mg32x02z_rst_drv.o(.text.RST_CRstSource_Config)
    SetVariable                              0x000017cd   Thumb Code   116  flash.o(.text.SetVariable)
    SetVariablePack                          0x00001841   Thumb Code   232  flash.o(.text.SetVariablePack)
    SystemInit                               0x00001935   Thumb Code     8  system_mg32x02z.o(.text.SystemInit)
    TIM00_Callback                           0x00001945   Thumb Code   120  timers.o(.text.TIM00_Callback)
    TIM_Config                               0x000019d5   Thumb Code   268  timers.o(.text.TIM_Config)
    TM0x_IRQHandler                          0x00001aed   Thumb Code    72  timers.o(.text.TM0x_IRQHandler)
    TM10_IRQHandler                          0x00001b45   Thumb Code    52  timers.o(.text.TM10_IRQHandler)
    TM1x_IRQHandler                          0x00001b81   Thumb Code    48  timers.o(.text.TM1x_IRQHandler)
    TM3x_IRQHandler                          0x00001bb5   Thumb Code   112  timers.o(.text.TM3x_IRQHandler)
    TM_ClearFlag                             0x00001c49   Thumb Code     4  mg32x02z_tm_drv.o(.text.TM_ClearFlag)
    TM_ITEA_Cmd                              0x00001c4d   Thumb Code    16  mg32x02z_tm_drv.o(.text.TM_ITEA_Cmd)
    TM_IT_Config                             0x00001c5d   Thumb Code    20  mg32x02z_tm_drv.o(.text.TM_IT_Config)
    TM_TimeBaseStruct_Init                   0x00001c71   Thumb Code    20  mg32x02z_tm_drv.o(.text.TM_TimeBaseStruct_Init)
    TM_TimeBase_Init                         0x00001c85   Thumb Code   122  mg32x02z_tm_drv.o(.text.TM_TimeBase_Init)
    TM_Timer_Cmd                             0x00001cff   Thumb Code    22  mg32x02z_tm_drv.o(.text.TM_Timer_Cmd)
    URT0_IRQHandler                          0x00001d15   Thumb Code    18  usart.o(.text.URT0_IRQHandler)
    URT_ClearITFlag                          0x00001d27   Thumb Code     8  mg32x02z_urt_drv.o(.text.URT_ClearITFlag)
    URT_Cmd                                  0x00001d2f   Thumb Code    12  mg32x02z_urt_drv.o(.text.URT_Cmd)
    URT_GetRXData                            0x00001d3b   Thumb Code     4  mg32x02z_urt_drv.o(.text.URT_GetRXData)
    URT_ITEA_Cmd                             0x00001d3f   Thumb Code    12  mg32x02z_urt_drv.o(.text.URT_ITEA_Cmd)
    URT_IT_Config                            0x00001d4b   Thumb Code    12  mg32x02z_urt_drv.o(.text.URT_IT_Config)
    URT_Print                                0x00001d57   Thumb Code    54  usart.o(.text.URT_Print)
    URT_SetTXData                            0x00001d8d   Thumb Code    50  mg32x02z_urt_drv.o(.text.URT_SetTXData)
    USART_Config                             0x00001dc1   Thumb Code   100  usart.o(.text.USART_Config)
    UnProtectModuleReg                       0x00001e3d   Thumb Code     8  mg32x02z__common_drv.o(.text.UnProtectModuleReg)
    WDT_Config                               0x00001e49   Thumb Code    28  wdt.o(.text.WDT_Config)
    body                                     0x00001e69   Thumb Code  2112  md5.o(.text.body)
    getEvent                                 0x00002749   Thumb Code    36  buffer.o(.text.getEvent)
    hAccessToSleep                           0x0000276d   Thumb Code     8  skud_algo.o(.text.hAccessToSleep)
    hDoorClosedNoAccess                      0x00002779   Thumb Code    32  skud_algo.o(.text.hDoorClosedNoAccess)
    hDoorOpenedNoAccess                      0x00002799   Thumb Code    32  skud_algo.o(.text.hDoorOpenedNoAccess)
    hIndicationStop                          0x000027b9   Thumb Code    24  skud_algo.o(.text.hIndicationStop)
    hParseBusMessage                         0x000027d1   Thumb Code     8  skud_algo.o(.text.hParseBusMessage)
    hReadingKeyResume                        0x000027d9   Thumb Code    60  skud_algo.o(.text.hReadingKeyResume)
    hReadingKeySuspend                       0x00002819   Thumb Code    56  skud_algo.o(.text.hReadingKeySuspend)
    hSendAlarmEvent                          0x00002851   Thumb Code    16  skud_algo.o(.text.hSendAlarmEvent)
    hSleepToWaiting                          0x00002865   Thumb Code    64  skud_algo.o(.text.hSleepToWaiting)
    hWaitingToAccess                         0x000028a5   Thumb Code    84  skud_algo.o(.text.hWaitingToAccess)
    main                                     0x00002921   Thumb Code    72  main.o(.text.main)
    putEvent                                 0x0000296d   Thumb Code    44  buffer.o(.text.putEvent)
    wdt_enable                               0x0000299d   Thumb Code    32  wdt.o(.text.wdt_enable)
    wdt_reset                                0x000029c1   Thumb Code     8  wdt.o(.text.wdt_reset)
    __0printf$5                              0x000029c9   Thumb Code    24  printf5.o(i.__0printf$5)
    __1printf$5                              0x000029c9   Thumb Code     0  printf5.o(i.__0printf$5)
    __2printf                                0x000029c9   Thumb Code     0  printf5.o(i.__0printf$5)
    __scatterload_copy                       0x000029e9   Thumb Code    14  handlers.o(i.__scatterload_copy)
    __scatterload_null                       0x000029f7   Thumb Code     2  handlers.o(i.__scatterload_null)
    __scatterload_zeroinit                   0x000029f9   Thumb Code    14  handlers.o(i.__scatterload_zeroinit)
    fputc                                    0x00002ce5   Thumb Code    18  fputc.o(i.fputc)
    Region$$Table$$Base                      0x00002e2c   Number         0  anon$$obj.o(Region$$Table)
    Region$$Table$$Limit                     0x00002e4c   Number         0  anon$$obj.o(Region$$Table)
    __stdout                                 0x20000000   Data           4  stdout.o(.data)
    ActiveKeys                               0x20000004   Data           6  variables.o(.data.ActiveKeys)
    BuzzerOffTime                            0x2000000a   Data           6  variables.o(.data.BuzzerOffTime)
    FSMTable                                 0x20000010   Data         192  skud_algo.o(.data.FSMTable)
    FlashResourse                            0x200000d0   Data           6  variables.o(.data.FlashResourse)
    FreeAccess                               0x200000d6   Data           6  variables.o(.data.FreeAccess)
    GerkonFiltTime                           0x200000dc   Data           6  variables.o(.data.GerkonFiltTime)
    MasterSlave                              0x200000e2   Data           6  variables.o(.data.MasterSlave)
    MessageLenArr                            0x200000e8   Data           4  bus.o(.data.MessageLenArr)
    ReactivateAlarmTime                      0x200000ec   Data           6  variables.o(.data.ReactivateAlarmTime)
    SendAlarmTime                            0x200000f2   Data           6  variables.o(.data.SendAlarmTime)
    SendOfflineEvents                        0x200000f8   Data           6  variables.o(.data.SendOfflineEvents)
    SystemCoreClock                          0x20000100   Data           4  system_mg32x02z.o(.data.SystemCoreClock)
    TotalKeys                                0x20000104   Data           6  variables.o(.data.TotalKeys)
    alarmTimeoutMax                          0x2000010c   Data           4  skud_algo.o(.data.alarmTimeoutMax)
    eBuf                                     0x20000110   Data           8  buffer.o(.data.eBuf)
    eventAccess                              0x20000118   Data           6  events.o(.data.eventAccess)
    eventAlarm                               0x2000011e   Data           6  events.o(.data.eventAlarm)
    events                                   0x20000124   Data          12  events.o(.data.events)
    gerkonFilterMax                          0x20000130   Data           1  skud_algo.o(.data.gerkonFilterMax)
    indicSpeed                               0x20000131   Data           1  skud_algo.o(.data.indicSpeed)
    indicTimeCnt                             0x20000134   Data           4  skud_algo.o(.data.indicTimeCnt)
    indicTimeMax                             0x20000138   Data           4  skud_algo.o(.data.indicTimeMax)
    indicWaitMax                             0x2000013c   Data           1  skud_algo.o(.data.indicWaitMax)
    indicationPhase                          0x2000013d   Data           1  skud_algo.o(.data.indicationPhase)
    key1                                     0x2000013e   Data           8  keys.o(.data.key1)
    protectionDelayMax                       0x20000146   Data           2  skud_algo.o(.data.protectionDelayMax)
    variables                                0x20000148   Data          40  variables.o(.data.variables)
    CommandSize                              0x20000170   Data           1  bus.o(.bss.CommandSize)
    KeyEncrypted                             0x20000194   Data          16  keys.o(.bss.KeyEncrypted)
    KeyRaw                                   0x200001a4   Data           8  keys.o(.bss.KeyRaw)
    MessLen                                  0x200001ac   Data           1  bus.o(.bss.MessLen)
    RecBytes                                 0x200001ad   Data          30  bus.o(.bss.RecBytes)
    alarmTimeoutCnt                          0x200001cc   Data           4  skud_algo.o(.bss.alarmTimeoutCnt)
    buzzerMuted                              0x200001d0   Data           1  skud_algo.o(.bss.buzzerMuted)
    currentState                             0x200001d1   Data           1  skud_algo.o(.bss.currentState)
    eventDoor                                0x200001d2   Data           6  events.o(.bss.eventDoor)
    fpage                                    0x200001d8   Data        1024  flash.o(.bss.fpage)
    gerkonFilterCnt                          0x200005d8   Data           1  skud_algo.o(.bss.gerkonFilterCnt)
    gerkonState                              0x200005d9   Data           1  skud_algo.o(.bss.gerkonState)
    indicWaitCnt                             0x200005da   Data           1  skud_algo.o(.bss.indicWaitCnt)
    iptr                                     0x200005db   Data           1  bus.o(.bss.iptr)
    oldGerkonState                           0x200005dc   Data           1  skud_algo.o(.bss.oldGerkonState)
    operStatus                               0x200005e0   Data           4  bus.o(.bss.operStatus)
    parsingStatus                            0x200005e4   Data           1  bus.o(.bss.parsingStatus)
    protectionDelayCnt                       0x200005e6   Data           2  skud_algo.o(.bss.protectionDelayCnt)
    usUsart                                  0x200005e8   Data           1  bus.o(.bss.usUsart)
    __initial_sp                             0x200009f0   Data           0  startup_mg32x02z.o(STACK)



==============================================================================

Memory Map of the image

  Image Entry point : 0x000000db

  Load Region LR_1 (Base: 0x00000000, Size: 0x00002fbc, Max: 0xffffffff, ABSOLUTE, COMPRESSED[0x00002f10])

    Execution Region ER_RO (Exec base: 0x00000000, Load base: 0x00000000, Size: 0x00002e4c, Max: 0xffffffff, ABSOLUTE)

    Exec Addr    Load Addr    Size         Type   Attr      Idx    E Section Name        Object

    0x00000000   0x00000000   0x000000c0   Data   RO          414    RESET               startup_mg32x02z.o
    0x000000c0   0x000000c0   0x00000000   Code   RO         2071  * .ARM.Collect$$$$00000000  mc_p.l(entry.o)
    0x000000c0   0x000000c0   0x00000004   Code   RO         2349    .ARM.Collect$$$$00000001  mc_p.l(entry2.o)
    0x000000c4   0x000000c4   0x00000004   Code   RO         2352    .ARM.Collect$$$$00000004  mc_p.l(entry5.o)
    0x000000c8   0x000000c8   0x00000000   Code   RO         2354    .ARM.Collect$$$$00000008  mc_p.l(entry7b.o)
    0x000000c8   0x000000c8   0x00000000   Code   RO         2356    .ARM.Collect$$$$0000000A  mc_p.l(entry8b.o)
    0x000000c8   0x000000c8   0x00000008   Code   RO         2357    .ARM.Collect$$$$0000000B  mc_p.l(entry9a.o)
    0x000000d0   0x000000d0   0x00000000   Code   RO         2359    .ARM.Collect$$$$0000000D  mc_p.l(entry10a.o)
    0x000000d0   0x000000d0   0x00000000   Code   RO         2361    .ARM.Collect$$$$0000000F  mc_p.l(entry11a.o)
    0x000000d0   0x000000d0   0x00000004   Code   RO         2350    .ARM.Collect$$$$00002712  mc_p.l(entry2.o)
    0x000000d4   0x000000d4   0x0000003c   Code   RO          415  * .text               startup_mg32x02z.o
    0x00000110   0x00000110   0x00000024   Code   RO         2080    .text               mc_p.l(memcpya.o)
    0x00000134   0x00000134   0x00000024   Code   RO         2082    .text               mc_p.l(memseta.o)
    0x00000158   0x00000158   0x0000001a   Code   RO         2084    .text               mc_p.l(memcmp.o)
    0x00000172   0x00000172   0x0000003e   Code   RO         2372    .text               mc_p.l(uidiv_div0.o)
    0x000001b0   0x000001b0   0x00000060   Code   RO         2378    .text               mc_p.l(uldiv.o)
    0x00000210   0x00000210   0x00000024   Code   RO         2391    .text               mc_p.l(init.o)
    0x00000234   0x00000234   0x00000000   Code   RO         2393    .text               mc_p.l(semi.o)
    0x00000234   0x00000234   0x00000020   Code   RO         2394    .text               mc_p.l(llshl.o)
    0x00000254   0x00000254   0x00000022   Code   RO         2396    .text               mc_p.l(llushr.o)
    0x00000276   0x00000276   0x00000000   Code   RO         2400    .text               mc_p.l(iusesemip.o)
    0x00000276   0x00000276   0x0000003a   Code   RO         2413    .text               mc_p.l(__dczerorl.o)
    0x000002b0   0x000002b0   0x000000a0   Code   RO          233    .text.ActivateKey   flash.o
    0x00000350   0x00000350   0x00000130   Code   RO          215    .text.AddKey        flash.o
    0x00000480   0x00000480   0x00000060   Code   RO           11    .text.Bus_AddNewByte  bus.o
    0x000004e0   0x000004e0   0x00000024   Code   RO           25    .text.Bus_ClearBuffer  bus.o
    0x00000504   0x00000504   0x00000068   Code   RO           13    .text.Bus_ParseMessage  bus.o
    0x0000056c   0x0000056c   0x000000b8   Code   RO           19    .text.Bus_ParseReadRequest  bus.o
    0x00000624   0x00000624   0x00000088   Code   RO           17    .text.Bus_ParseWriteRequest24  bus.o
    0x000006ac   0x000006ac   0x000000ac   Code   RO           15    .text.Bus_ParseWriteRequest9  bus.o
    0x00000758   0x00000758   0x00000028   Code   RO           72    .text.CRCisWrong    crc.o
    0x00000780   0x00000780   0x00000008   Code   RO          781    .text.CSC_ClearFlag  mg32x02z_csc_drv.o
    0x00000788   0x00000788   0x00000010   Code   RO          771    .text.CSC_GetClockSourceState  mg32x02z_csc_drv.o
    0x00000798   0x00000798   0x00000014   Code   RO          723    .text.CSC_IHRCO_Cmd  mg32x02z_csc_drv.o
    0x000007ac   0x000007ac   0x00000278   Code   RO          395    .text.CSC_Init      mg32x02z_csc_init.o
    0x00000a24   0x00000a24   0x00000014   Code   RO          405    .text.ChipInit      mg32x02z_chipinit.o
    0x00000a38   0x00000a38   0x00000040   Code   RO          273    .text.DS1990A_GetKeyID  ibutton.o
    0x00000a78   0x00000a78   0x00000108   Code   RO          237    .text.DoCommand     flash.o
    0x00000b80   0x00000b80   0x00000020   Code   RO           70    .text.Do_CRC        crc.o
    0x00000ba0   0x00000ba0   0x00000188   Code   RO          217    .text.FlashFirstInit  flash.o
    0x00000d28   0x00000d28   0x00000280   Code   RO          119    .text.GPIO_Config   gpio.o
    0x00000fa8   0x00000fa8   0x00000018   Code   RO          931    .text.GPIO_PinFunction_Select  mg32x02z_gpio_drv.o
    0x00000fc0   0x00000fc0   0x00000010   Code   RO          921    .text.GPIO_PinHighSpeedMode_Cmd  mg32x02z_gpio_drv.o
    0x00000fd0   0x00000fd0   0x00000012   Code   RO          929    .text.GPIO_PinInFilterDivider_Select  mg32x02z_gpio_drv.o
    0x00000fe2   0x00000fe2   0x0000000e   Code   RO          925    .text.GPIO_PinInverse_Cmd  mg32x02z_gpio_drv.o
    0x00000ff0   0x00000ff0   0x00000012   Code   RO          919    .text.GPIO_PinMode_Select  mg32x02z_gpio_drv.o
    0x00001002   0x00001002   0x00000012   Code   RO          927    .text.GPIO_PinOutputDrive_Select  mg32x02z_gpio_drv.o
    0x00001014   0x00001014   0x00000010   Code   RO          923    .text.GPIO_PinPUResister_Cmd  mg32x02z_gpio_drv.o
    0x00001024   0x00001024   0x00000018   Code   RO          221    .text.GetVariable   flash.o
    0x0000103c   0x0000103c   0x00000038   Code   RO          184    .text.HandleEvent   skud_algo.o
    0x00001074   0x00001074   0x00000148   Code   RO          426    .text.HardFault_Handler_C  system_mg32x02z.o
    0x000011bc   0x000011bc   0x00000016   Code   RO          361    .text.IAP_CopyFromIAPToRAM  iap.o
    0x000011d2   0x000011d2   0x00000002   PAD
    0x000011d4   0x000011d4   0x00000084   Code   RO          343    .text.IAP_Erase_OnePage  iap.o
    0x00001258   0x00001258   0x00000038   Code   RO          341    .text.IAP_Init      iap.o
    0x00001290   0x00001290   0x00000012   Code   RO          363    .text.IAP_IsEqualToRAM  iap.o
    0x000012a2   0x000012a2   0x00000002   PAD
    0x000012a4   0x000012a4   0x000000c0   Code   RO          359    .text.IAP_Multiple_Write  iap.o
    0x00001364   0x00001364   0x0000000c   Code   RO          349    .text.IAP_ReadByte  iap.o
    0x00001370   0x00001370   0x0000000e   Code   RO          351    .text.IAP_ReadWord  iap.o
    0x0000137e   0x0000137e   0x00000018   Code   RO          357    .text.IAP_WriteMultipleWord  iap.o
    0x00001396   0x00001396   0x00000002   PAD
    0x00001398   0x00001398   0x000000a0   Code   RO          353    .text.IAP_WriteSingleWord  iap.o
    0x00001438   0x00001438   0x00000018   Code   RO         1077    .text.IWDT_Cmd      mg32x02z_iwdt_drv.o
    0x00001450   0x00001450   0x00000014   Code   RO         1069    .text.IWDT_Divider_Select  mg32x02z_iwdt_drv.o
    0x00001464   0x00001464   0x00000010   Code   RO         1073    .text.IWDT_RefreshCounter  mg32x02z_iwdt_drv.o
    0x00001474   0x00001474   0x00000068   Code   RO          186    .text.IsKeyActive   skud_algo.o
    0x000014dc   0x000014dc   0x000000be   Code   RO          326    .text.MD5_Final     md5.o
    0x0000159a   0x0000159a   0x00000002   PAD
    0x0000159c   0x0000159c   0x0000007c   Code   RO          328    .text.MD5_MakeHash  md5.o
    0x00001618   0x00001618   0x0000006c   Code   RO         1141    .text.MEM_SetIAPSize  mg32x02z_mem_drv.o
    0x00001684   0x00001684   0x00000058   Code   RO          310    .text.OneWire_Read  onewire.o
    0x000016dc   0x000016dc   0x0000000c   Code   RO          304    .text.OneWire_SetDirection  onewire.o
    0x000016e8   0x000016e8   0x00000050   Code   RO          306    .text.OneWire_Start  onewire.o
    0x00001738   0x00001738   0x00000074   Code   RO          308    .text.OneWire_Write  onewire.o
    0x000017ac   0x000017ac   0x00000008   Code   RO         2057    .text.ProtectModuleReg  mg32x02z__common_drv.o
    0x000017b4   0x000017b4   0x00000018   Code   RO         1229    .text.RST_CRstSource_Config  mg32x02z_rst_drv.o
    0x000017cc   0x000017cc   0x00000074   Code   RO          223    .text.SetVariable   flash.o
    0x00001840   0x00001840   0x000000f4   Code   RO          231    .text.SetVariablePack  flash.o
    0x00001934   0x00001934   0x00000010   Code   RO          424    .text.SystemInit    system_mg32x02z.o
    0x00001944   0x00001944   0x00000090   Code   RO           43    .text.TIM00_Callback  timers.o
    0x000019d4   0x000019d4   0x00000118   Code   RO           53    .text.TIM_Config    timers.o
    0x00001aec   0x00001aec   0x00000058   Code   RO           55    .text.TM0x_IRQHandler  timers.o
    0x00001b44   0x00001b44   0x0000003c   Code   RO           57    .text.TM10_IRQHandler  timers.o
    0x00001b80   0x00001b80   0x00000034   Code   RO           59    .text.TM1x_IRQHandler  timers.o
    0x00001bb4   0x00001bb4   0x00000094   Code   RO           61    .text.TM3x_IRQHandler  timers.o
    0x00001c48   0x00001c48   0x00000004   Code   RO         1751    .text.TM_ClearFlag  mg32x02z_tm_drv.o
    0x00001c4c   0x00001c4c   0x00000010   Code   RO         1745    .text.TM_ITEA_Cmd   mg32x02z_tm_drv.o
    0x00001c5c   0x00001c5c   0x00000014   Code   RO         1743    .text.TM_IT_Config  mg32x02z_tm_drv.o
    0x00001c70   0x00001c70   0x00000014   Code   RO         1443    .text.TM_TimeBaseStruct_Init  mg32x02z_tm_drv.o
    0x00001c84   0x00001c84   0x0000007a   Code   RO         1445    .text.TM_TimeBase_Init  mg32x02z_tm_drv.o
    0x00001cfe   0x00001cfe   0x00000016   Code   RO         1481    .text.TM_Timer_Cmd  mg32x02z_tm_drv.o
    0x00001d14   0x00001d14   0x00000012   Code   RO           99    .text.URT0_IRQHandler  usart.o
    0x00001d26   0x00001d26   0x00000008   Code   RO         1785    .text.URT_ClearITFlag  mg32x02z_urt_drv.o
    0x00001d2e   0x00001d2e   0x0000000c   Code   RO         1821    .text.URT_Cmd       mg32x02z_urt_drv.o
    0x00001d3a   0x00001d3a   0x00000004   Code   RO         1899    .text.URT_GetRXData  mg32x02z_urt_drv.o
    0x00001d3e   0x00001d3e   0x0000000c   Code   RO         1779    .text.URT_ITEA_Cmd  mg32x02z_urt_drv.o
    0x00001d4a   0x00001d4a   0x0000000c   Code   RO         1775    .text.URT_IT_Config  mg32x02z_urt_drv.o
    0x00001d56   0x00001d56   0x00000036   Code   RO           91    .text.URT_Print     usart.o
    0x00001d8c   0x00001d8c   0x00000032   Code   RO         1935    .text.URT_SetTXData  mg32x02z_urt_drv.o
    0x00001dbe   0x00001dbe   0x00000002   PAD
    0x00001dc0   0x00001dc0   0x0000007c   Code   RO           97    .text.USART_Config  usart.o
    0x00001e3c   0x00001e3c   0x0000000c   Code   RO         2059    .text.UnProtectModuleReg  mg32x02z__common_drv.o
    0x00001e48   0x00001e48   0x00000020   Code   RO          373    .text.WDT_Config    wdt.o
    0x00001e68   0x00001e68   0x000008e0   Code   RO          320    .text.body          md5.o
    0x00002748   0x00002748   0x00000024   Code   RO          290    .text.getEvent      buffer.o
    0x0000276c   0x0000276c   0x0000000c   Code   RO          168    .text.hAccessToSleep  skud_algo.o
    0x00002778   0x00002778   0x00000020   Code   RO          174    .text.hDoorClosedNoAccess  skud_algo.o
    0x00002798   0x00002798   0x00000020   Code   RO          176    .text.hDoorOpenedNoAccess  skud_algo.o
    0x000027b8   0x000027b8   0x00000018   Code   RO          180    .text.hIndicationStop  skud_algo.o
    0x000027d0   0x000027d0   0x00000008   Code   RO          182    .text.hParseBusMessage  skud_algo.o
    0x000027d8   0x000027d8   0x00000040   Code   RO          172    .text.hReadingKeyResume  skud_algo.o
    0x00002818   0x00002818   0x00000038   Code   RO          170    .text.hReadingKeySuspend  skud_algo.o
    0x00002850   0x00002850   0x00000014   Code   RO          178    .text.hSendAlarmEvent  skud_algo.o
    0x00002864   0x00002864   0x00000040   Code   RO          164    .text.hSleepToWaiting  skud_algo.o
    0x000028a4   0x000028a4   0x0000007c   Code   RO          166    .text.hWaitingToAccess  skud_algo.o
    0x00002920   0x00002920   0x0000004c   Code   RO            2    .text.main          main.o
    0x0000296c   0x0000296c   0x00000030   Code   RO          292    .text.putEvent      buffer.o
    0x0000299c   0x0000299c   0x00000024   Code   RO          375    .text.wdt_enable    wdt.o
    0x000029c0   0x000029c0   0x00000008   Code   RO          377    .text.wdt_reset     wdt.o
    0x000029c8   0x000029c8   0x00000020   Code   RO         2221    i.__0printf$5       mc_p.l(printf5.o)
    0x000029e8   0x000029e8   0x0000000e   Code   RO         2407    i.__scatterload_copy  mc_p.l(handlers.o)
    0x000029f6   0x000029f6   0x00000002   Code   RO         2408    i.__scatterload_null  mc_p.l(handlers.o)
    0x000029f8   0x000029f8   0x0000000e   Code   RO         2409    i.__scatterload_zeroinit  mc_p.l(handlers.o)
    0x00002a06   0x00002a06   0x00000002   PAD
    0x00002a08   0x00002a08   0x000002dc   Code   RO         2228    i._printf_core      mc_p.l(printf5.o)
    0x00002ce4   0x00002ce4   0x00000012   Code   RO         2363    i.fputc             mc_p.l(fputc.o)
    0x00002cf6   0x00002cf6   0x00000100   Data   RO           74    .rodata.CRC_Table   crc.o
    0x00002df6   0x00002df6   0x00000033   Data   RO          437    .rodata.str1.1      system_mg32x02z.o
    0x00002e29   0x00002e29   0x00000003   PAD
    0x00002e2c   0x00002e2c   0x00000020   Data   RO         2406    Region$$Table       anon$$obj.o


    Execution Region ER_RW (Exec base: 0x20000000, Load base: 0x00002e4c, Size: 0x00000170, Max: 0xffffffff, ABSOLUTE, COMPRESSED[0x000000c4])

    Exec Addr    Load Addr    Size         Type   Attr      Idx    E Section Name        Object

    0x20000000   COMPRESSED   0x00000004   Data   RW         2367    .data               mc_p.l(stdout.o)
    0x20000004   COMPRESSED   0x00000006   Data   RW          265    .data.ActiveKeys    variables.o
    0x2000000a   COMPRESSED   0x00000006   Data   RW          260    .data.BuzzerOffTime  variables.o
    0x20000010   COMPRESSED   0x000000c0   Data   RW          204    .data.FSMTable      skud_algo.o
    0x200000d0   COMPRESSED   0x00000006   Data   RW          266    .data.FlashResourse  variables.o
    0x200000d6   COMPRESSED   0x00000006   Data   RW          262    .data.FreeAccess    variables.o
    0x200000dc   COMPRESSED   0x00000006   Data   RW          257    .data.GerkonFiltTime  variables.o
    0x200000e2   COMPRESSED   0x00000006   Data   RW          263    .data.MasterSlave   variables.o
    0x200000e8   COMPRESSED   0x00000004   Data   RW           29    .data.MessageLenArr  bus.o
    0x200000ec   COMPRESSED   0x00000006   Data   RW          259    .data.ReactivateAlarmTime  variables.o
    0x200000f2   COMPRESSED   0x00000006   Data   RW          258    .data.SendAlarmTime  variables.o
    0x200000f8   COMPRESSED   0x00000006   Data   RW          261    .data.SendOfflineEvents  variables.o
    0x200000fe   COMPRESSED   0x00000002   PAD
    0x20000100   COMPRESSED   0x00000004   Data   RW          428    .data.SystemCoreClock  system_mg32x02z.o
    0x20000104   COMPRESSED   0x00000006   Data   RW          264    .data.TotalKeys     variables.o
    0x2000010a   COMPRESSED   0x00000002   PAD
    0x2000010c   COMPRESSED   0x00000004   Data   RW          197    .data.alarmTimeoutMax  skud_algo.o
    0x20000110   COMPRESSED   0x00000008   Data   RW          294    .data.eBuf          buffer.o
    0x20000118   COMPRESSED   0x00000006   Data   RW          249    .data.eventAccess   events.o
    0x2000011e   COMPRESSED   0x00000006   Data   RW          250    .data.eventAlarm    events.o
    0x20000124   COMPRESSED   0x0000000c   Data   RW          251    .data.events        events.o
    0x20000130   COMPRESSED   0x00000001   Data   RW          199    .data.gerkonFilterMax  skud_algo.o
    0x20000131   COMPRESSED   0x00000001   Data   RW          193    .data.indicSpeed    skud_algo.o
    0x20000132   COMPRESSED   0x00000002   PAD
    0x20000134   COMPRESSED   0x00000004   Data   RW          191    .data.indicTimeCnt  skud_algo.o
    0x20000138   COMPRESSED   0x00000004   Data   RW          192    .data.indicTimeMax  skud_algo.o
    0x2000013c   COMPRESSED   0x00000001   Data   RW          190    .data.indicWaitMax  skud_algo.o
    0x2000013d   COMPRESSED   0x00000001   Data   RW          195    .data.indicationPhase  skud_algo.o
    0x2000013e   COMPRESSED   0x00000008   Data   RW          129    .data.key1          keys.o
    0x20000146   COMPRESSED   0x00000002   Data   RW          203    .data.protectionDelayMax  skud_algo.o
    0x20000148   COMPRESSED   0x00000028   Data   RW          267    .data.variables     variables.o


    Execution Region ER_ZI (Exec base: 0x20000170, Load base: 0x00002f10, Size: 0x00000880, Max: 0xffffffff, ABSOLUTE)

    Exec Addr    Load Addr    Size         Type   Attr      Idx    E Section Name        Object

    0x20000170        -       0x00000001   Zero   RW           30    .bss.CommandSize    bus.o
    0x20000171   0x00002f10   0x00000003   PAD
    0x20000174        -       0x00000004   Zero   RW          434    .bss.HardFault_Handler_C.stacked_lr  system_mg32x02z.o
    0x20000178        -       0x00000004   Zero   RW          435    .bss.HardFault_Handler_C.stacked_pc  system_mg32x02z.o
    0x2000017c        -       0x00000004   Zero   RW          436    .bss.HardFault_Handler_C.stacked_psr  system_mg32x02z.o
    0x20000180        -       0x00000004   Zero   RW          429    .bss.HardFault_Handler_C.stacked_r0  system_mg32x02z.o
    0x20000184        -       0x00000004   Zero   RW          430    .bss.HardFault_Handler_C.stacked_r1  system_mg32x02z.o
    0x20000188        -       0x00000004   Zero   RW          433    .bss.HardFault_Handler_C.stacked_r12  system_mg32x02z.o
    0x2000018c        -       0x00000004   Zero   RW          431    .bss.HardFault_Handler_C.stacked_r2  system_mg32x02z.o
    0x20000190        -       0x00000004   Zero   RW          432    .bss.HardFault_Handler_C.stacked_r3  system_mg32x02z.o
    0x20000194        -       0x00000010   Zero   RW          139    .bss.KeyEncrypted   keys.o
    0x200001a4        -       0x00000008   Zero   RW          140    .bss.KeyRaw         keys.o
    0x200001ac        -       0x00000001   Zero   RW           28    .bss.MessLen        bus.o
    0x200001ad        -       0x0000001e   Zero   RW           33    .bss.RecBytes       bus.o
    0x200001cb   0x00002f10   0x00000001   PAD
    0x200001cc        -       0x00000004   Zero   RW          196    .bss.alarmTimeoutCnt  skud_algo.o
    0x200001d0        -       0x00000001   Zero   RW          194    .bss.buzzerMuted    skud_algo.o
    0x200001d1        -       0x00000001   Zero   RW          188    .bss.currentState   skud_algo.o
    0x200001d2        -       0x00000006   Zero   RW          248    .bss.eventDoor      events.o
    0x200001d8        -       0x00000400   Zero   RW          239    .bss.fpage          flash.o
    0x200005d8        -       0x00000001   Zero   RW          198    .bss.gerkonFilterCnt  skud_algo.o
    0x200005d9        -       0x00000001   Zero   RW          201    .bss.gerkonState    skud_algo.o
    0x200005da        -       0x00000001   Zero   RW          189    .bss.indicWaitCnt   skud_algo.o
    0x200005db        -       0x00000001   Zero   RW           27    .bss.iptr           bus.o
    0x200005dc        -       0x00000001   Zero   RW          200    .bss.oldGerkonState  skud_algo.o
    0x200005dd   0x00002f10   0x00000003   PAD
    0x200005e0        -       0x00000004   Zero   RW           34    .bss.operStatus     bus.o
    0x200005e4        -       0x00000001   Zero   RW           32    .bss.parsingStatus  bus.o
    0x200005e5   0x00002f10   0x00000001   PAD
    0x200005e6        -       0x00000002   Zero   RW          202    .bss.protectionDelayCnt  skud_algo.o
    0x200005e8        -       0x00000001   Zero   RW           31    .bss.usUsart        bus.o
    0x200005e9   0x00002f10   0x00000007   PAD
    0x200005f0        -       0x00000400   Zero   RW          412    STACK               startup_mg32x02z.o


==============================================================================

Image component sizes


      Code (inc. data)   RO Data    RW Data    ZI Data      Debug   Object Name

        84          4          0          8          0       1878   buffer.o
       728         40          0          4         39       9646   bus.o
        72          8        256          0          0       1519   crc.o
         0          0          0         24          6        746   events.o
      1504         68          0          0       1024       7503   flash.o
       640         12          0          0          0       3692   gpio.o
       630         20          0          0          0      11669   iap.o
        64          4          0          0          0        626   ibutton.o
         0          0          0          8         24        700   keys.o
        76          4          0          0          0      13937   main.o
      2586        272          0          0          0       7197   md5.o
        20          4          0          0          0       4999   mg32x02z__common_drv.o
        20          4          0          0          0       1394   mg32x02z_chipinit.o
        44          4          0          0          0      16623   mg32x02z_csc_drv.o
       632         32          0          0          0       8995   mg32x02z_csc_init.o
       124          4          0          0          0       8995   mg32x02z_gpio_drv.o
        60         16          0          0          0       4202   mg32x02z_iwdt_drv.o
       108          4          0          0          0      13535   mg32x02z_mem_drv.o
        24          4          0          0          0       6360   mg32x02z_rst_drv.o
       204          0          0          0          0      40705   mg32x02z_tm_drv.o
        98          4          0          0          0      32193   mg32x02z_urt_drv.o
       296          8          0          0          0       3492   onewire.o
       596         72          0        210         12      12165   skud_algo.o
        60         12        192          0       1024        680   startup_mg32x02z.o
       344        196         51          4         32       1666   system_mg32x02z.o
       772        100          0          0          0      19509   timers.o
       196         24          0          0          0      10925   usart.o
         0          0          0        100          0        969   variables.o
        76          8          0          0          0       2172   wdt.o

    ----------------------------------------------------------------------
     10068        928        534        364       2176     248692   Object Totals
         0          0         32          0          0          0   (incl. Generated)
        10          0          3          6         15          0   (incl. Padding)

    ----------------------------------------------------------------------

      Code (inc. data)   RO Data    RW Data    ZI Data      Debug   Library Member Name

        58          0          0          0          0          0   __dczerorl.o
         0          0          0          0          0          0   entry.o
         0          0          0          0          0          0   entry10a.o
         0          0          0          0          0          0   entry11a.o
         8          4          0          0          0          0   entry2.o
         4          0          0          0          0          0   entry5.o
         0          0          0          0          0          0   entry7b.o
         0          0          0          0          0          0   entry8b.o
         8          4          0          0          0          0   entry9a.o
        18          0          0          0          0         72   fputc.o
        30          0          0          0          0          0   handlers.o
        36          8          0          0          0         68   init.o
         0          0          0          0          0          0   iusesemip.o
        32          0          0          0          0         68   llshl.o
        34          0          0          0          0         68   llushr.o
        26          0          0          0          0         72   memcmp.o
        36          0          0          0          0         60   memcpya.o
        36          0          0          0          0        100   memseta.o
       764         52          0          0          0        168   printf5.o
         0          0          0          0          0          0   semi.o
         0          0          0          4          0          0   stdout.o
        62          0          0          0          0         72   uidiv_div0.o
        96          0          0          0          0         84   uldiv.o

    ----------------------------------------------------------------------
      1250         68          0          4          0        832   Library Totals
         2          0          0          0          0          0   (incl. Padding)

    ----------------------------------------------------------------------

      Code (inc. data)   RO Data    RW Data    ZI Data      Debug   Library Name

      1248         68          0          4          0        832   mc_p.l

    ----------------------------------------------------------------------
      1250         68          0          4          0        832   Library Totals

    ----------------------------------------------------------------------

==============================================================================


      Code (inc. data)   RO Data    RW Data    ZI Data      Debug   

     11318        996        534        368       2176     248916   Grand Totals
     11318        996        534        196       2176     248916   ELF Image Totals (compressed)
     11318        996        534        196          0          0   ROM Totals

==============================================================================

    Total RO  Size (Code + RO Data)                11852 (  11.57kB)
    Total RW  Size (RW Data + ZI Data)              2544 (   2.48kB)
    Total ROM Size (Code + RO Data + RW Data)      12048 (  11.77kB)

==============================================================================

